node.exe : ts-jest[config] (WARN) 
At line:1 char:1
+ & "C:\Program Files\nodejs/node.exe" "C:\Program Files\nodejs/node_mo ...
+ ~~~~~~~~~~~~~~~~~~~~~~~~~~~~~~~~~~~~~~~~~~~~~~~~~~~~~~~~~~~~~~~~~~~~~
    + CategoryInfo          : NotSpecified: (ts-jest[config] (WARN) :String) [], RemoteException
    + FullyQualifiedErrorId : NativeCommandError
 
    The "ts-jest" config option "isolatedModules" is deprecated and will be removed in v30.0.0. Please use 
"isolatedModules: true" in C:/Users/acer/OneDrive/Desktop/Training Classes/chatbot/Rakku-chatbot-v2/tsconfig.json 
instead, see https://www.typescriptlang.org/tsconfig/#isolatedModules
  
[32m[Nest] 92692  - [39m22/06/2026, 6:26:45 pm [32m    LOG[39m [38;5;3m[LocalizationService] [39m[32mSuccessfully loaded Message Library from C:\Users\acer\OneDrive\Desktop\Training Classes\chatbot\Rakku-chatbot-v2\backend\src\chat\message_library.json[39m
[32m[Nest] 92692  - [39m22/06/2026, 6:26:45 pm [32m    LOG[39m [38;5;3m[WorkflowRegistryService] [39m[32mLoading service mappings from: C:\Users\acer\OneDrive\Desktop\Training Classes\chatbot\Rakku-chatbot-v2\shared\copilot\service-mappings.json[39m
[32m[Nest] 92692  - [39m22/06/2026, 6:26:45 pm [32m    LOG[39m [38;5;3m[WorkflowRegistryService] [39m[32mLoaded 73 service mappings successfully.[39m
[32m[Nest] 92692  - [39m22/06/2026, 6:26:45 pm [32m    LOG[39m [38;5;3m[ChatService] [39m[32mLoaded Message Library v1.0.0 from C:\Users\acer\OneDrive\Desktop\Training Classes\chatbot\Rakku-chatbot-v2\backend\src\chat\message_library.json[39m
  console.log
    [ChatService.sendMessage] Entry - message: Gomti Nagar Crossing sessionId: sess-gate-migration-1782133005612

      at ChatService.sendMessage (backend/src/chat/chat.service.ts:443:13)

  console.log
    SEND_MESSAGE STATE: {"data":{"time":"01/01/2026","location":null,"description":"lost my phone","type":"Lost Mobile / Theft"},"step":"3","citizen":{"city":"Lucknow","email":"","state":"Uttar Pradesh","pincode":"","district":"LUCKNOW","fullName":"Manoj Tiwari","latitude":null,"longitude":null,"isConfirmed":true,"addressLine1":"","addressLine2":"","mobileNumber":"9876543210"},"language":"en","workflow":"complaint","serviceType":null,"applicationData":{},"referenceNumber":"","languageSelected":true,"currentWorkflowState":"START"}

      at ChatService.sendMessage (backend/src/chat/chat.service.ts:452:13)

[32m[Nest] 92692  - [39m22/06/2026, 6:26:47 pm [32m    LOG[39m [38;5;3m[ChatService] [39m[32mForwarding message to FastAPI AI service: http://localhost:8000/chat/message[39m
  console.error
    [ChatService.sendMessage] Warning - AI Service connection failed, using local fallback: Error: Forced connection failure for testing
        at C:\Users\acer\OneDrive\Desktop\Training Classes\chatbot\Rakku-chatbot-v2\tests\release\complaint_workflow_gate.spec.ts:35:47
        at Observable.init [as _subscribe] (C:\Users\acer\OneDrive\Desktop\Training Classes\chatbot\Rakku-chatbot-v2\node_modules\rxjs\src\internal\observable\throwError.ts:123:68)
        at Observable._trySubscribe (C:\Users\acer\OneDrive\Desktop\Training Classes\chatbot\Rakku-chatbot-v2\node_modules\rxjs\src\internal\Observable.ts:235:19)
        at C:\Users\acer\OneDrive\Desktop\Training Classes\chatbot\Rakku-chatbot-v2\node_modules\rxjs\src\internal\Observable.ts:225:18
        at Object.errorContext (C:\Users\acer\OneDrive\Desktop\Training Classes\chatbot\Rakku-chatbot-v2\node_modules\rxjs\src\internal\util\errorContext.ts:29:5)
        at Observable.subscribe (C:\Users\acer\OneDrive\Desktop\Training Classes\chatbot\Rakku-chatbot-v2\node_modules\rxjs\src\internal\Observable.ts:211:5)
        at C:\Users\acer\OneDrive\Desktop\Training Classes\chatbot\Rakku-chatbot-v2\backend\node_modules\rxjs\src\internal\firstValueFrom.ts:73:12
        at new Promise (<anonymous>)
        at firstValueFrom (C:\Users\acer\OneDrive\Desktop\Training Classes\chatbot\Rakku-chatbot-v2\backend\node_modules\rxjs\src\internal\firstValueFrom.ts:58:10)
        at ChatService.sendMessage (C:\Users\acer\OneDrive\Desktop\Training Classes\chatbot\Rakku-chatbot-v2\backend\src\chat\chat.service.ts:491:44)
        at Object.<anonymous> (C:\Users\acer\OneDrive\Desktop\Training Classes\chatbot\Rakku-chatbot-v2\tests\release\complaint_workflow_gate.spec.ts:88:5)

    [0m [90m 598 |[39m       }[33m;[39m
     [90m 599 |[39m     } [36mcatch[39m (e) {
    [31m[1m>[22m[39m[90m 600 |[39m       console[33m.[39merror([32m'[ChatService.sendMessage] Warning - AI Service connection failed, using local fallback:'[39m[33m,[39m e)[33m;[39m
     [90m     |[39m               [31m[1m^[22m[39m
     [90m 601 |[39m       [36mthis[39m[33m.[39mlogger[33m.[39mwarn([32m`AI Service connection failed (${e.message}). Initializing local rule-based mock workflow engine.`[39m)[33m;[39m
     [90m 602 |[39m       [36mawait[39m [36mthis[39m[33m.[39mlogWorkflowTrace(sessionId[33m,[39m [32m'FALLBACK'[39m[33m,[39m [32m'WORKFLOW_FALLBACK_USED'[39m[33m,[39m state[33m.[39mworkflow[33m,[39m stepBefore[33m,[39m [33mString[39m(state[33m.[39mstep)[33m,[39m sanitizedMessage)[33m;[39m
     [90m 603 |[39m       [36mconst[39m localResult [33m=[39m [36mawait[39m [36mthis[39m[33m.[39mhandleLocalFallback(sanitizedMessage[33m,[39m sessionId[33m,[39m state)[33m;[39m[0m

      at ChatService.sendMessage (backend/src/chat/chat.service.ts:600:15)
      at Object.<anonymous> (tests/release/complaint_workflow_gate.spec.ts:88:5)

[33m[Nest] 92692  - [39m22/06/2026, 6:26:47 pm [33m   WARN[39m [38;5;3m[ChatService] [39m[33mAI Service connection failed (Forced connection failure for testing). Initializing local rule-based mock workflow engine.[39m
  console.log
    SHIM BEFORE: {"time":"01/01/2026","location":null,"description":"lost my phone","type":"Lost Mobile / Theft"}

      at ChatService.runComplaintWorkflow (backend/src/chat/chat.service.ts:2446:13)

  console.log
    [ChatService.sendMessage] Exit - Processed message via Fallback engine

      at ChatService.sendMessage (backend/src/chat/chat.service.ts:610:15)

  console.log
    [ChatService.sendMessage] Entry - message: English sessionId: sess-gate-optional-1782133008606

      at ChatService.sendMessage (backend/src/chat/chat.service.ts:443:13)

  console.log
    SEND_MESSAGE STATE: {"workflow":null,"step":"START","data":{},"language":"en","languageSelected":false,"citizen":{"fullName":"","mobileNumber":"","email":"","addressLine1":"","addressLine2":"","city":"","district":"","state":"Uttar Pradesh","pincode":"","latitude":null,"longitude":null,"isConfirmed":false},"currentWorkflowState":"START","serviceType":null,"applicationData":{},"referenceNumber":""}

      at ChatService.sendMessage (backend/src/chat/chat.service.ts:452:13)

[32m[Nest] 92692  - [39m22/06/2026, 6:26:48 pm [32m    LOG[39m [38;5;3m[ChatService] [39m[32mForwarding message to FastAPI AI service: http://localhost:8000/chat/message[39m
  console.error
    [ChatService.sendMessage] Warning - AI Service connection failed, using local fallback: Error: Forced connection failure for testing
        at C:\Users\acer\OneDrive\Desktop\Training Classes\chatbot\Rakku-chatbot-v2\tests\release\complaint_workflow_gate.spec.ts:35:47
        at Observable.init [as _subscribe] (C:\Users\acer\OneDrive\Desktop\Training Classes\chatbot\Rakku-chatbot-v2\node_modules\rxjs\src\internal\observable\throwError.ts:123:68)
        at Observable._trySubscribe (C:\Users\acer\OneDrive\Desktop\Training Classes\chatbot\Rakku-chatbot-v2\node_modules\rxjs\src\internal\Observable.ts:235:19)
        at C:\Users\acer\OneDrive\Desktop\Training Classes\chatbot\Rakku-chatbot-v2\node_modules\rxjs\src\internal\Observable.ts:225:18
        at Object.errorContext (C:\Users\acer\OneDrive\Desktop\Training Classes\chatbot\Rakku-chatbot-v2\node_modules\rxjs\src\internal\util\errorContext.ts:29:5)
        at Observable.subscribe (C:\Users\acer\OneDrive\Desktop\Training Classes\chatbot\Rakku-chatbot-v2\node_modules\rxjs\src\internal\Observable.ts:211:5)
        at C:\Users\acer\OneDrive\Desktop\Training Classes\chatbot\Rakku-chatbot-v2\backend\node_modules\rxjs\src\internal\firstValueFrom.ts:73:12
        at new Promise (<anonymous>)
        at firstValueFrom (C:\Users\acer\OneDrive\Desktop\Training Classes\chatbot\Rakku-chatbot-v2\backend\node_modules\rxjs\src\internal\firstValueFrom.ts:58:10)
        at ChatService.sendMessage (C:\Users\acer\OneDrive\Desktop\Training Classes\chatbot\Rakku-chatbot-v2\backend\src\chat\chat.service.ts:491:44)
        at Object.<anonymous> (C:\Users\acer\OneDrive\Desktop\Training Classes\chatbot\Rakku-chatbot-v2\tests\release\complaint_workflow_gate.spec.ts:99:5)

    [0m [90m 598 |[39m       }[33m;[39m
     [90m 599 |[39m     } [36mcatch[39m (e) {
    [31m[1m>[22m[39m[90m 600 |[39m       console[33m.[39merror([32m'[ChatService.sendMessage] Warning - AI Service connection failed, using local fallback:'[39m[33m,[39m e)[33m;[39m
     [90m     |[39m               [31m[1m^[22m[39m
     [90m 601 |[39m       [36mthis[39m[33m.[39mlogger[33m.[39mwarn([32m`AI Service connection failed (${e.message}). Initializing local rule-based mock workflow engine.`[39m)[33m;[39m
     [90m 602 |[39m       [36mawait[39m [36mthis[39m[33m.[39mlogWorkflowTrace(sessionId[33m,[39m [32m'FALLBACK'[39m[33m,[39m [32m'WORKFLOW_FALLBACK_USED'[39m[33m,[39m state[33m.[39mworkflow[33m,[39m stepBefore[33m,[39m [33mString[39m(state[33m.[39mstep)[33m,[39m sanitizedMessage)[33m;[39m
     [90m 603 |[39m       [36mconst[39m localResult [33m=[39m [36mawait[39m [36mthis[39m[33m.[39mhandleLocalFallback(sanitizedMessage[33m,[39m sessionId[33m,[39m state)[33m;[39m[0m

      at ChatService.sendMessage (backend/src/chat/chat.service.ts:600:15)
      at Object.<anonymous> (tests/release/complaint_workflow_gate.spec.ts:99:5)

[33m[Nest] 92692  - [39m22/06/2026, 6:26:48 pm [33m   WARN[39m [38;5;3m[ChatService] [39m[33mAI Service connection failed (Forced connection failure for testing). Initializing local rule-based mock workflow engine.[39m
  console.log
    [ChatService.sendMessage] Exit - Processed message via Fallback engine

      at ChatService.sendMessage (backend/src/chat/chat.service.ts:610:15)

  console.log
    [ChatService.sendMessage] Entry - message: File Complaint sessionId: sess-gate-optional-1782133008606

      at ChatService.sendMessage (backend/src/chat/chat.service.ts:443:13)

  console.log
    SEND_MESSAGE STATE: {"data":{},"step":"START","citizen":{"city":"","email":"","state":"Uttar Pradesh","pincode":"","district":"","fullName":"","latitude":null,"longitude":null,"isConfirmed":false,"addressLine1":"","addressLine2":"","mobileNumber":""},"language":"en","workflow":null,"serviceType":null,"applicationData":{},"referenceNumber":"","languageSelected":true,"currentWorkflowState":"START"}

      at ChatService.sendMessage (backend/src/chat/chat.service.ts:452:13)

[32m[Nest] 92692  - [39m22/06/2026, 6:26:49 pm [32m    LOG[39m [38;5;3m[ChatService] [39m[32mForwarding message to FastAPI AI service: http://localhost:8000/chat/message[39m
  console.error
    [ChatService.sendMessage] Warning - AI Service connection failed, using local fallback: Error: Forced connection failure for testing
        at C:\Users\acer\OneDrive\Desktop\Training Classes\chatbot\Rakku-chatbot-v2\tests\release\complaint_workflow_gate.spec.ts:35:47
        at Observable.init [as _subscribe] (C:\Users\acer\OneDrive\Desktop\Training Classes\chatbot\Rakku-chatbot-v2\node_modules\rxjs\src\internal\observable\throwError.ts:123:68)
        at Observable._trySubscribe (C:\Users\acer\OneDrive\Desktop\Training Classes\chatbot\Rakku-chatbot-v2\node_modules\rxjs\src\internal\Observable.ts:235:19)
        at C:\Users\acer\OneDrive\Desktop\Training Classes\chatbot\Rakku-chatbot-v2\node_modules\rxjs\src\internal\Observable.ts:225:18
        at Object.errorContext (C:\Users\acer\OneDrive\Desktop\Training Classes\chatbot\Rakku-chatbot-v2\node_modules\rxjs\src\internal\util\errorContext.ts:29:5)
        at Observable.subscribe (C:\Users\acer\OneDrive\Desktop\Training Classes\chatbot\Rakku-chatbot-v2\node_modules\rxjs\src\internal\Observable.ts:211:5)
        at C:\Users\acer\OneDrive\Desktop\Training Classes\chatbot\Rakku-chatbot-v2\backend\node_modules\rxjs\src\internal\firstValueFrom.ts:73:12
        at new Promise (<anonymous>)
        at firstValueFrom (C:\Users\acer\OneDrive\Desktop\Training Classes\chatbot\Rakku-chatbot-v2\backend\node_modules\rxjs\src\internal\firstValueFrom.ts:58:10)
        at ChatService.sendMessage (C:\Users\acer\OneDrive\Desktop\Training Classes\chatbot\Rakku-chatbot-v2\backend\src\chat\chat.service.ts:491:44)
        at Object.<anonymous> (C:\Users\acer\OneDrive\Desktop\Training Classes\chatbot\Rakku-chatbot-v2\tests\release\complaint_workflow_gate.spec.ts:100:5)

    [0m [90m 598 |[39m       }[33m;[39m
     [90m 599 |[39m     } [36mcatch[39m (e) {
    [31m[1m>[22m[39m[90m 600 |[39m       console[33m.[39merror([32m'[ChatService.sendMessage] Warning - AI Service connection failed, using local fallback:'[39m[33m,[39m e)[33m;[39m
     [90m     |[39m               [31m[1m^[22m[39m
     [90m 601 |[39m       [36mthis[39m[33m.[39mlogger[33m.[39mwarn([32m`AI Service connection failed (${e.message}). Initializing local rule-based mock workflow engine.`[39m)[33m;[39m
     [90m 602 |[39m       [36mawait[39m [36mthis[39m[33m.[39mlogWorkflowTrace(sessionId[33m,[39m [32m'FALLBACK'[39m[33m,[39m [32m'WORKFLOW_FALLBACK_USED'[39m[33m,[39m state[33m.[39mworkflow[33m,[39m stepBefore[33m,[39m [33mString[39m(state[33m.[39mstep)[33m,[39m sanitizedMessage)[33m;[39m
     [90m 603 |[39m       [36mconst[39m localResult [33m=[39m [36mawait[39m [36mthis[39m[33m.[39mhandleLocalFallback(sanitizedMessage[33m,[39m sessionId[33m,[39m state)[33m;[39m[0m

      at ChatService.sendMessage (backend/src/chat/chat.service.ts:600:15)
      at Object.<anonymous> (tests/release/complaint_workflow_gate.spec.ts:100:5)

[33m[Nest] 92692  - [39m22/06/2026, 6:26:49 pm [33m   WARN[39m [38;5;3m[ChatService] [39m[33mAI Service connection failed (Forced connection failure for testing). Initializing local rule-based mock workflow engine.[39m
  console.log
    [ChatService.sendMessage] Exit - Processed message via Fallback engine

      at ChatService.sendMessage (backend/src/chat/chat.service.ts:610:15)

  console.log
    [ChatService.sendMessage] Entry - message: 9760718066 sessionId: sess-gate-optional-1782133008606

      at ChatService.sendMessage (backend/src/chat/chat.service.ts:443:13)

  console.log
    SEND_MESSAGE STATE: {"data":{},"step":"PRE_ONBOARDING_LOOKUP","citizen":{"city":"","email":"","state":"Uttar Pradesh","pincode":"","district":"","fullName":"","latitude":null,"longitude":null,"isConfirmed":false,"addressLine1":"","addressLine2":"","mobileNumber":""},"language":"en","workflow":"complaint","serviceType":null,"pendingIntent":"","applicationData":{},"pendingWorkflow":"complaint","referenceNumber":"","languageSelected":true,"pendingScenarioId":"","pendingWorkflowId":"complaint","currentWorkflowState":"START","pendingWorkflowState":"START"}

      at ChatService.sendMessage (backend/src/chat/chat.service.ts:452:13)

[32m[Nest] 92692  - [39m22/06/2026, 6:26:50 pm [32m    LOG[39m [38;5;3m[ChatService] [39m[32mIntercepting message in onboarding state: PRE_ONBOARDING_LOOKUP[39m
  console.log
    [ChatService.sendMessage] Entry - message: Manoj Tiwari sessionId: sess-gate-optional-1782133008606

      at ChatService.sendMessage (backend/src/chat/chat.service.ts:443:13)

  console.log
    SEND_MESSAGE STATE: {"data":{},"step":"IDENTIFY_NAME","citizen":{"city":"","email":"","state":"Uttar Pradesh","pincode":"","district":"","fullName":"","latitude":null,"longitude":null,"isConfirmed":false,"addressLine1":"","addressLine2":"","mobileNumber":"9760718066"},"language":"en","workflow":"complaint","serviceType":null,"pendingIntent":"","applicationData":{},"pendingWorkflow":"complaint","referenceNumber":"","languageSelected":true,"pendingScenarioId":"","pendingWorkflowId":"complaint","preOnboardingMobile":"9760718066","currentWorkflowState":"START","pendingWorkflowState":"START","preOnboardingCompleted":true}

      at ChatService.sendMessage (backend/src/chat/chat.service.ts:452:13)

[32m[Nest] 92692  - [39m22/06/2026, 6:26:51 pm [32m    LOG[39m [38;5;3m[ChatService] [39m[32mIntercepting message in onboarding state: IDENTIFY_NAME[39m
  console.log
    [ChatService.sendMessage] Entry - message: Lucknow sessionId: sess-gate-optional-1782133008606

      at ChatService.sendMessage (backend/src/chat/chat.service.ts:443:13)

  console.log
    SEND_MESSAGE STATE: {"data":{},"step":"IDENTIFY_LOCATION","citizen":{"city":"","email":"","state":"Uttar Pradesh","pincode":"","district":"","fullName":"Manoj Tiwari","latitude":null,"longitude":null,"isConfirmed":false,"addressLine1":"","addressLine2":"","mobileNumber":"9760718066"},"language":"en","workflow":"complaint","serviceType":null,"pendingIntent":"","applicationData":{},"pendingWorkflow":"complaint","referenceNumber":"","languageSelected":true,"pendingScenarioId":"","pendingWorkflowId":"complaint","preOnboardingMobile":"9760718066","currentWorkflowState":"START","pendingWorkflowState":"START","preOnboardingCompleted":true}

      at ChatService.sendMessage (backend/src/chat/chat.service.ts:452:13)

[32m[Nest] 92692  - [39m22/06/2026, 6:26:51 pm [32m    LOG[39m [38;5;3m[ChatService] [39m[32mIntercepting message in onboarding state: IDENTIFY_LOCATION[39m
  console.log
    [ChatService.sendMessage] Entry - message: Confirm sessionId: sess-gate-optional-1782133008606

      at ChatService.sendMessage (backend/src/chat/chat.service.ts:443:13)

  console.log
    SEND_MESSAGE STATE: {"data":{},"step":"CONFIRM_LOCATION","citizen":{"city":"Lucknow","email":"","state":"Uttar Pradesh","pincode":"","district":"Lucknow","fullName":"Manoj Tiwari","latitude":null,"longitude":null,"isConfirmed":false,"addressLine1":"","addressLine2":"","mobileNumber":"9760718066"},"language":"en","workflow":"complaint","serviceType":null,"pendingIntent":"","applicationData":{},"pendingWorkflow":"complaint","referenceNumber":"","languageSelected":true,"pendingScenarioId":"","pendingWorkflowId":"complaint","preOnboardingMobile":"9760718066","currentWorkflowState":"START","pendingWorkflowState":"START","preOnboardingCompleted":true}

      at ChatService.sendMessage (backend/src/chat/chat.service.ts:452:13)

[32m[Nest] 92692  - [39m22/06/2026, 6:26:52 pm [32m    LOG[39m [38;5;3m[ChatService] [39m[32mIntercepting message in onboarding state: CONFIRM_LOCATION[39m
  console.log
    [ChatService.sendMessage] Entry - message: Gomti Nagar, Lucknow sessionId: sess-gate-optional-1782133008606

      at ChatService.sendMessage (backend/src/chat/chat.service.ts:443:13)

  console.log
    SEND_MESSAGE STATE: {"data":{},"step":"IDENTIFY_ADDRESS","citizen":{"city":"Lucknow","email":"","state":"Uttar Pradesh","pincode":"","district":"Lucknow","fullName":"Manoj Tiwari","latitude":null,"longitude":null,"isConfirmed":false,"addressLine1":"","addressLine2":"","mobileNumber":"9760718066"},"language":"en","workflow":"complaint","serviceType":null,"pendingIntent":"","applicationData":{},"pendingWorkflow":"complaint","referenceNumber":"","languageSelected":true,"pendingScenarioId":"","pendingWorkflowId":"complaint","preOnboardingMobile":"9760718066","currentWorkflowState":"START","pendingWorkflowState":"START","preOnboardingCompleted":true}

      at ChatService.sendMessage (backend/src/chat/chat.service.ts:452:13)

[32m[Nest] 92692  - [39m22/06/2026, 6:26:52 pm [32m    LOG[39m [38;5;3m[ChatService] [39m[32mIntercepting message in onboarding state: IDENTIFY_ADDRESS[39m
  console.log
    [ChatService.sendMessage] Entry - message: Confirm Details sessionId: sess-gate-optional-1782133008606

      at ChatService.sendMessage (backend/src/chat/chat.service.ts:443:13)

  console.log
    SEND_MESSAGE STATE: {"data":{},"step":"CONFIRM_PROFILE","citizen":{"city":"Lucknow","email":"","state":"Uttar Pradesh","pincode":"","district":"Lucknow","fullName":"Manoj Tiwari","latitude":null,"longitude":null,"isConfirmed":false,"addressLine1":"Gomti Nagar, Lucknow","addressLine2":"","mobileNumber":"9760718066"},"language":"en","workflow":"complaint","serviceType":null,"pendingIntent":"","applicationData":{},"pendingWorkflow":"complaint","referenceNumber":"","languageSelected":true,"pendingScenarioId":"","pendingWorkflowId":"complaint","preOnboardingMobile":"9760718066","currentWorkflowState":"START","pendingWorkflowState":"START","preOnboardingCompleted":true}

      at ChatService.sendMessage (backend/src/chat/chat.service.ts:452:13)

[32m[Nest] 92692  - [39m22/06/2026, 6:26:53 pm [32m    LOG[39m [38;5;3m[ChatService] [39m[32mIntercepting message in onboarding state: CONFIRM_PROFILE[39m
  console.log
    SHIM BEFORE: {}

      at ChatService.runComplaintWorkflow (backend/src/chat/chat.service.ts:2446:13)

  console.log
    [ChatService.sendMessage] Entry - message: English sessionId: sess-gate-decoupled-1782133013619

      at ChatService.sendMessage (backend/src/chat/chat.service.ts:443:13)

  console.log
    [ChatService.sendMessage] Entry - message: Lost Mobile / Theft sessionId: sess-gate-optional-1782133008606

      at ChatService.sendMessage (backend/src/chat/chat.service.ts:443:13)

  console.log
    SEND_MESSAGE STATE: {"data":{},"step":"2","citizen":{"id":"cmqp7zdoc000bu9is3jv9ki0r","city":"Lucknow","email":"","state":"Uttar Pradesh","pincode":"","district":"Lucknow","fullName":"Manoj Tiwari","latitude":null,"longitude":null,"isConfirmed":true,"addressLine1":"Gomti Nagar, Lucknow","addressLine2":"","mobileNumber":"9760718066"},"language":"en","workflow":"complaint","serviceType":null,"pendingIntent":"","applicationData":{},"pendingWorkflow":"complaint","referenceNumber":"","languageSelected":true,"pendingScenarioId":"","pendingWorkflowId":"complaint","preOnboardingMobile":"9760718066","currentWorkflowState":"START","pendingWorkflowState":"START","preOnboardingCompleted":true}

      at ChatService.sendMessage (backend/src/chat/chat.service.ts:452:13)

[32m[Nest] 92692  - [39m22/06/2026, 6:26:54 pm [32m    LOG[39m [38;5;3m[ChatService] [39m[32mForwarding message to FastAPI AI service: http://localhost:8000/chat/message[39m
  console.error
    [ChatService.sendMessage] Warning - AI Service connection failed, using local fallback: Error: Forced connection failure for testing
        at C:\Users\acer\OneDrive\Desktop\Training Classes\chatbot\Rakku-chatbot-v2\tests\release\complaint_workflow_gate.spec.ts:35:47
        at Observable.init [as _subscribe] (C:\Users\acer\OneDrive\Desktop\Training Classes\chatbot\Rakku-chatbot-v2\node_modules\rxjs\src\internal\observable\throwError.ts:123:68)
        at Observable._trySubscribe (C:\Users\acer\OneDrive\Desktop\Training Classes\chatbot\Rakku-chatbot-v2\node_modules\rxjs\src\internal\Observable.ts:235:19)
        at C:\Users\acer\OneDrive\Desktop\Training Classes\chatbot\Rakku-chatbot-v2\node_modules\rxjs\src\internal\Observable.ts:225:18
        at Object.errorContext (C:\Users\acer\OneDrive\Desktop\Training Classes\chatbot\Rakku-chatbot-v2\node_modules\rxjs\src\internal\util\errorContext.ts:29:5)
        at Observable.subscribe (C:\Users\acer\OneDrive\Desktop\Training Classes\chatbot\Rakku-chatbot-v2\node_modules\rxjs\src\internal\Observable.ts:211:5)
        at C:\Users\acer\OneDrive\Desktop\Training Classes\chatbot\Rakku-chatbot-v2\backend\node_modules\rxjs\src\internal\firstValueFrom.ts:73:12
        at new Promise (<anonymous>)
        at firstValueFrom (C:\Users\acer\OneDrive\Desktop\Training Classes\chatbot\Rakku-chatbot-v2\backend\node_modules\rxjs\src\internal\firstValueFrom.ts:58:10)
        at ChatService.sendMessage (C:\Users\acer\OneDrive\Desktop\Training Classes\chatbot\Rakku-chatbot-v2\backend\src\chat\chat.service.ts:491:44)
        at Object.<anonymous> (C:\Users\acer\OneDrive\Desktop\Training Classes\chatbot\Rakku-chatbot-v2\tests\release\complaint_workflow_gate.spec.ts:108:5)

    [0m [90m 598 |[39m       }[33m;[39m
     [90m 599 |[39m     } [36mcatch[39m (e) {
    [31m[1m>[22m[39m[90m 600 |[39m       console[33m.[39merror([32m'[ChatService.sendMessage] Warning - AI Service connection failed, using local fallback:'[39m[33m,[39m e)[33m;[39m
     [90m     |[39m               [31m[1m^[22m[39m
     [90m 601 |[39m       [36mthis[39m[33m.[39mlogger[33m.[39mwarn([32m`AI Service connection failed (${e.message}). Initializing local rule-based mock workflow engine.`[39m)[33m;[39m
     [90m 602 |[39m       [36mawait[39m [36mthis[39m[33m.[39mlogWorkflowTrace(sessionId[33m,[39m [32m'FALLBACK'[39m[33m,[39m [32m'WORKFLOW_FALLBACK_USED'[39m[33m,[39m state[33m.[39mworkflow[33m,[39m stepBefore[33m,[39m [33mString[39m(state[33m.[39mstep)[33m,[39m sanitizedMessage)[33m;[39m
     [90m 603 |[39m       [36mconst[39m localResult [33m=[39m [36mawait[39m [36mthis[39m[33m.[39mhandleLocalFallback(sanitizedMessage[33m,[39m sessionId[33m,[39m state)[33m;[39m[0m

      at ChatService.sendMessage (backend/src/chat/chat.service.ts:600:15)
      at Object.<anonymous> (tests/release/complaint_workflow_gate.spec.ts:108:5)

[33m[Nest] 92692  - [39m22/06/2026, 6:26:54 pm [33m   WARN[39m [38;5;3m[ChatService] [39m[33mAI Service connection failed (Forced connection failure for testing). Initializing local rule-based mock workflow engine.[39m
  console.log
    SHIM BEFORE: {"empathyShown":true}

      at ChatService.runComplaintWorkflow (backend/src/chat/chat.service.ts:2446:13)

  console.log
    [ChatService.sendMessage] Exit - Processed message via Fallback engine

      at ChatService.sendMessage (backend/src/chat/chat.service.ts:610:15)

  console.log
    [ChatService.sendMessage] Entry - message: Apple sessionId: sess-gate-optional-1782133008606

      at ChatService.sendMessage (backend/src/chat/chat.service.ts:443:13)

  console.log
    SEND_MESSAGE STATE: {"data":{"type":"Lost Mobile / Theft","empathyShown":true},"step":"2_brand","citizen":{"id":"cmqp7zdoc000bu9is3jv9ki0r","city":"Lucknow","email":"","state":"Uttar Pradesh","pincode":"","district":"Lucknow","fullName":"Manoj Tiwari","latitude":null,"longitude":null,"isConfirmed":true,"addressLine1":"Gomti Nagar, Lucknow","addressLine2":"","mobileNumber":"9760718066"},"language":"en","workflow":"complaint","serviceType":null,"pendingIntent":"","applicationData":{},"pendingWorkflow":"complaint","referenceNumber":"","languageSelected":true,"pendingScenarioId":"","pendingWorkflowId":"complaint","preOnboardingMobile":"9760718066","currentWorkflowState":"START","pendingWorkflowState":"START","preOnboardingCompleted":true}

      at ChatService.sendMessage (backend/src/chat/chat.service.ts:452:13)

[32m[Nest] 92692  - [39m22/06/2026, 6:26:54 pm [32m    LOG[39m [38;5;3m[ChatService] [39m[32mForwarding message to FastAPI AI service: http://localhost:8000/chat/message[39m
  console.error
    [ChatService.sendMessage] Warning - AI Service connection failed, using local fallback: Error: Forced connection failure for testing
        at C:\Users\acer\OneDrive\Desktop\Training Classes\chatbot\Rakku-chatbot-v2\tests\release\complaint_workflow_gate.spec.ts:35:47
        at Observable.init [as _subscribe] (C:\Users\acer\OneDrive\Desktop\Training Classes\chatbot\Rakku-chatbot-v2\node_modules\rxjs\src\internal\observable\throwError.ts:123:68)
        at Observable._trySubscribe (C:\Users\acer\OneDrive\Desktop\Training Classes\chatbot\Rakku-chatbot-v2\node_modules\rxjs\src\internal\Observable.ts:235:19)
        at C:\Users\acer\OneDrive\Desktop\Training Classes\chatbot\Rakku-chatbot-v2\node_modules\rxjs\src\internal\Observable.ts:225:18
        at Object.errorContext (C:\Users\acer\OneDrive\Desktop\Training Classes\chatbot\Rakku-chatbot-v2\node_modules\rxjs\src\internal\util\errorContext.ts:29:5)
        at Observable.subscribe (C:\Users\acer\OneDrive\Desktop\Training Classes\chatbot\Rakku-chatbot-v2\node_modules\rxjs\src\internal\Observable.ts:211:5)
        at C:\Users\acer\OneDrive\Desktop\Training Classes\chatbot\Rakku-chatbot-v2\backend\node_modules\rxjs\src\internal\firstValueFrom.ts:73:12
        at new Promise (<anonymous>)
        at firstValueFrom (C:\Users\acer\OneDrive\Desktop\Training Classes\chatbot\Rakku-chatbot-v2\backend\node_modules\rxjs\src\internal\firstValueFrom.ts:58:10)
        at ChatService.sendMessage (C:\Users\acer\OneDrive\Desktop\Training Classes\chatbot\Rakku-chatbot-v2\backend\src\chat\chat.service.ts:491:44)
        at Object.<anonymous> (C:\Users\acer\OneDrive\Desktop\Training Classes\chatbot\Rakku-chatbot-v2\tests\release\complaint_workflow_gate.spec.ts:109:5)

    [0m [90m 598 |[39m       }[33m;[39m
     [90m 599 |[39m     } [36mcatch[39m (e) {
    [31m[1m>[22m[39m[90m 600 |[39m       console[33m.[39merror([32m'[ChatService.sendMessage] Warning - AI Service connection failed, using local fallback:'[39m[33m,[39m e)[33m;[39m
     [90m     |[39m               [31m[1m^[22m[39m
     [90m 601 |[39m       [36mthis[39m[33m.[39mlogger[33m.[39mwarn([32m`AI Service connection failed (${e.message}). Initializing local rule-based mock workflow engine.`[39m)[33m;[39m
     [90m 602 |[39m       [36mawait[39m [36mthis[39m[33m.[39mlogWorkflowTrace(sessionId[33m,[39m [32m'FALLBACK'[39m[33m,[39m [32m'WORKFLOW_FALLBACK_USED'[39m[33m,[39m state[33m.[39mworkflow[33m,[39m stepBefore[33m,[39m [33mString[39m(state[33m.[39mstep)[33m,[39m sanitizedMessage)[33m;[39m
     [90m 603 |[39m       [36mconst[39m localResult [33m=[39m [36mawait[39m [36mthis[39m[33m.[39mhandleLocalFallback(sanitizedMessage[33m,[39m sessionId[33m,[39m state)[33m;[39m[0m

      at ChatService.sendMessage (backend/src/chat/chat.service.ts:600:15)
      at Object.<anonymous> (tests/release/complaint_workflow_gate.spec.ts:109:5)

[33m[Nest] 92692  - [39m22/06/2026, 6:26:54 pm [33m   WARN[39m [38;5;3m[ChatService] [39m[33mAI Service connection failed (Forced connection failure for testing). Initializing local rule-based mock workflow engine.[39m
  console.log
    SHIM BEFORE: {"type":"Lost Mobile / Theft","empathyShown":true}

      at ChatService.runComplaintWorkflow (backend/src/chat/chat.service.ts:2446:13)

  console.log
    SEND_MESSAGE STATE: {"workflow":null,"step":"START","data":{},"language":"en","languageSelected":false,"citizen":{"fullName":"","mobileNumber":"","email":"","addressLine1":"","addressLine2":"","city":"","district":"","state":"Uttar Pradesh","pincode":"","latitude":null,"longitude":null,"isConfirmed":false},"currentWorkflowState":"START","serviceType":null,"applicationData":{},"referenceNumber":""}

      at ChatService.sendMessage (backend/src/chat/chat.service.ts:452:13)

[32m[Nest] 92692  - [39m22/06/2026, 6:26:55 pm [32m    LOG[39m [38;5;3m[ChatService] [39m[32mForwarding message to FastAPI AI service: http://localhost:8000/chat/message[39m
  console.error
    [ChatService.sendMessage] Warning - AI Service connection failed, using local fallback: Error: Forced connection failure for testing
        at C:\Users\acer\OneDrive\Desktop\Training Classes\chatbot\Rakku-chatbot-v2\tests\release\complaint_workflow_gate.spec.ts:35:47
        at Observable.init [as _subscribe] (C:\Users\acer\OneDrive\Desktop\Training Classes\chatbot\Rakku-chatbot-v2\node_modules\rxjs\src\internal\observable\throwError.ts:123:68)
        at Observable._trySubscribe (C:\Users\acer\OneDrive\Desktop\Training Classes\chatbot\Rakku-chatbot-v2\node_modules\rxjs\src\internal\Observable.ts:235:19)
        at C:\Users\acer\OneDrive\Desktop\Training Classes\chatbot\Rakku-chatbot-v2\node_modules\rxjs\src\internal\Observable.ts:225:18
        at Object.errorContext (C:\Users\acer\OneDrive\Desktop\Training Classes\chatbot\Rakku-chatbot-v2\node_modules\rxjs\src\internal\util\errorContext.ts:29:5)
        at Observable.subscribe (C:\Users\acer\OneDrive\Desktop\Training Classes\chatbot\Rakku-chatbot-v2\node_modules\rxjs\src\internal\Observable.ts:211:5)
        at C:\Users\acer\OneDrive\Desktop\Training Classes\chatbot\Rakku-chatbot-v2\backend\node_modules\rxjs\src\internal\firstValueFrom.ts:73:12
        at new Promise (<anonymous>)
        at firstValueFrom (C:\Users\acer\OneDrive\Desktop\Training Classes\chatbot\Rakku-chatbot-v2\backend\node_modules\rxjs\src\internal\firstValueFrom.ts:58:10)
        at ChatService.sendMessage (C:\Users\acer\OneDrive\Desktop\Training Classes\chatbot\Rakku-chatbot-v2\backend\src\chat\chat.service.ts:491:44)
        at Object.<anonymous> (C:\Users\acer\OneDrive\Desktop\Training Classes\chatbot\Rakku-chatbot-v2\tests\release\complaint_workflow_gate.spec.ts:135:5)

    [0m [90m 598 |[39m       }[33m;[39m
     [90m 599 |[39m     } [36mcatch[39m (e) {
    [31m[1m>[22m[39m[90m 600 |[39m       console[33m.[39merror([32m'[ChatService.sendMessage] Warning - AI Service connection failed, using local fallback:'[39m[33m,[39m e)[33m;[39m
     [90m     |[39m               [31m[1m^[22m[39m
     [90m 601 |[39m       [36mthis[39m[33m.[39mlogger[33m.[39mwarn([32m`AI Service connection failed (${e.message}). Initializing local rule-based mock workflow engine.`[39m)[33m;[39m
     [90m 602 |[39m       [36mawait[39m [36mthis[39m[33m.[39mlogWorkflowTrace(sessionId[33m,[39m [32m'FALLBACK'[39m[33m,[39m [32m'WORKFLOW_FALLBACK_USED'[39m[33m,[39m state[33m.[39mworkflow[33m,[39m stepBefore[33m,[39m [33mString[39m(state[33m.[39mstep)[33m,[39m sanitizedMessage)[33m;[39m
     [90m 603 |[39m       [36mconst[39m localResult [33m=[39m [36mawait[39m [36mthis[39m[33m.[39mhandleLocalFallback(sanitizedMessage[33m,[39m sessionId[33m,[39m state)[33m;[39m[0m

      at ChatService.sendMessage (backend/src/chat/chat.service.ts:600:15)
      at Object.<anonymous> (tests/release/complaint_workflow_gate.spec.ts:135:5)

[33m[Nest] 92692  - [39m22/06/2026, 6:26:55 pm [33m   WARN[39m [38;5;3m[ChatService] [39m[33mAI Service connection failed (Forced connection failure for testing). Initializing local rule-based mock workflow engine.[39m
  console.log
    [ChatService.sendMessage] Exit - Processed message via Fallback engine

      at ChatService.sendMessage (backend/src/chat/chat.service.ts:610:15)

  console.log
    [ChatService.sendMessage] Entry - message: iPhone 14 sessionId: sess-gate-optional-1782133008606

      at ChatService.sendMessage (backend/src/chat/chat.service.ts:443:13)

  console.log
    SEND_MESSAGE STATE: {"data":{"type":"Lost Mobile / Theft","brand":"Apple","empathyShown":true},"step":"2_model","citizen":{"id":"cmqp7zdoc000bu9is3jv9ki0r","city":"Lucknow","email":"","state":"Uttar Pradesh","pincode":"","district":"Lucknow","fullName":"Manoj Tiwari","latitude":null,"longitude":null,"isConfirmed":true,"addressLine1":"Gomti Nagar, Lucknow","addressLine2":"","mobileNumber":"9760718066"},"language":"en","workflow":"complaint","serviceType":null,"pendingIntent":"","applicationData":{},"pendingWorkflow":"complaint","referenceNumber":"","languageSelected":true,"pendingScenarioId":"","pendingWorkflowId":"complaint","preOnboardingMobile":"9760718066","currentWorkflowState":"START","pendingWorkflowState":"START","preOnboardingCompleted":true}

      at ChatService.sendMessage (backend/src/chat/chat.service.ts:452:13)

[32m[Nest] 92692  - [39m22/06/2026, 6:26:55 pm [32m    LOG[39m [38;5;3m[ChatService] [39m[32mForwarding message to FastAPI AI service: http://localhost:8000/chat/message[39m
  console.error
    [ChatService.sendMessage] Warning - AI Service connection failed, using local fallback: Error: Forced connection failure for testing
        at C:\Users\acer\OneDrive\Desktop\Training Classes\chatbot\Rakku-chatbot-v2\tests\release\complaint_workflow_gate.spec.ts:35:47
        at Observable.init [as _subscribe] (C:\Users\acer\OneDrive\Desktop\Training Classes\chatbot\Rakku-chatbot-v2\node_modules\rxjs\src\internal\observable\throwError.ts:123:68)
        at Observable._trySubscribe (C:\Users\acer\OneDrive\Desktop\Training Classes\chatbot\Rakku-chatbot-v2\node_modules\rxjs\src\internal\Observable.ts:235:19)
        at C:\Users\acer\OneDrive\Desktop\Training Classes\chatbot\Rakku-chatbot-v2\node_modules\rxjs\src\internal\Observable.ts:225:18
        at Object.errorContext (C:\Users\acer\OneDrive\Desktop\Training Classes\chatbot\Rakku-chatbot-v2\node_modules\rxjs\src\internal\util\errorContext.ts:29:5)
        at Observable.subscribe (C:\Users\acer\OneDrive\Desktop\Training Classes\chatbot\Rakku-chatbot-v2\node_modules\rxjs\src\internal\Observable.ts:211:5)
        at C:\Users\acer\OneDrive\Desktop\Training Classes\chatbot\Rakku-chatbot-v2\backend\node_modules\rxjs\src\internal\firstValueFrom.ts:73:12
        at new Promise (<anonymous>)
        at firstValueFrom (C:\Users\acer\OneDrive\Desktop\Training Classes\chatbot\Rakku-chatbot-v2\backend\node_modules\rxjs\src\internal\firstValueFrom.ts:58:10)
        at ChatService.sendMessage (C:\Users\acer\OneDrive\Desktop\Training Classes\chatbot\Rakku-chatbot-v2\backend\src\chat\chat.service.ts:491:44)
        at Object.<anonymous> (C:\Users\acer\OneDrive\Desktop\Training Classes\chatbot\Rakku-chatbot-v2\tests\release\complaint_workflow_gate.spec.ts:110:5)

    [0m [90m 598 |[39m       }[33m;[39m
     [90m 599 |[39m     } [36mcatch[39m (e) {
    [31m[1m>[22m[39m[90m 600 |[39m       console[33m.[39merror([32m'[ChatService.sendMessage] Warning - AI Service connection failed, using local fallback:'[39m[33m,[39m e)[33m;[39m
     [90m     |[39m               [31m[1m^[22m[39m
     [90m 601 |[39m       [36mthis[39m[33m.[39mlogger[33m.[39mwarn([32m`AI Service connection failed (${e.message}). Initializing local rule-based mock workflow engine.`[39m)[33m;[39m
     [90m 602 |[39m       [36mawait[39m [36mthis[39m[33m.[39mlogWorkflowTrace(sessionId[33m,[39m [32m'FALLBACK'[39m[33m,[39m [32m'WORKFLOW_FALLBACK_USED'[39m[33m,[39m state[33m.[39mworkflow[33m,[39m stepBefore[33m,[39m [33mString[39m(state[33m.[39mstep)[33m,[39m sanitizedMessage)[33m;[39m
     [90m 603 |[39m       [36mconst[39m localResult [33m=[39m [36mawait[39m [36mthis[39m[33m.[39mhandleLocalFallback(sanitizedMessage[33m,[39m sessionId[33m,[39m state)[33m;[39m[0m

      at ChatService.sendMessage (backend/src/chat/chat.service.ts:600:15)
      at Object.<anonymous> (tests/release/complaint_workflow_gate.spec.ts:110:5)

[33m[Nest] 92692  - [39m22/06/2026, 6:26:55 pm [33m   WARN[39m [38;5;3m[ChatService] [39m[33mAI Service connection failed (Forced connection failure for testing). Initializing local rule-based mock workflow engine.[39m
  console.log
    SHIM BEFORE: {"type":"Lost Mobile / Theft","brand":"Apple","empathyShown":true}

      at ChatService.runComplaintWorkflow (backend/src/chat/chat.service.ts:2446:13)

  console.log
    [ChatService.sendMessage] Exit - Processed message via Fallback engine

      at ChatService.sendMessage (backend/src/chat/chat.service.ts:610:15)

  console.log
    [ChatService.sendMessage] Entry - message: File Complaint sessionId: sess-gate-decoupled-1782133013619

      at ChatService.sendMessage (backend/src/chat/chat.service.ts:443:13)

  console.log
    [ChatService.sendMessage] Exit - Processed message via Fallback engine

      at ChatService.sendMessage (backend/src/chat/chat.service.ts:610:15)

  console.log
    [ChatService.sendMessage] Entry - message: Black sessionId: sess-gate-optional-1782133008606

      at ChatService.sendMessage (backend/src/chat/chat.service.ts:443:13)

  console.log
    SEND_MESSAGE STATE: {"data":{},"step":"START","citizen":{"city":"","email":"","state":"Uttar Pradesh","pincode":"","district":"","fullName":"","latitude":null,"longitude":null,"isConfirmed":false,"addressLine1":"","addressLine2":"","mobileNumber":""},"language":"en","workflow":null,"serviceType":null,"applicationData":{},"referenceNumber":"","languageSelected":true,"currentWorkflowState":"START"}

      at ChatService.sendMessage (backend/src/chat/chat.service.ts:452:13)

[32m[Nest] 92692  - [39m22/06/2026, 6:26:56 pm [32m    LOG[39m [38;5;3m[ChatService] [39m[32mForwarding message to FastAPI AI service: http://localhost:8000/chat/message[39m
  console.error
    [ChatService.sendMessage] Warning - AI Service connection failed, using local fallback: Error: Forced connection failure for testing
        at C:\Users\acer\OneDrive\Desktop\Training Classes\chatbot\Rakku-chatbot-v2\tests\release\complaint_workflow_gate.spec.ts:35:47
        at Observable.init [as _subscribe] (C:\Users\acer\OneDrive\Desktop\Training Classes\chatbot\Rakku-chatbot-v2\node_modules\rxjs\src\internal\observable\throwError.ts:123:68)
        at Observable._trySubscribe (C:\Users\acer\OneDrive\Desktop\Training Classes\chatbot\Rakku-chatbot-v2\node_modules\rxjs\src\internal\Observable.ts:235:19)
        at C:\Users\acer\OneDrive\Desktop\Training Classes\chatbot\Rakku-chatbot-v2\node_modules\rxjs\src\internal\Observable.ts:225:18
        at Object.errorContext (C:\Users\acer\OneDrive\Desktop\Training Classes\chatbot\Rakku-chatbot-v2\node_modules\rxjs\src\internal\util\errorContext.ts:29:5)
        at Observable.subscribe (C:\Users\acer\OneDrive\Desktop\Training Classes\chatbot\Rakku-chatbot-v2\node_modules\rxjs\src\internal\Observable.ts:211:5)
        at C:\Users\acer\OneDrive\Desktop\Training Classes\chatbot\Rakku-chatbot-v2\backend\node_modules\rxjs\src\internal\firstValueFrom.ts:73:12
        at new Promise (<anonymous>)
        at firstValueFrom (C:\Users\acer\OneDrive\Desktop\Training Classes\chatbot\Rakku-chatbot-v2\backend\node_modules\rxjs\src\internal\firstValueFrom.ts:58:10)
        at ChatService.sendMessage (C:\Users\acer\OneDrive\Desktop\Training Classes\chatbot\Rakku-chatbot-v2\backend\src\chat\chat.service.ts:491:44)
        at Object.<anonymous> (C:\Users\acer\OneDrive\Desktop\Training Classes\chatbot\Rakku-chatbot-v2\tests\release\complaint_workflow_gate.spec.ts:136:5)

    [0m [90m 598 |[39m       }[33m;[39m
     [90m 599 |[39m     } [36mcatch[39m (e) {
    [31m[1m>[22m[39m[90m 600 |[39m       console[33m.[39merror([32m'[ChatService.sendMessage] Warning - AI Service connection failed, using local fallback:'[39m[33m,[39m e)[33m;[39m
     [90m     |[39m               [31m[1m^[22m[39m
     [90m 601 |[39m       [36mthis[39m[33m.[39mlogger[33m.[39mwarn([32m`AI Service connection failed (${e.message}). Initializing local rule-based mock workflow engine.`[39m)[33m;[39m
     [90m 602 |[39m       [36mawait[39m [36mthis[39m[33m.[39mlogWorkflowTrace(sessionId[33m,[39m [32m'FALLBACK'[39m[33m,[39m [32m'WORKFLOW_FALLBACK_USED'[39m[33m,[39m state[33m.[39mworkflow[33m,[39m stepBefore[33m,[39m [33mString[39m(state[33m.[39mstep)[33m,[39m sanitizedMessage)[33m;[39m
     [90m 603 |[39m       [36mconst[39m localResult [33m=[39m [36mawait[39m [36mthis[39m[33m.[39mhandleLocalFallback(sanitizedMessage[33m,[39m sessionId[33m,[39m state)[33m;[39m[0m

      at ChatService.sendMessage (backend/src/chat/chat.service.ts:600:15)
      at Object.<anonymous> (tests/release/complaint_workflow_gate.spec.ts:136:5)

[33m[Nest] 92692  - [39m22/06/2026, 6:26:56 pm [33m   WARN[39m [38;5;3m[ChatService] [39m[33mAI Service connection failed (Forced connection failure for testing). Initializing local rule-based mock workflow engine.[39m
  console.log
    SEND_MESSAGE STATE: {"data":{"type":"Lost Mobile / Theft","brand":"Apple","model":"iPhone 14","empathyShown":true},"step":"2_color","citizen":{"id":"cmqp7zdoc000bu9is3jv9ki0r","city":"Lucknow","email":"","state":"Uttar Pradesh","pincode":"","district":"Lucknow","fullName":"Manoj Tiwari","latitude":null,"longitude":null,"isConfirmed":true,"addressLine1":"Gomti Nagar, Lucknow","addressLine2":"","mobileNumber":"9760718066"},"language":"en","workflow":"complaint","serviceType":null,"pendingIntent":"","applicationData":{},"pendingWorkflow":"complaint","referenceNumber":"","languageSelected":true,"pendingScenarioId":"","pendingWorkflowId":"complaint","preOnboardingMobile":"9760718066","currentWorkflowState":"START","pendingWorkflowState":"START","preOnboardingCompleted":true}

      at ChatService.sendMessage (backend/src/chat/chat.service.ts:452:13)

[32m[Nest] 92692  - [39m22/06/2026, 6:26:56 pm [32m    LOG[39m [38;5;3m[ChatService] [39m[32mForwarding message to FastAPI AI service: http://localhost:8000/chat/message[39m
  console.error
    [ChatService.sendMessage] Warning - AI Service connection failed, using local fallback: Error: Forced connection failure for testing
        at C:\Users\acer\OneDrive\Desktop\Training Classes\chatbot\Rakku-chatbot-v2\tests\release\complaint_workflow_gate.spec.ts:35:47
        at Observable.init [as _subscribe] (C:\Users\acer\OneDrive\Desktop\Training Classes\chatbot\Rakku-chatbot-v2\node_modules\rxjs\src\internal\observable\throwError.ts:123:68)
        at Observable._trySubscribe (C:\Users\acer\OneDrive\Desktop\Training Classes\chatbot\Rakku-chatbot-v2\node_modules\rxjs\src\internal\Observable.ts:235:19)
        at C:\Users\acer\OneDrive\Desktop\Training Classes\chatbot\Rakku-chatbot-v2\node_modules\rxjs\src\internal\Observable.ts:225:18
        at Object.errorContext (C:\Users\acer\OneDrive\Desktop\Training Classes\chatbot\Rakku-chatbot-v2\node_modules\rxjs\src\internal\util\errorContext.ts:29:5)
        at Observable.subscribe (C:\Users\acer\OneDrive\Desktop\Training Classes\chatbot\Rakku-chatbot-v2\node_modules\rxjs\src\internal\Observable.ts:211:5)
        at C:\Users\acer\OneDrive\Desktop\Training Classes\chatbot\Rakku-chatbot-v2\backend\node_modules\rxjs\src\internal\firstValueFrom.ts:73:12
        at new Promise (<anonymous>)
        at firstValueFrom (C:\Users\acer\OneDrive\Desktop\Training Classes\chatbot\Rakku-chatbot-v2\backend\node_modules\rxjs\src\internal\firstValueFrom.ts:58:10)
        at ChatService.sendMessage (C:\Users\acer\OneDrive\Desktop\Training Classes\chatbot\Rakku-chatbot-v2\backend\src\chat\chat.service.ts:491:44)
        at Object.<anonymous> (C:\Users\acer\OneDrive\Desktop\Training Classes\chatbot\Rakku-chatbot-v2\tests\release\complaint_workflow_gate.spec.ts:111:5)

    [0m [90m 598 |[39m       }[33m;[39m
     [90m 599 |[39m     } [36mcatch[39m (e) {
    [31m[1m>[22m[39m[90m 600 |[39m       console[33m.[39merror([32m'[ChatService.sendMessage] Warning - AI Service connection failed, using local fallback:'[39m[33m,[39m e)[33m;[39m
     [90m     |[39m               [31m[1m^[22m[39m
     [90m 601 |[39m       [36mthis[39m[33m.[39mlogger[33m.[39mwarn([32m`AI Service connection failed (${e.message}). Initializing local rule-based mock workflow engine.`[39m)[33m;[39m
     [90m 602 |[39m       [36mawait[39m [36mthis[39m[33m.[39mlogWorkflowTrace(sessionId[33m,[39m [32m'FALLBACK'[39m[33m,[39m [32m'WORKFLOW_FALLBACK_USED'[39m[33m,[39m state[33m.[39mworkflow[33m,[39m stepBefore[33m,[39m [33mString[39m(state[33m.[39mstep)[33m,[39m sanitizedMessage)[33m;[39m
     [90m 603 |[39m       [36mconst[39m localResult [33m=[39m [36mawait[39m [36mthis[39m[33m.[39mhandleLocalFallback(sanitizedMessage[33m,[39m sessionId[33m,[39m state)[33m;[39m[0m

      at ChatService.sendMessage (backend/src/chat/chat.service.ts:600:15)
      at Object.<anonymous> (tests/release/complaint_workflow_gate.spec.ts:111:5)

[33m[Nest] 92692  - [39m22/06/2026, 6:26:56 pm [33m   WARN[39m [38;5;3m[ChatService] [39m[33mAI Service connection failed (Forced connection failure for testing). Initializing local rule-based mock workflow engine.[39m
  console.log
    SHIM BEFORE: {"type":"Lost Mobile / Theft","brand":"Apple","model":"iPhone 14","empathyShown":true}

      at ChatService.runComplaintWorkflow (backend/src/chat/chat.service.ts:2446:13)

  console.log
    [ChatService.sendMessage] Exit - Processed message via Fallback engine

      at ChatService.sendMessage (backend/src/chat/chat.service.ts:610:15)

  console.log
    [ChatService.sendMessage] Entry - message: 9640810487 sessionId: sess-gate-decoupled-1782133013619

      at ChatService.sendMessage (backend/src/chat/chat.service.ts:443:13)

  console.log
    [ChatService.sendMessage] Exit - Processed message via Fallback engine

      at ChatService.sendMessage (backend/src/chat/chat.service.ts:610:15)

  console.log
    [ChatService.sendMessage] Entry - message: 2023 sessionId: sess-gate-optional-1782133008606

      at ChatService.sendMessage (backend/src/chat/chat.service.ts:443:13)

  console.log
    SEND_MESSAGE STATE: {"data":{},"step":"PRE_ONBOARDING_LOOKUP","citizen":{"city":"","email":"","state":"Uttar Pradesh","pincode":"","district":"","fullName":"","latitude":null,"longitude":null,"isConfirmed":false,"addressLine1":"","addressLine2":"","mobileNumber":""},"language":"en","workflow":"complaint","serviceType":null,"pendingIntent":"","applicationData":{},"pendingWorkflow":"complaint","referenceNumber":"","languageSelected":true,"pendingScenarioId":"","pendingWorkflowId":"complaint","currentWorkflowState":"START","pendingWorkflowState":"START"}

      at ChatService.sendMessage (backend/src/chat/chat.service.ts:452:13)

[32m[Nest] 92692  - [39m22/06/2026, 6:26:56 pm [32m    LOG[39m [38;5;3m[ChatService] [39m[32mIntercepting message in onboarding state: PRE_ONBOARDING_LOOKUP[39m
  console.log
    SEND_MESSAGE STATE: {"data":{"type":"Lost Mobile / Theft","brand":"Apple","color":"Black","model":"iPhone 14","empathyShown":true},"step":"2_year","citizen":{"id":"cmqp7zdoc000bu9is3jv9ki0r","city":"Lucknow","email":"","state":"Uttar Pradesh","pincode":"","district":"Lucknow","fullName":"Manoj Tiwari","latitude":null,"longitude":null,"isConfirmed":true,"addressLine1":"Gomti Nagar, Lucknow","addressLine2":"","mobileNumber":"9760718066"},"language":"en","workflow":"complaint","serviceType":null,"pendingIntent":"","applicationData":{},"pendingWorkflow":"complaint","referenceNumber":"","languageSelected":true,"pendingScenarioId":"","pendingWorkflowId":"complaint","preOnboardingMobile":"9760718066","currentWorkflowState":"START","pendingWorkflowState":"START","preOnboardingCompleted":true}

      at ChatService.sendMessage (backend/src/chat/chat.service.ts:452:13)

[32m[Nest] 92692  - [39m22/06/2026, 6:26:56 pm [32m    LOG[39m [38;5;3m[ChatService] [39m[32mForwarding message to FastAPI AI service: http://localhost:8000/chat/message[39m
  console.error
    [ChatService.sendMessage] Warning - AI Service connection failed, using local fallback: Error: Forced connection failure for testing
        at C:\Users\acer\OneDrive\Desktop\Training Classes\chatbot\Rakku-chatbot-v2\tests\release\complaint_workflow_gate.spec.ts:35:47
        at Observable.init [as _subscribe] (C:\Users\acer\OneDrive\Desktop\Training Classes\chatbot\Rakku-chatbot-v2\node_modules\rxjs\src\internal\observable\throwError.ts:123:68)
        at Observable._trySubscribe (C:\Users\acer\OneDrive\Desktop\Training Classes\chatbot\Rakku-chatbot-v2\node_modules\rxjs\src\internal\Observable.ts:235:19)
        at C:\Users\acer\OneDrive\Desktop\Training Classes\chatbot\Rakku-chatbot-v2\node_modules\rxjs\src\internal\Observable.ts:225:18
        at Object.errorContext (C:\Users\acer\OneDrive\Desktop\Training Classes\chatbot\Rakku-chatbot-v2\node_modules\rxjs\src\internal\util\errorContext.ts:29:5)
        at Observable.subscribe (C:\Users\acer\OneDrive\Desktop\Training Classes\chatbot\Rakku-chatbot-v2\node_modules\rxjs\src\internal\Observable.ts:211:5)
        at C:\Users\acer\OneDrive\Desktop\Training Classes\chatbot\Rakku-chatbot-v2\backend\node_modules\rxjs\src\internal\firstValueFrom.ts:73:12
        at new Promise (<anonymous>)
        at firstValueFrom (C:\Users\acer\OneDrive\Desktop\Training Classes\chatbot\Rakku-chatbot-v2\backend\node_modules\rxjs\src\internal\firstValueFrom.ts:58:10)
        at ChatService.sendMessage (C:\Users\acer\OneDrive\Desktop\Training Classes\chatbot\Rakku-chatbot-v2\backend\src\chat\chat.service.ts:491:44)
        at Object.<anonymous> (C:\Users\acer\OneDrive\Desktop\Training Classes\chatbot\Rakku-chatbot-v2\tests\release\complaint_workflow_gate.spec.ts:112:5)

    [0m [90m 598 |[39m       }[33m;[39m
     [90m 599 |[39m     } [36mcatch[39m (e) {
    [31m[1m>[22m[39m[90m 600 |[39m       console[33m.[39merror([32m'[ChatService.sendMessage] Warning - AI Service connection failed, using local fallback:'[39m[33m,[39m e)[33m;[39m
     [90m     |[39m               [31m[1m^[22m[39m
     [90m 601 |[39m       [36mthis[39m[33m.[39mlogger[33m.[39mwarn([32m`AI Service connection failed (${e.message}). Initializing local rule-based mock workflow engine.`[39m)[33m;[39m
     [90m 602 |[39m       [36mawait[39m [36mthis[39m[33m.[39mlogWorkflowTrace(sessionId[33m,[39m [32m'FALLBACK'[39m[33m,[39m [32m'WORKFLOW_FALLBACK_USED'[39m[33m,[39m state[33m.[39mworkflow[33m,[39m stepBefore[33m,[39m [33mString[39m(state[33m.[39mstep)[33m,[39m sanitizedMessage)[33m;[39m
     [90m 603 |[39m       [36mconst[39m localResult [33m=[39m [36mawait[39m [36mthis[39m[33m.[39mhandleLocalFallback(sanitizedMessage[33m,[39m sessionId[33m,[39m state)[33m;[39m[0m

      at ChatService.sendMessage (backend/src/chat/chat.service.ts:600:15)
      at Object.<anonymous> (tests/release/complaint_workflow_gate.spec.ts:112:5)

[33m[Nest] 92692  - [39m22/06/2026, 6:26:57 pm [33m   WARN[39m [38;5;3m[ChatService] [39m[33mAI Service connection failed (Forced connection failure for testing). Initializing local rule-based mock workflow engine.[39m
  console.log
    SHIM BEFORE: {"type":"Lost Mobile / Theft","brand":"Apple","color":"Black","model":"iPhone 14","empathyShown":true}

      at ChatService.runComplaintWorkflow (backend/src/chat/chat.service.ts:2446:13)

  console.log
    [ChatService.sendMessage] Exit - Processed message via Fallback engine

      at ChatService.sendMessage (backend/src/chat/chat.service.ts:610:15)

  console.log
    [ChatService.sendMessage] Entry - message: 123456789012345 sessionId: sess-gate-optional-1782133008606

      at ChatService.sendMessage (backend/src/chat/chat.service.ts:443:13)

  console.log
    [ChatService.sendMessage] Entry - message: Manoj Tiwari sessionId: sess-gate-decoupled-1782133013619

      at ChatService.sendMessage (backend/src/chat/chat.service.ts:443:13)

  console.log
    SEND_MESSAGE STATE: {"data":{"type":"Lost Mobile / Theft","year":"2023","brand":"Apple","color":"Black","model":"iPhone 14","empathyShown":true},"step":"2_imei","citizen":{"id":"cmqp7zdoc000bu9is3jv9ki0r","city":"Lucknow","email":"","state":"Uttar Pradesh","pincode":"","district":"Lucknow","fullName":"Manoj Tiwari","latitude":null,"longitude":null,"isConfirmed":true,"addressLine1":"Gomti Nagar, Lucknow","addressLine2":"","mobileNumber":"9760718066"},"language":"en","workflow":"complaint","serviceType":null,"pendingIntent":"","applicationData":{},"pendingWorkflow":"complaint","referenceNumber":"","languageSelected":true,"pendingScenarioId":"","pendingWorkflowId":"complaint","preOnboardingMobile":"9760718066","currentWorkflowState":"START","pendingWorkflowState":"START","preOnboardingCompleted":true}

      at ChatService.sendMessage (backend/src/chat/chat.service.ts:452:13)

[32m[Nest] 92692  - [39m22/06/2026, 6:26:57 pm [32m    LOG[39m [38;5;3m[ChatService] [39m[32mForwarding message to FastAPI AI service: http://localhost:8000/chat/message[39m
  console.error
    [ChatService.sendMessage] Warning - AI Service connection failed, using local fallback: Error: Forced connection failure for testing
        at C:\Users\acer\OneDrive\Desktop\Training Classes\chatbot\Rakku-chatbot-v2\tests\release\complaint_workflow_gate.spec.ts:35:47
        at Observable.init [as _subscribe] (C:\Users\acer\OneDrive\Desktop\Training Classes\chatbot\Rakku-chatbot-v2\node_modules\rxjs\src\internal\observable\throwError.ts:123:68)
        at Observable._trySubscribe (C:\Users\acer\OneDrive\Desktop\Training Classes\chatbot\Rakku-chatbot-v2\node_modules\rxjs\src\internal\Observable.ts:235:19)
        at C:\Users\acer\OneDrive\Desktop\Training Classes\chatbot\Rakku-chatbot-v2\node_modules\rxjs\src\internal\Observable.ts:225:18
        at Object.errorContext (C:\Users\acer\OneDrive\Desktop\Training Classes\chatbot\Rakku-chatbot-v2\node_modules\rxjs\src\internal\util\errorContext.ts:29:5)
        at Observable.subscribe (C:\Users\acer\OneDrive\Desktop\Training Classes\chatbot\Rakku-chatbot-v2\node_modules\rxjs\src\internal\Observable.ts:211:5)
        at C:\Users\acer\OneDrive\Desktop\Training Classes\chatbot\Rakku-chatbot-v2\backend\node_modules\rxjs\src\internal\firstValueFrom.ts:73:12
        at new Promise (<anonymous>)
        at firstValueFrom (C:\Users\acer\OneDrive\Desktop\Training Classes\chatbot\Rakku-chatbot-v2\backend\node_modules\rxjs\src\internal\firstValueFrom.ts:58:10)
        at ChatService.sendMessage (C:\Users\acer\OneDrive\Desktop\Training Classes\chatbot\Rakku-chatbot-v2\backend\src\chat\chat.service.ts:491:44)
        at Object.<anonymous> (C:\Users\acer\OneDrive\Desktop\Training Classes\chatbot\Rakku-chatbot-v2\tests\release\complaint_workflow_gate.spec.ts:113:5)

    [0m [90m 598 |[39m       }[33m;[39m
     [90m 599 |[39m     } [36mcatch[39m (e) {
    [31m[1m>[22m[39m[90m 600 |[39m       console[33m.[39merror([32m'[ChatService.sendMessage] Warning - AI Service connection failed, using local fallback:'[39m[33m,[39m e)[33m;[39m
     [90m     |[39m               [31m[1m^[22m[39m
     [90m 601 |[39m       [36mthis[39m[33m.[39mlogger[33m.[39mwarn([32m`AI Service connection failed (${e.message}). Initializing local rule-based mock workflow engine.`[39m)[33m;[39m
     [90m 602 |[39m       [36mawait[39m [36mthis[39m[33m.[39mlogWorkflowTrace(sessionId[33m,[39m [32m'FALLBACK'[39m[33m,[39m [32m'WORKFLOW_FALLBACK_USED'[39m[33m,[39m state[33m.[39mworkflow[33m,[39m stepBefore[33m,[39m [33mString[39m(state[33m.[39mstep)[33m,[39m sanitizedMessage)[33m;[39m
     [90m 603 |[39m       [36mconst[39m localResult [33m=[39m [36mawait[39m [36mthis[39m[33m.[39mhandleLocalFallback(sanitizedMessage[33m,[39m sessionId[33m,[39m state)[33m;[39m[0m

      at ChatService.sendMessage (backend/src/chat/chat.service.ts:600:15)
      at Object.<anonymous> (tests/release/complaint_workflow_gate.spec.ts:113:5)

[33m[Nest] 92692  - [39m22/06/2026, 6:26:57 pm [33m   WARN[39m [38;5;3m[ChatService] [39m[33mAI Service connection failed (Forced connection failure for testing). Initializing local rule-based mock workflow engine.[39m
  console.log
    SEND_MESSAGE STATE: {"data":{},"step":"IDENTIFY_NAME","citizen":{"city":"","email":"","state":"Uttar Pradesh","pincode":"","district":"","fullName":"","latitude":null,"longitude":null,"isConfirmed":false,"addressLine1":"","addressLine2":"","mobileNumber":"9640810487"},"language":"en","workflow":"complaint","serviceType":null,"pendingIntent":"","applicationData":{},"pendingWorkflow":"complaint","referenceNumber":"","languageSelected":true,"pendingScenarioId":"","pendingWorkflowId":"complaint","preOnboardingMobile":"9640810487","currentWorkflowState":"START","pendingWorkflowState":"START","preOnboardingCompleted":true}

      at ChatService.sendMessage (backend/src/chat/chat.service.ts:452:13)

[32m[Nest] 92692  - [39m22/06/2026, 6:26:57 pm [32m    LOG[39m [38;5;3m[ChatService] [39m[32mIntercepting message in onboarding state: IDENTIFY_NAME[39m
  console.log
    SHIM BEFORE: {"type":"Lost Mobile / Theft","year":"2023","brand":"Apple","color":"Black","model":"iPhone 14","empathyShown":true}

      at ChatService.runComplaintWorkflow (backend/src/chat/chat.service.ts:2446:13)

  console.log
    [ChatService.sendMessage] Entry - message: Meerut sessionId: sess-gate-decoupled-1782133013619

      at ChatService.sendMessage (backend/src/chat/chat.service.ts:443:13)

  console.log
    [ChatService.sendMessage] Exit - Processed message via Fallback engine

      at ChatService.sendMessage (backend/src/chat/chat.service.ts:610:15)

  console.log
    [ChatService.sendMessage] Entry - message: Skip sessionId: sess-gate-optional-1782133008606

      at ChatService.sendMessage (backend/src/chat/chat.service.ts:443:13)

  console.log
    SEND_MESSAGE STATE: {"data":{},"step":"IDENTIFY_LOCATION","citizen":{"city":"","email":"","state":"Uttar Pradesh","pincode":"","district":"","fullName":"Manoj Tiwari","latitude":null,"longitude":null,"isConfirmed":false,"addressLine1":"","addressLine2":"","mobileNumber":"9640810487"},"language":"en","workflow":"complaint","serviceType":null,"pendingIntent":"","applicationData":{},"pendingWorkflow":"complaint","referenceNumber":"","languageSelected":true,"pendingScenarioId":"","pendingWorkflowId":"complaint","preOnboardingMobile":"9640810487","currentWorkflowState":"START","pendingWorkflowState":"START","preOnboardingCompleted":true}

      at ChatService.sendMessage (backend/src/chat/chat.service.ts:452:13)

[32m[Nest] 92692  - [39m22/06/2026, 6:26:58 pm [32m    LOG[39m [38;5;3m[ChatService] [39m[32mIntercepting message in onboarding state: IDENTIFY_LOCATION[39m
  console.log
    SEND_MESSAGE STATE: {"data":{"imei":"123456789012345","type":"Lost Mobile / Theft","year":"2023","brand":"Apple","color":"Black","model":"iPhone 14","imeiStatus":"PROVIDED","empathyShown":true},"step":"3","citizen":{"id":"cmqp7zdoc000bu9is3jv9ki0r","city":"Lucknow","email":"","state":"Uttar Pradesh","pincode":"","district":"Lucknow","fullName":"Manoj Tiwari","latitude":null,"longitude":null,"isConfirmed":true,"addressLine1":"Gomti Nagar, Lucknow","addressLine2":"","mobileNumber":"9760718066"},"language":"en","workflow":"complaint","serviceType":null,"pendingIntent":"","applicationData":{},"pendingWorkflow":"complaint","referenceNumber":"","languageSelected":true,"pendingScenarioId":"","pendingWorkflowId":"complaint","preOnboardingMobile":"9760718066","currentWorkflowState":"START","pendingWorkflowState":"START","preOnboardingCompleted":true}

      at ChatService.sendMessage (backend/src/chat/chat.service.ts:452:13)

[32m[Nest] 92692  - [39m22/06/2026, 6:26:58 pm [32m    LOG[39m [38;5;3m[ChatService] [39m[32mForwarding message to FastAPI AI service: http://localhost:8000/chat/message[39m
  console.error
    [ChatService.sendMessage] Warning - AI Service connection failed, using local fallback: Error: Forced connection failure for testing
        at C:\Users\acer\OneDrive\Desktop\Training Classes\chatbot\Rakku-chatbot-v2\tests\release\complaint_workflow_gate.spec.ts:35:47
        at Observable.init [as _subscribe] (C:\Users\acer\OneDrive\Desktop\Training Classes\chatbot\Rakku-chatbot-v2\node_modules\rxjs\src\internal\observable\throwError.ts:123:68)
        at Observable._trySubscribe (C:\Users\acer\OneDrive\Desktop\Training Classes\chatbot\Rakku-chatbot-v2\node_modules\rxjs\src\internal\Observable.ts:235:19)
        at C:\Users\acer\OneDrive\Desktop\Training Classes\chatbot\Rakku-chatbot-v2\node_modules\rxjs\src\internal\Observable.ts:225:18
        at Object.errorContext (C:\Users\acer\OneDrive\Desktop\Training Classes\chatbot\Rakku-chatbot-v2\node_modules\rxjs\src\internal\util\errorContext.ts:29:5)
        at Observable.subscribe (C:\Users\acer\OneDrive\Desktop\Training Classes\chatbot\Rakku-chatbot-v2\node_modules\rxjs\src\internal\Observable.ts:211:5)
        at C:\Users\acer\OneDrive\Desktop\Training Classes\chatbot\Rakku-chatbot-v2\backend\node_modules\rxjs\src\internal\firstValueFrom.ts:73:12
        at new Promise (<anonymous>)
        at firstValueFrom (C:\Users\acer\OneDrive\Desktop\Training Classes\chatbot\Rakku-chatbot-v2\backend\node_modules\rxjs\src\internal\firstValueFrom.ts:58:10)
        at ChatService.sendMessage (C:\Users\acer\OneDrive\Desktop\Training Classes\chatbot\Rakku-chatbot-v2\backend\src\chat\chat.service.ts:491:44)
        at Object.<anonymous> (C:\Users\acer\OneDrive\Desktop\Training Classes\chatbot\Rakku-chatbot-v2\tests\release\complaint_workflow_gate.spec.ts:114:5)

    [0m [90m 598 |[39m       }[33m;[39m
     [90m 599 |[39m     } [36mcatch[39m (e) {
    [31m[1m>[22m[39m[90m 600 |[39m       console[33m.[39merror([32m'[ChatService.sendMessage] Warning - AI Service connection failed, using local fallback:'[39m[33m,[39m e)[33m;[39m
     [90m     |[39m               [31m[1m^[22m[39m
     [90m 601 |[39m       [36mthis[39m[33m.[39mlogger[33m.[39mwarn([32m`AI Service connection failed (${e.message}). Initializing local rule-based mock workflow engine.`[39m)[33m;[39m
     [90m 602 |[39m       [36mawait[39m [36mthis[39m[33m.[39mlogWorkflowTrace(sessionId[33m,[39m [32m'FALLBACK'[39m[33m,[39m [32m'WORKFLOW_FALLBACK_USED'[39m[33m,[39m state[33m.[39mworkflow[33m,[39m stepBefore[33m,[39m [33mString[39m(state[33m.[39mstep)[33m,[39m sanitizedMessage)[33m;[39m
     [90m 603 |[39m       [36mconst[39m localResult [33m=[39m [36mawait[39m [36mthis[39m[33m.[39mhandleLocalFallback(sanitizedMessage[33m,[39m sessionId[33m,[39m state)[33m;[39m[0m

      at ChatService.sendMessage (backend/src/chat/chat.service.ts:600:15)
      at Object.<anonymous> (tests/release/complaint_workflow_gate.spec.ts:114:5)

[33m[Nest] 92692  - [39m22/06/2026, 6:26:58 pm [33m   WARN[39m [38;5;3m[ChatService] [39m[33mAI Service connection failed (Forced connection failure for testing). Initializing local rule-based mock workflow engine.[39m
  console.log
    SHIM BEFORE: {"imei":"123456789012345","type":"Lost Mobile / Theft","year":"2023","brand":"Apple","color":"Black","model":"iPhone 14","imeiStatus":"PROVIDED","empathyShown":true}

      at ChatService.runComplaintWorkflow (backend/src/chat/chat.service.ts:2446:13)

  console.log
    [ChatService.sendMessage] Entry - message: Confirm sessionId: sess-gate-decoupled-1782133013619

      at ChatService.sendMessage (backend/src/chat/chat.service.ts:443:13)

FAIL tests/release/complaint_workflow_gate.spec.ts (14.252 s)
  Complaint Workflow Release Gate Spec
    ΓêÜ should verify that codebase does not contain silent Lucknow/Hazratganj defaults (8 ms)
    ΓêÜ should verify legacy session compatibility works (2994 ms)
    ├ù should verify that incident location is optional for submission (5010 ms)
    ├ù should verify that citizen and incident locations are decoupled (5003 ms)

  ΓùÅ Complaint Workflow Release Gate Spec ΓÇ║ should verify that incident location is optional for submission

    thrown: "Exceeded timeout of 5000 ms for a test.
    Add a timeout value to this test to increase the timeout, if this is a long-running test. See 
https://jestjs.io/docs/api#testname-fn-timeout."

    [0m [90m 93 |[39m   })[33m;[39m
     [90m 94 |[39m
    [31m[1m>[22m[39m[90m 95 |[39m   it([32m'should verify that incident location is optional for 
submission'[39m[33m,[39m [36masync[39m () [33m=>[39m {
     [90m    |[39m   [31m[1m^[22m[39m
     [90m 96 |[39m     [36mconst[39m sess [33m=[39m [32m`sess-gate-optional-${Date.now()}`[39m[33m;[39m
     [90m 97 |[39m     [36mconst[39m mobile [33m=[39m [32m`9${Math.floor(100000000 + Math.random() * 
900000000)}`[39m[33m;[39m
     [90m 98 |[39m[0m

      at tests/release/complaint_workflow_gate.spec.ts:95:3
      at Object.<anonymous> (tests/release/complaint_workflow_gate.spec.ts:17:1)

  ΓùÅ Complaint Workflow Release Gate Spec ΓÇ║ should verify that citizen and incident locations are decoupled

    thrown: "Exceeded timeout of 5000 ms for a test.
    Add a timeout value to this test to increase the timeout, if this is a long-running test. See 
https://jestjs.io/docs/api#testname-fn-timeout."

    [0m [90m 129 |[39m   })[33m;[39m
     [90m 130 |[39m
    [31m[1m>[22m[39m[90m 131 |[39m   it([32m'should verify that citizen and incident locations are 
decoupled'[39m[33m,[39m [36masync[39m () [33m=>[39m {
     [90m     |[39m   [31m[1m^[22m[39m
     [90m 132 |[39m     [36mconst[39m sess [33m=[39m [32m`sess-gate-decoupled-${Date.now()}`[39m[33m;[39m
     [90m 133 |[39m     [36mconst[39m mobile [33m=[39m [32m`9${Math.floor(100000000 + Math.random() * 
900000000)}`[39m[33m;[39m
     [90m 134 |[39m[0m

      at tests/release/complaint_workflow_gate.spec.ts:131:3
      at Object.<anonymous> (tests/release/complaint_workflow_gate.spec.ts:17:1)

Test Suites: 1 failed, 1 total
Tests:       2 failed, 2 passed, 4 total
Snapshots:   0 total
Time:        14.463 s, estimated 15 s
Ran all test suites matching tests/release/complaint_workflow_gate.spec.ts.
Jest did not exit one second after the test run has completed.

'This usually means that there are asynchronous operations that weren't stopped in your tests. Consider running Jest 
with `--detectOpenHandles` to troubleshoot this issue.

  ΓùÅ  Cannot log after tests are done. Did you forget to wait for something async in your test?
    Attempted to log "SEND_MESSAGE STATE: 
{"data":{},"step":"CONFIRM_LOCATION","citizen":{"city":"Meerut","email":"","state":"Uttar 
Pradesh","pincode":"","district":"Meerut","fullName":"Manoj Tiwari","latitude":null,"longitude":null,"isConfirmed":fals
e,"addressLine1":"","addressLine2":"","mobileNumber":"9640810487"},"language":"en","workflow":"complaint","serviceType"
:null,"pendingIntent":"","applicationData":{},"pendingWorkflow":"complaint","referenceNumber":"","languageSelected":tru
e,"pendingScenarioId":"","pendingWorkflowId":"complaint","preOnboardingMobile":"9640810487","currentWorkflowState":"STA
RT","pendingWorkflowState":"START","preOnboardingCompleted":true}".

    [0m [90m 450 |[39m     [90m// Load session state[39m
     [90m 451 |[39m     [36mconst[39m state [33m=[39m [36mawait[39m 
[36mthis[39m[33m.[39mgetOrCreateSession(sessionId)[33m;[39m
    [31m[1m>[22m[39m[90m 452 |[39m     console[33m.[39mlog([32m'SEND_MESSAGE STATE:'[39m[33m,[39m 
[33mJSON[39m[33m.[39mstringify(state))[33m;[39m
     [90m     |[39m             [31m[1m^[22m[39m
     [90m 453 |[39m     [36mconst[39m stepBefore [33m=[39m [33mString[39m(state[33m.[39mstep)[33m;[39m
     [90m 454 |[39m
     [90m 455 |[39m     [90m// Synchronize language from client request if passed[39m[0m

      at console.log (node_modules/@jest/console/build/index.js:311:10)
      at ChatService.sendMessage (backend/src/chat/chat.service.ts:452:13)
      at Object.<anonymous> (tests/release/complaint_workflow_gate.spec.ts:140:5)

[32m[Nest] 92692  - [39m22/06/2026, 6:27:00 pm [32m    LOG[39m [38;5;3m[ChatService] [39m[32mIntercepting message in onboarding state: CONFIRM_LOCATION[39m

  ΓùÅ  Cannot log after tests are done. Did you forget to wait for something async in your test?
    Attempted to log "[ChatService.sendMessage] Entry - message: Sadar Bazar, Meerut sessionId: 
sess-gate-decoupled-1782133013619".

    [0m [90m 441 |[39m     clientLanguage[33m?[39m[33m:[39m string[33m,[39m
     [90m 442 |[39m   )[33m:[39m [33mPromise[39m[33m<[39m{ response[33m:[39m string[33m;[39m 
suggestions[33m?[39m[33m:[39m string[][33m;[39m avatar_state[33m?[39m[33m:[39m string[33m;[39m 
_debug[33m?[39m[33m:[39m any }[33m>[39m {
    [31m[1m>[22m[39m[90m 443 |[39m     console[33m.[39mlog([32m'[ChatService.sendMessage] Entry - 
message:'[39m[33m,[39m message[33m,[39m [32m'sessionId:'[39m[33m,[39m sessionId)[33m;[39m
     [90m     |[39m             [31m[1m^[22m[39m
     [90m 444 |[39m     [36mthis[39m[33m.[39manalyticsService[33m.[39mtrackHelpRequest()[33m;[39m
     [90m 445 |[39m     
     [90m 446 |[39m     [90m// Sanitize incoming message input to prevent Stored XSS[39m[0m

      at console.log (node_modules/@jest/console/build/index.js:311:10)
      at ChatService.sendMessage (backend/src/chat/chat.service.ts:443:13)
      at Object.<anonymous> (tests/release/complaint_workflow_gate.spec.ts:141:23)


  ΓùÅ  Cannot log after tests are done. Did you forget to wait for something async in your test?
    Attempted to log "SEND_MESSAGE STATE: 
{"data":{},"step":"IDENTIFY_ADDRESS","citizen":{"city":"Meerut","email":"","state":"Uttar 
Pradesh","pincode":"","district":"Meerut","fullName":"Manoj Tiwari","latitude":null,"longitude":null,"isConfirmed":fals
e,"addressLine1":"","addressLine2":"","mobileNumber":"9640810487"},"language":"en","workflow":"complaint","serviceType"
:null,"pendingIntent":"","applicationData":{},"pendingWorkflow":"complaint","referenceNumber":"","languageSelected":tru
e,"pendingScenarioId":"","pendingWorkflowId":"complaint","preOnboardingMobile":"9640810487","currentWorkflowState":"STA
RT","pendingWorkflowState":"START","preOnboardingCompleted":true}".

    [0m [90m 450 |[39m     [90m// Load session state[39m
     [90m 451 |[39m     [36mconst[39m state [33m=[39m [36mawait[39m 
[36mthis[39m[33m.[39mgetOrCreateSession(sessionId)[33m;[39m
    [31m[1m>[22m[39m[90m 452 |[39m     console[33m.[39mlog([32m'SEND_MESSAGE STATE:'[39m[33m,[39m 
[33mJSON[39m[33m.[39mstringify(state))[33m;[39m
     [90m     |[39m             [31m[1m^[22m[39m
     [90m 453 |[39m     [36mconst[39m stepBefore [33m=[39m [33mString[39m(state[33m.[39mstep)[33m;[39m
     [90m 454 |[39m
     [90m 455 |[39m     [90m// Synchronize language from client request if passed[39m[0m

      at console.log (node_modules/@jest/console/build/index.js:311:10)
      at ChatService.sendMessage (backend/src/chat/chat.service.ts:452:13)
      at Object.<anonymous> (tests/release/complaint_workflow_gate.spec.ts:141:5)

[32m[Nest] 92692  - [39m22/06/2026, 6:27:01 pm [32m    LOG[39m [38;5;3m[ChatService] [39m[32mIntercepting message in onboarding state: IDENTIFY_ADDRESS[39m

  ΓùÅ  Cannot log after tests are done. Did you forget to wait for something async in your test?
    Attempted to log "[ChatService.sendMessage] Exit - Processed message via Fallback engine".

    [0m [90m 608 |[39m       [36mawait[39m [36mthis[39m[33m.[39mlogWorkflowTrace(sessionId[33m,[39m 
[32m'FALLBACK'[39m[33m,[39m [32m'STEP_TRANSITION'[39m[33m,[39m state[33m.[39mworkflow[33m,[39m 
stepBefore[33m,[39m [33mString[39m(state[33m.[39mstep)[33m,[39m sanitizedMessage)[33m;[39m
     [90m 609 |[39m       [36mawait[39m [36mthis[39m[33m.[39msaveSession(sessionId[33m,[39m state)[33m;[39m
    [31m[1m>[22m[39m[90m 610 |[39m       console[33m.[39mlog([32m'[ChatService.sendMessage] Exit - Processed 
message via Fallback engine'[39m)[33m;[39m
     [90m     |[39m               [31m[1m^[22m[39m
     [90m 611 |[39m       [36mreturn[39m { 
     [90m 612 |[39m         [33m...[39mlocalResult[33m,[39m 
     [90m 613 |[39m         avatar_state[33m:[39m localResult[33m.[39mavatar_state [33m||[39m 
[32m'TALKING'[39m[33m,[39m[0m

      at console.log (node_modules/@jest/console/build/index.js:311:10)
      at ChatService.sendMessage (backend/src/chat/chat.service.ts:610:15)
      at Object.<anonymous> (tests/release/complaint_workflow_gate.spec.ts:114:5)


  ΓùÅ  Cannot log after tests are done. Did you forget to wait for something async in your test?
    Attempted to log "[ChatService.sendMessage] Entry - message: Confirm Details sessionId: 
sess-gate-decoupled-1782133013619".

    [0m [90m 441 |[39m     clientLanguage[33m?[39m[33m:[39m string[33m,[39m
     [90m 442 |[39m   )[33m:[39m [33mPromise[39m[33m<[39m{ response[33m:[39m string[33m;[39m 
suggestions[33m?[39m[33m:[39m string[][33m;[39m avatar_state[33m?[39m[33m:[39m string[33m;[39m 
_debug[33m?[39m[33m:[39m any }[33m>[39m {
    [31m[1m>[22m[39m[90m 443 |[39m     console[33m.[39mlog([32m'[ChatService.sendMessage] Entry - 
message:'[39m[33m,[39m message[33m,[39m [32m'sessionId:'[39m[33m,[39m sessionId)[33m;[39m
     [90m     |[39m             [31m[1m^[22m[39m
     [90m 444 |[39m     [36mthis[39m[33m.[39manalyticsService[33m.[39mtrackHelpRequest()[33m;[39m
     [90m 445 |[39m     
     [90m 446 |[39m     [90m// Sanitize incoming message input to prevent Stored XSS[39m[0m

      at console.log (node_modules/@jest/console/build/index.js:311:10)
      at ChatService.sendMessage (backend/src/chat/chat.service.ts:443:13)
      at Object.<anonymous> (tests/release/complaint_workflow_gate.spec.ts:142:23)


  ΓùÅ  Cannot log after tests are done. Did you forget to wait for something async in your test?
    Attempted to log "SEND_MESSAGE STATE: 
{"data":{},"step":"CONFIRM_PROFILE","citizen":{"city":"Meerut","email":"","state":"Uttar 
Pradesh","pincode":"","district":"Meerut","fullName":"Manoj 
Tiwari","latitude":null,"longitude":null,"isConfirmed":false,"addressLine1":"Sadar Bazar, Meerut","addressLine2":"","mo
bileNumber":"9640810487"},"language":"en","workflow":"complaint","serviceType":null,"pendingIntent":"","applicationData
":{},"pendingWorkflow":"complaint","referenceNumber":"","languageSelected":true,"pendingScenarioId":"","pendingWorkflow
Id":"complaint","preOnboardingMobile":"9640810487","currentWorkflowState":"START","pendingWorkflowState":"START","preOn
boardingCompleted":true}".

    [0m [90m 450 |[39m     [90m// Load session state[39m
     [90m 451 |[39m     [36mconst[39m state [33m=[39m [36mawait[39m 
[36mthis[39m[33m.[39mgetOrCreateSession(sessionId)[33m;[39m
    [31m[1m>[22m[39m[90m 452 |[39m     console[33m.[39mlog([32m'SEND_MESSAGE STATE:'[39m[33m,[39m 
[33mJSON[39m[33m.[39mstringify(state))[33m;[39m
     [90m     |[39m             [31m[1m^[22m[39m
     [90m 453 |[39m     [36mconst[39m stepBefore [33m=[39m [33mString[39m(state[33m.[39mstep)[33m;[39m
     [90m 454 |[39m
     [90m 455 |[39m     [90m// Synchronize language from client request if passed[39m[0m

      at console.log (node_modules/@jest/console/build/index.js:311:10)
      at ChatService.sendMessage (backend/src/chat/chat.service.ts:452:13)
      at Object.<anonymous> (tests/release/complaint_workflow_gate.spec.ts:142:5)

[32m[Nest] 92692  - [39m22/06/2026, 6:27:02 pm [32m    LOG[39m [38;5;3m[ChatService] [39m[32mIntercepting message in onboarding state: CONFIRM_PROFILE[39m

  ΓùÅ  Cannot log after tests are done. Did you forget to wait for something async in your test?
    Attempted to log "[ChatService.sendMessage] Entry - message: 01/01/2026 sessionId: 
sess-gate-optional-1782133008606".

    [0m [90m 441 |[39m     clientLanguage[33m?[39m[33m:[39m string[33m,[39m
     [90m 442 |[39m   )[33m:[39m [33mPromise[39m[33m<[39m{ response[33m:[39m string[33m;[39m 
suggestions[33m?[39m[33m:[39m string[][33m;[39m avatar_state[33m?[39m[33m:[39m string[33m;[39m 
_debug[33m?[39m[33m:[39m any }[33m>[39m {
    [31m[1m>[22m[39m[90m 443 |[39m     console[33m.[39mlog([32m'[ChatService.sendMessage] Entry - 
message:'[39m[33m,[39m message[33m,[39m [32m'sessionId:'[39m[33m,[39m sessionId)[33m;[39m
     [90m     |[39m             [31m[1m^[22m[39m
     [90m 444 |[39m     [36mthis[39m[33m.[39manalyticsService[33m.[39mtrackHelpRequest()[33m;[39m
     [90m 445 |[39m     
     [90m 446 |[39m     [90m// Sanitize incoming message input to prevent Stored XSS[39m[0m

      at console.log (node_modules/@jest/console/build/index.js:311:10)
      at ChatService.sendMessage (backend/src/chat/chat.service.ts:443:13)
      at Object.<anonymous> (tests/release/complaint_workflow_gate.spec.ts:121:23)


  ΓùÅ  Cannot log after tests are done. Did you forget to wait for something async in your test?
    Attempted to log "SHIM BEFORE: {}".

    [0m [90m 2444 |[39m     }[33m;[39m
     [90m 2445 |[39m
    [31m[1m>[22m[39m[90m 2446 |[39m     console[33m.[39mlog([32m'SHIM BEFORE:'[39m[33m,[39m 
[33mJSON[39m[33m.[39mstringify(session[33m.[39mdata))[33m;[39m
     [90m      |[39m             [31m[1m^[22m[39m
     [90m 2447 |[39m     [36mif[39m ([33m![39msession[33m.[39mdata[33m.[39mtype [33m&&[39m 
isKnownComplaintType(session[33m.[39mdata[33m.[39mlocation)) {
     [90m 2448 |[39m       session[33m.[39mdata[33m.[39mtype [33m=[39m 
session[33m.[39mdata[33m.[39mlocation[33m;[39m
     [90m 2449 |[39m       session[33m.[39mdata[33m.[39mlocation [33m=[39m [36mnull[39m[33m;[39m[0m

      at console.log (node_modules/@jest/console/build/index.js:311:10)
      at ChatService.runComplaintWorkflow (backend/src/chat/chat.service.ts:2446:13)
      at ChatService.runCitizenIdentificationFlow (backend/src/chat/chat.service.ts:2169:30)
      at ChatService.sendMessage (backend/src/chat/chat.service.ts:475:11)
      at Object.<anonymous> (tests/release/complaint_workflow_gate.spec.ts:142:5)


  ΓùÅ  Cannot log after tests are done. Did you forget to wait for something async in your test?
    Attempted to log "SEND_MESSAGE STATE: {"data":{"imei":"123456789012345","type":"Lost Mobile / 
Theft","year":"2023","brand":"Apple","color":"Black","model":"iPhone 14","location":null,"imeiStatus":"PROVIDED","empat
hyShown":true},"step":"4","citizen":{"id":"cmqp7zdoc000bu9is3jv9ki0r","city":"Lucknow","email":"","state":"Uttar 
Pradesh","pincode":"","district":"Lucknow","fullName":"Manoj 
Tiwari","latitude":null,"longitude":null,"isConfirmed":true,"addressLine1":"Gomti Nagar, Lucknow","addressLine2":"","mo
bileNumber":"9760718066"},"language":"en","workflow":"complaint","serviceType":null,"pendingIntent":"","applicationData
":{},"pendingWorkflow":"complaint","referenceNumber":"","languageSelected":true,"pendingScenarioId":"","pendingWorkflow
Id":"complaint","preOnboardingMobile":"9760718066","currentWorkflowState":"START","pendingWorkflowState":"START","preOn
boardingCompleted":true}".

    [0m [90m 450 |[39m     [90m// Load session state[39m
     [90m 451 |[39m     [36mconst[39m state [33m=[39m [36mawait[39m 
[36mthis[39m[33m.[39mgetOrCreateSession(sessionId)[33m;[39m
    [31m[1m>[22m[39m[90m 452 |[39m     console[33m.[39mlog([32m'SEND_MESSAGE STATE:'[39m[33m,[39m 
[33mJSON[39m[33m.[39mstringify(state))[33m;[39m
     [90m     |[39m             [31m[1m^[22m[39m
     [90m 453 |[39m     [36mconst[39m stepBefore [33m=[39m [33mString[39m(state[33m.[39mstep)[33m;[39m
     [90m 454 |[39m
     [90m 455 |[39m     [90m// Synchronize language from client request if passed[39m[0m

      at console.log (node_modules/@jest/console/build/index.js:311:10)
      at ChatService.sendMessage (backend/src/chat/chat.service.ts:452:13)
      at Object.<anonymous> (tests/release/complaint_workflow_gate.spec.ts:121:5)

[32m[Nest] 92692  - [39m22/06/2026, 6:27:02 pm [32m    LOG[39m [38;5;3m[ChatService] [39m[32mForwarding message to FastAPI AI service: http://localhost:8000/chat/message[39m
  console.error
    [ChatService.sendMessage] Warning - AI Service connection failed, using local fallback: [Error: Forced connection failure for testing]

    [0m [90m 598 |[39m       }[33m;[39m
     [90m 599 |[39m     } [36mcatch[39m (e) {
    [31m[1m>[22m[39m[90m 600 |[39m       console[33m.[39merror([32m'[ChatService.sendMessage] Warning - AI Service connection failed, using local fallback:'[39m[33m,[39m e)[33m;[39m
     [90m     |[39m               [31m[1m^[22m[39m
     [90m 601 |[39m       [36mthis[39m[33m.[39mlogger[33m.[39mwarn([32m`AI Service connection failed (${e.message}). Initializing local rule-based mock workflow engine.`[39m)[33m;[39m
     [90m 602 |[39m       [36mawait[39m [36mthis[39m[33m.[39mlogWorkflowTrace(sessionId[33m,[39m [32m'FALLBACK'[39m[33m,[39m [32m'WORKFLOW_FALLBACK_USED'[39m[33m,[39m state[33m.[39mworkflow[33m,[39m stepBefore[33m,[39m [33mString[39m(state[33m.[39mstep)[33m,[39m sanitizedMessage)[33m;[39m
     [90m 603 |[39m       [36mconst[39m localResult [33m=[39m [36mawait[39m [36mthis[39m[33m.[39mhandleLocalFallback(sanitizedMessage[33m,[39m sessionId[33m,[39m state)[33m;[39m[0m

      at ChatService.sendMessage (backend/src/chat/chat.service.ts:600:15)
      at Object.<anonymous> (tests/release/complaint_workflow_gate.spec.ts:121:5)

[33m[Nest] 92692  - [39m22/06/2026, 6:27:02 pm [33m   WARN[39m [38;5;3m[ChatService] [39m[33mAI Service connection failed (Forced connection failure for testing). Initializing local rule-based mock workflow engine.[39m

  ΓùÅ  Cannot log after tests are done. Did you forget to wait for something async in your test?
    Attempted to log "[ChatService.sendMessage] Entry - message: Lost Mobile / Theft sessionId: 
sess-gate-decoupled-1782133013619".

    [0m [90m 441 |[39m     clientLanguage[33m?[39m[33m:[39m string[33m,[39m
     [90m 442 |[39m   )[33m:[39m [33mPromise[39m[33m<[39m{ response[33m:[39m string[33m;[39m 
suggestions[33m?[39m[33m:[39m string[][33m;[39m avatar_state[33m?[39m[33m:[39m string[33m;[39m 
_debug[33m?[39m[33m:[39m any }[33m>[39m {
    [31m[1m>[22m[39m[90m 443 |[39m     console[33m.[39mlog([32m'[ChatService.sendMessage] Entry - 
message:'[39m[33m,[39m message[33m,[39m [32m'sessionId:'[39m[33m,[39m sessionId)[33m;[39m
     [90m     |[39m             [31m[1m^[22m[39m
     [90m 444 |[39m     [36mthis[39m[33m.[39manalyticsService[33m.[39mtrackHelpRequest()[33m;[39m
     [90m 445 |[39m     
     [90m 446 |[39m     [90m// Sanitize incoming message input to prevent Stored XSS[39m[0m

      at console.log (node_modules/@jest/console/build/index.js:311:10)
      at ChatService.sendMessage (backend/src/chat/chat.service.ts:443:13)
      at Object.<anonymous> (tests/release/complaint_workflow_gate.spec.ts:144:23)


  ΓùÅ  Cannot log after tests are done. Did you forget to wait for something async in your test?
    Attempted to log "SHIM BEFORE: {"imei":"123456789012345","type":"Lost Mobile / 
Theft","year":"2023","brand":"Apple","color":"Black","model":"iPhone 
14","location":null,"imeiStatus":"PROVIDED","empathyShown":true}".

    [0m [90m 2444 |[39m     }[33m;[39m
     [90m 2445 |[39m
    [31m[1m>[22m[39m[90m 2446 |[39m     console[33m.[39mlog([32m'SHIM BEFORE:'[39m[33m,[39m 
[33mJSON[39m[33m.[39mstringify(session[33m.[39mdata))[33m;[39m
     [90m      |[39m             [31m[1m^[22m[39m
     [90m 2447 |[39m     [36mif[39m ([33m![39msession[33m.[39mdata[33m.[39mtype [33m&&[39m 
isKnownComplaintType(session[33m.[39mdata[33m.[39mlocation)) {
     [90m 2448 |[39m       session[33m.[39mdata[33m.[39mtype [33m=[39m 
session[33m.[39mdata[33m.[39mlocation[33m;[39m
     [90m 2449 |[39m       session[33m.[39mdata[33m.[39mlocation [33m=[39m [36mnull[39m[33m;[39m[0m

      at console.log (node_modules/@jest/console/build/index.js:311:10)
      at ChatService.runComplaintWorkflow (backend/src/chat/chat.service.ts:2446:13)
      at ChatService.handleLocalFallback (backend/src/chat/chat.service.ts:1505:26)
      at ChatService.sendMessage (backend/src/chat/chat.service.ts:603:27)
      at Object.<anonymous> (tests/release/complaint_workflow_gate.spec.ts:121:5)


  ΓùÅ  Cannot log after tests are done. Did you forget to wait for something async in your test?
    Attempted to log "SEND_MESSAGE STATE: 
{"data":{},"step":"2","citizen":{"id":"cmqp7zkfs0010u9isa3ufxr6t","city":"Meerut","email":"","state":"Uttar 
Pradesh","pincode":"","district":"Meerut","fullName":"Manoj 
Tiwari","latitude":null,"longitude":null,"isConfirmed":true,"addressLine1":"Sadar Bazar, Meerut","addressLine2":"","mob
ileNumber":"9640810487"},"language":"en","workflow":"complaint","serviceType":null,"pendingIntent":"","applicationData"
:{},"pendingWorkflow":"complaint","referenceNumber":"","languageSelected":true,"pendingScenarioId":"","pendingWorkflowI
d":"complaint","preOnboardingMobile":"9640810487","currentWorkflowState":"START","pendingWorkflowState":"START","preOnb
oardingCompleted":true}".

    [0m [90m 450 |[39m     [90m// Load session state[39m
     [90m 451 |[39m     [36mconst[39m state [33m=[39m [36mawait[39m 
[36mthis[39m[33m.[39mgetOrCreateSession(sessionId)[33m;[39m
    [31m[1m>[22m[39m[90m 452 |[39m     console[33m.[39mlog([32m'SEND_MESSAGE STATE:'[39m[33m,[39m 
[33mJSON[39m[33m.[39mstringify(state))[33m;[39m
     [90m     |[39m             [31m[1m^[22m[39m
     [90m 453 |[39m     [36mconst[39m stepBefore [33m=[39m [33mString[39m(state[33m.[39mstep)[33m;[39m
     [90m 454 |[39m
     [90m 455 |[39m     [90m// Synchronize language from client request if passed[39m[0m

      at console.log (node_modules/@jest/console/build/index.js:311:10)
      at ChatService.sendMessage (backend/src/chat/chat.service.ts:452:13)
      at Object.<anonymous> (tests/release/complaint_workflow_gate.spec.ts:144:5)

[32m[Nest] 92692  - [39m22/06/2026, 6:27:02 pm [32m    LOG[39m [38;5;3m[ChatService] [39m[32mForwarding message to FastAPI AI service: http://localhost:8000/chat/message[39m
  console.error
    [ChatService.sendMessage] Warning - AI Service connection failed, using local fallback: [Error: Forced connection failure for testing]

    [0m [90m 598 |[39m       }[33m;[39m
     [90m 599 |[39m     } [36mcatch[39m (e) {
    [31m[1m>[22m[39m[90m 600 |[39m       console[33m.[39merror([32m'[ChatService.sendMessage] Warning - AI Service connection failed, using local fallback:'[39m[33m,[39m e)[33m;[39m
     [90m     |[39m               [31m[1m^[22m[39m
     [90m 601 |[39m       [36mthis[39m[33m.[39mlogger[33m.[39mwarn([32m`AI Service connection failed (${e.message}). Initializing local rule-based mock workflow engine.`[39m)[33m;[39m
     [90m 602 |[39m       [36mawait[39m [36mthis[39m[33m.[39mlogWorkflowTrace(sessionId[33m,[39m [32m'FALLBACK'[39m[33m,[39m [32m'WORKFLOW_FALLBACK_USED'[39m[33m,[39m state[33m.[39mworkflow[33m,[39m stepBefore[33m,[39m [33mString[39m(state[33m.[39mstep)[33m,[39m sanitizedMessage)[33m;[39m
     [90m 603 |[39m       [36mconst[39m localResult [33m=[39m [36mawait[39m [36mthis[39m[33m.[39mhandleLocalFallback(sanitizedMessage[33m,[39m sessionId[33m,[39m state)[33m;[39m[0m

      at ChatService.sendMessage (backend/src/chat/chat.service.ts:600:15)
      at Object.<anonymous> (tests/release/complaint_workflow_gate.spec.ts:144:5)

[33m[Nest] 92692  - [39m22/06/2026, 6:27:02 pm [33m   WARN[39m [38;5;3m[ChatService] [39m[33mAI Service connection failed (Forced connection failure for testing). Initializing local rule-based mock workflow engine.[39m

  ΓùÅ  Cannot log after tests are done. Did you forget to wait for something async in your test?
    Attempted to log "SHIM BEFORE: {"empathyShown":true}".

    [0m [90m 2444 |[39m     }[33m;[39m
     [90m 2445 |[39m
    [31m[1m>[22m[39m[90m 2446 |[39m     console[33m.[39mlog([32m'SHIM BEFORE:'[39m[33m,[39m 
[33mJSON[39m[33m.[39mstringify(session[33m.[39mdata))[33m;[39m
     [90m      |[39m             [31m[1m^[22m[39m
     [90m 2447 |[39m     [36mif[39m ([33m![39msession[33m.[39mdata[33m.[39mtype [33m&&[39m 
isKnownComplaintType(session[33m.[39mdata[33m.[39mlocation)) {
     [90m 2448 |[39m       session[33m.[39mdata[33m.[39mtype [33m=[39m 
session[33m.[39mdata[33m.[39mlocation[33m;[39m
     [90m 2449 |[39m       session[33m.[39mdata[33m.[39mlocation [33m=[39m [36mnull[39m[33m;[39m[0m

      at console.log (node_modules/@jest/console/build/index.js:311:10)
      at ChatService.runComplaintWorkflow (backend/src/chat/chat.service.ts:2446:13)
      at ChatService.handleLocalFallback (backend/src/chat/chat.service.ts:1505:26)
      at ChatService.sendMessage (backend/src/chat/chat.service.ts:603:27)
      at Object.<anonymous> (tests/release/complaint_workflow_gate.spec.ts:144:5)


  ΓùÅ  Cannot log after tests are done. Did you forget to wait for something async in your test?
    Attempted to log "[ChatService.sendMessage] Exit - Processed message via Fallback engine".

    [0m [90m 608 |[39m       [36mawait[39m [36mthis[39m[33m.[39mlogWorkflowTrace(sessionId[33m,[39m 
[32m'FALLBACK'[39m[33m,[39m [32m'STEP_TRANSITION'[39m[33m,[39m state[33m.[39mworkflow[33m,[39m 
stepBefore[33m,[39m [33mString[39m(state[33m.[39mstep)[33m,[39m sanitizedMessage)[33m;[39m
     [90m 609 |[39m       [36mawait[39m [36mthis[39m[33m.[39msaveSession(sessionId[33m,[39m state)[33m;[39m
    [31m[1m>[22m[39m[90m 610 |[39m       console[33m.[39mlog([32m'[ChatService.sendMessage] Exit - Processed 
message via Fallback engine'[39m)[33m;[39m
     [90m     |[39m               [31m[1m^[22m[39m
     [90m 611 |[39m       [36mreturn[39m { 
     [90m 612 |[39m         [33m...[39mlocalResult[33m,[39m 
     [90m 613 |[39m         avatar_state[33m:[39m localResult[33m.[39mavatar_state [33m||[39m 
[32m'TALKING'[39m[33m,[39m[0m

      at console.log (node_modules/@jest/console/build/index.js:311:10)
      at ChatService.sendMessage (backend/src/chat/chat.service.ts:610:15)
      at Object.<anonymous> (tests/release/complaint_workflow_gate.spec.ts:144:5)


  ΓùÅ  Cannot log after tests are done. Did you forget to wait for something async in your test?
    Attempted to log "[ChatService.sendMessage] Entry - message: Apple sessionId: sess-gate-decoupled-1782133013619".

    [0m [90m 441 |[39m     clientLanguage[33m?[39m[33m:[39m string[33m,[39m
     [90m 442 |[39m   )[33m:[39m [33mPromise[39m[33m<[39m{ response[33m:[39m string[33m;[39m 
suggestions[33m?[39m[33m:[39m string[][33m;[39m avatar_state[33m?[39m[33m:[39m string[33m;[39m 
_debug[33m?[39m[33m:[39m any }[33m>[39m {
    [31m[1m>[22m[39m[90m 443 |[39m     console[33m.[39mlog([32m'[ChatService.sendMessage] Entry - 
message:'[39m[33m,[39m message[33m,[39m [32m'sessionId:'[39m[33m,[39m sessionId)[33m;[39m
     [90m     |[39m             [31m[1m^[22m[39m
     [90m 444 |[39m     [36mthis[39m[33m.[39manalyticsService[33m.[39mtrackHelpRequest()[33m;[39m
     [90m 445 |[39m     
     [90m 446 |[39m     [90m// Sanitize incoming message input to prevent Stored XSS[39m[0m

      at console.log (node_modules/@jest/console/build/index.js:311:10)
      at ChatService.sendMessage (backend/src/chat/chat.service.ts:443:13)
      at Object.<anonymous> (tests/release/complaint_workflow_gate.spec.ts:145:23)


  ΓùÅ  Cannot log after tests are done. Did you forget to wait for something async in your test?
    Attempted to log "SEND_MESSAGE STATE: {"data":{"type":"Lost Mobile / Theft","empathyShown":true},"step":"2_brand","
citizen":{"id":"cmqp7zkfs0010u9isa3ufxr6t","city":"Meerut","email":"","state":"Uttar 
Pradesh","pincode":"","district":"Meerut","fullName":"Manoj 
Tiwari","latitude":null,"longitude":null,"isConfirmed":true,"addressLine1":"Sadar Bazar, Meerut","addressLine2":"","mob
ileNumber":"9640810487"},"language":"en","workflow":"complaint","serviceType":null,"pendingIntent":"","applicationData"
:{},"pendingWorkflow":"complaint","referenceNumber":"","languageSelected":true,"pendingScenarioId":"","pendingWorkflowI
d":"complaint","preOnboardingMobile":"9640810487","currentWorkflowState":"START","pendingWorkflowState":"START","preOnb
oardingCompleted":true}".

    [0m [90m 450 |[39m     [90m// Load session state[39m
     [90m 451 |[39m     [36mconst[39m state [33m=[39m [36mawait[39m 
[36mthis[39m[33m.[39mgetOrCreateSession(sessionId)[33m;[39m
    [31m[1m>[22m[39m[90m 452 |[39m     console[33m.[39mlog([32m'SEND_MESSAGE STATE:'[39m[33m,[39m 
[33mJSON[39m[33m.[39mstringify(state))[33m;[39m
     [90m     |[39m             [31m[1m^[22m[39m
     [90m 453 |[39m     [36mconst[39m stepBefore [33m=[39m [33mString[39m(state[33m.[39mstep)[33m;[39m
     [90m 454 |[39m
     [90m 455 |[39m     [90m// Synchronize language from client request if passed[39m[0m

      at console.log (node_modules/@jest/console/build/index.js:311:10)
      at ChatService.sendMessage (backend/src/chat/chat.service.ts:452:13)
      at Object.<anonymous> (tests/release/complaint_workflow_gate.spec.ts:145:5)

[32m[Nest] 92692  - [39m22/06/2026, 6:27:03 pm [32m    LOG[39m [38;5;3m[ChatService] [39m[32mForwarding message to FastAPI AI service: http://localhost:8000/chat/message[39m
  console.error
    [ChatService.sendMessage] Warning - AI Service connection failed, using local fallback: [Error: Forced connection failure for testing]

    [0m [90m 598 |[39m       }[33m;[39m
     [90m 599 |[39m     } [36mcatch[39m (e) {
    [31m[1m>[22m[39m[90m 600 |[39m       console[33m.[39merror([32m'[ChatService.sendMessage] Warning - AI Service connection failed, using local fallback:'[39m[33m,[39m e)[33m;[39m
     [90m     |[39m               [31m[1m^[22m[39m
     [90m 601 |[39m       [36mthis[39m[33m.[39mlogger[33m.[39mwarn([32m`AI Service connection failed (${e.message}). Initializing local rule-based mock workflow engine.`[39m)[33m;[39m
     [90m 602 |[39m       [36mawait[39m [36mthis[39m[33m.[39mlogWorkflowTrace(sessionId[33m,[39m [32m'FALLBACK'[39m[33m,[39m [32m'WORKFLOW_FALLBACK_USED'[39m[33m,[39m state[33m.[39mworkflow[33m,[39m stepBefore[33m,[39m [33mString[39m(state[33m.[39mstep)[33m,[39m sanitizedMessage)[33m;[39m
     [90m 603 |[39m       [36mconst[39m localResult [33m=[39m [36mawait[39m [36mthis[39m[33m.[39mhandleLocalFallback(sanitizedMessage[33m,[39m sessionId[33m,[39m state)[33m;[39m[0m

      at ChatService.sendMessage (backend/src/chat/chat.service.ts:600:15)
      at Object.<anonymous> (tests/release/complaint_workflow_gate.spec.ts:145:5)

[33m[Nest] 92692  - [39m22/06/2026, 6:27:03 pm [33m   WARN[39m [38;5;3m[ChatService] [39m[33mAI Service connection failed (Forced connection failure for testing). Initializing local rule-based mock workflow engine.[39m

  ΓùÅ  Cannot log after tests are done. Did you forget to wait for something async in your test?
    Attempted to log "SHIM BEFORE: {"type":"Lost Mobile / Theft","empathyShown":true}".

    [0m [90m 2444 |[39m     }[33m;[39m
     [90m 2445 |[39m
    [31m[1m>[22m[39m[90m 2446 |[39m     console[33m.[39mlog([32m'SHIM BEFORE:'[39m[33m,[39m 
[33mJSON[39m[33m.[39mstringify(session[33m.[39mdata))[33m;[39m
     [90m      |[39m             [31m[1m^[22m[39m
     [90m 2447 |[39m     [36mif[39m ([33m![39msession[33m.[39mdata[33m.[39mtype [33m&&[39m 
isKnownComplaintType(session[33m.[39mdata[33m.[39mlocation)) {
     [90m 2448 |[39m       session[33m.[39mdata[33m.[39mtype [33m=[39m 
session[33m.[39mdata[33m.[39mlocation[33m;[39m
     [90m 2449 |[39m       session[33m.[39mdata[33m.[39mlocation [33m=[39m [36mnull[39m[33m;[39m[0m

      at console.log (node_modules/@jest/console/build/index.js:311:10)
      at ChatService.runComplaintWorkflow (backend/src/chat/chat.service.ts:2446:13)
      at ChatService.handleLocalFallback (backend/src/chat/chat.service.ts:1505:26)
      at ChatService.sendMessage (backend/src/chat/chat.service.ts:603:27)
      at Object.<anonymous> (tests/release/complaint_workflow_gate.spec.ts:145:5)


  ΓùÅ  Cannot log after tests are done. Did you forget to wait for something async in your test?
    Attempted to log "[ChatService.sendMessage] Exit - Processed message via Fallback engine".

    [0m [90m 608 |[39m       [36mawait[39m [36mthis[39m[33m.[39mlogWorkflowTrace(sessionId[33m,[39m 
[32m'FALLBACK'[39m[33m,[39m [32m'STEP_TRANSITION'[39m[33m,[39m state[33m.[39mworkflow[33m,[39m 
stepBefore[33m,[39m [33mString[39m(state[33m.[39mstep)[33m,[39m sanitizedMessage)[33m;[39m
     [90m 609 |[39m       [36mawait[39m [36mthis[39m[33m.[39msaveSession(sessionId[33m,[39m state)[33m;[39m
    [31m[1m>[22m[39m[90m 610 |[39m       console[33m.[39mlog([32m'[ChatService.sendMessage] Exit - Processed 
message via Fallback engine'[39m)[33m;[39m
     [90m     |[39m               [31m[1m^[22m[39m
     [90m 611 |[39m       [36mreturn[39m { 
     [90m 612 |[39m         [33m...[39mlocalResult[33m,[39m 
     [90m 613 |[39m         avatar_state[33m:[39m localResult[33m.[39mavatar_state [33m||[39m 
[32m'TALKING'[39m[33m,[39m[0m

      at console.log (node_modules/@jest/console/build/index.js:311:10)
      at ChatService.sendMessage (backend/src/chat/chat.service.ts:610:15)
      at Object.<anonymous> (tests/release/complaint_workflow_gate.spec.ts:145:5)


  ΓùÅ  Cannot log after tests are done. Did you forget to wait for something async in your test?
    Attempted to log "[ChatService.sendMessage] Entry - message: iPhone 14 sessionId: 
sess-gate-decoupled-1782133013619".

    [0m [90m 441 |[39m     clientLanguage[33m?[39m[33m:[39m string[33m,[39m
     [90m 442 |[39m   )[33m:[39m [33mPromise[39m[33m<[39m{ response[33m:[39m string[33m;[39m 
suggestions[33m?[39m[33m:[39m string[][33m;[39m avatar_state[33m?[39m[33m:[39m string[33m;[39m 
_debug[33m?[39m[33m:[39m any }[33m>[39m {
    [31m[1m>[22m[39m[90m 443 |[39m     console[33m.[39mlog([32m'[ChatService.sendMessage] Entry - 
message:'[39m[33m,[39m message[33m,[39m [32m'sessionId:'[39m[33m,[39m sessionId)[33m;[39m
     [90m     |[39m             [31m[1m^[22m[39m
     [90m 444 |[39m     [36mthis[39m[33m.[39manalyticsService[33m.[39mtrackHelpRequest()[33m;[39m
     [90m 445 |[39m     
     [90m 446 |[39m     [90m// Sanitize incoming message input to prevent Stored XSS[39m[0m

      at console.log (node_modules/@jest/console/build/index.js:311:10)
      at ChatService.sendMessage (backend/src/chat/chat.service.ts:443:13)
      at Object.<anonymous> (tests/release/complaint_workflow_gate.spec.ts:146:23)


  ΓùÅ  Cannot log after tests are done. Did you forget to wait for something async in your test?
    Attempted to log "SEND_MESSAGE STATE: {"data":{"type":"Lost Mobile / Theft","brand":"Apple","empathyShown":true},"s
tep":"2_model","citizen":{"id":"cmqp7zkfs0010u9isa3ufxr6t","city":"Meerut","email":"","state":"Uttar 
Pradesh","pincode":"","district":"Meerut","fullName":"Manoj 
Tiwari","latitude":null,"longitude":null,"isConfirmed":true,"addressLine1":"Sadar Bazar, Meerut","addressLine2":"","mob
ileNumber":"9640810487"},"language":"en","workflow":"complaint","serviceType":null,"pendingIntent":"","applicationData"
:{},"pendingWorkflow":"complaint","referenceNumber":"","languageSelected":true,"pendingScenarioId":"","pendingWorkflowI
d":"complaint","preOnboardingMobile":"9640810487","currentWorkflowState":"START","pendingWorkflowState":"START","preOnb
oardingCompleted":true}".

    [0m [90m 450 |[39m     [90m// Load session state[39m
     [90m 451 |[39m     [36mconst[39m state [33m=[39m [36mawait[39m 
[36mthis[39m[33m.[39mgetOrCreateSession(sessionId)[33m;[39m
    [31m[1m>[22m[39m[90m 452 |[39m     console[33m.[39mlog([32m'SEND_MESSAGE STATE:'[39m[33m,[39m 
[33mJSON[39m[33m.[39mstringify(state))[33m;[39m
     [90m     |[39m             [31m[1m^[22m[39m
     [90m 453 |[39m     [36mconst[39m stepBefore [33m=[39m [33mString[39m(state[33m.[39mstep)[33m;[39m
     [90m 454 |[39m
     [90m 455 |[39m     [90m// Synchronize language from client request if passed[39m[0m

      at console.log (node_modules/@jest/console/build/index.js:311:10)
      at ChatService.sendMessage (backend/src/chat/chat.service.ts:452:13)
      at Object.<anonymous> (tests/release/complaint_workflow_gate.spec.ts:146:5)

[32m[Nest] 92692  - [39m22/06/2026, 6:27:04 pm [32m    LOG[39m [38;5;3m[ChatService] [39m[32mForwarding message to FastAPI AI service: http://localhost:8000/chat/message[39m
  console.error
    [ChatService.sendMessage] Warning - AI Service connection failed, using local fallback: [Error: Forced connection failure for testing]

    [0m [90m 598 |[39m       }[33m;[39m
     [90m 599 |[39m     } [36mcatch[39m (e) {
    [31m[1m>[22m[39m[90m 600 |[39m       console[33m.[39merror([32m'[ChatService.sendMessage] Warning - AI Service connection failed, using local fallback:'[39m[33m,[39m e)[33m;[39m
     [90m     |[39m               [31m[1m^[22m[39m
     [90m 601 |[39m       [36mthis[39m[33m.[39mlogger[33m.[39mwarn([32m`AI Service connection failed (${e.message}). Initializing local rule-based mock workflow engine.`[39m)[33m;[39m
     [90m 602 |[39m       [36mawait[39m [36mthis[39m[33m.[39mlogWorkflowTrace(sessionId[33m,[39m [32m'FALLBACK'[39m[33m,[39m [32m'WORKFLOW_FALLBACK_USED'[39m[33m,[39m state[33m.[39mworkflow[33m,[39m stepBefore[33m,[39m [33mString[39m(state[33m.[39mstep)[33m,[39m sanitizedMessage)[33m;[39m
     [90m 603 |[39m       [36mconst[39m localResult [33m=[39m [36mawait[39m [36mthis[39m[33m.[39mhandleLocalFallback(sanitizedMessage[33m,[39m sessionId[33m,[39m state)[33m;[39m[0m

      at ChatService.sendMessage (backend/src/chat/chat.service.ts:600:15)
      at Object.<anonymous> (tests/release/complaint_workflow_gate.spec.ts:146:5)

[33m[Nest] 92692  - [39m22/06/2026, 6:27:04 pm [33m   WARN[39m [38;5;3m[ChatService] [39m[33mAI Service connection failed (Forced connection failure for testing). Initializing local rule-based mock workflow engine.[39m

  ΓùÅ  Cannot log after tests are done. Did you forget to wait for something async in your test?
    Attempted to log "[ChatService.sendMessage] Exit - Processed message via Fallback engine".

    [0m [90m 608 |[39m       [36mawait[39m [36mthis[39m[33m.[39mlogWorkflowTrace(sessionId[33m,[39m 
[32m'FALLBACK'[39m[33m,[39m [32m'STEP_TRANSITION'[39m[33m,[39m state[33m.[39mworkflow[33m,[39m 
stepBefore[33m,[39m [33mString[39m(state[33m.[39mstep)[33m,[39m sanitizedMessage)[33m;[39m
     [90m 609 |[39m       [36mawait[39m [36mthis[39m[33m.[39msaveSession(sessionId[33m,[39m state)[33m;[39m
    [31m[1m>[22m[39m[90m 610 |[39m       console[33m.[39mlog([32m'[ChatService.sendMessage] Exit - Processed 
message via Fallback engine'[39m)[33m;[39m
     [90m     |[39m               [31m[1m^[22m[39m
     [90m 611 |[39m       [36mreturn[39m { 
     [90m 612 |[39m         [33m...[39mlocalResult[33m,[39m 
     [90m 613 |[39m         avatar_state[33m:[39m localResult[33m.[39mavatar_state [33m||[39m 
[32m'TALKING'[39m[33m,[39m[0m

      at console.log (node_modules/@jest/console/build/index.js:311:10)
      at ChatService.sendMessage (backend/src/chat/chat.service.ts:610:15)
      at Object.<anonymous> (tests/release/complaint_workflow_gate.spec.ts:121:5)


  ΓùÅ  Cannot log after tests are done. Did you forget to wait for something async in your test?
    Attempted to log "[ChatService.sendMessage] Entry - message: lost my phone sessionId: 
sess-gate-optional-1782133008606".

    [0m [90m 441 |[39m     clientLanguage[33m?[39m[33m:[39m string[33m,[39m
     [90m 442 |[39m   )[33m:[39m [33mPromise[39m[33m<[39m{ response[33m:[39m string[33m;[39m 
suggestions[33m?[39m[33m:[39m string[][33m;[39m avatar_state[33m?[39m[33m:[39m string[33m;[39m 
_debug[33m?[39m[33m:[39m any }[33m>[39m {
    [31m[1m>[22m[39m[90m 443 |[39m     console[33m.[39mlog([32m'[ChatService.sendMessage] Entry - 
message:'[39m[33m,[39m message[33m,[39m [32m'sessionId:'[39m[33m,[39m sessionId)[33m;[39m
     [90m     |[39m             [31m[1m^[22m[39m
     [90m 444 |[39m     [36mthis[39m[33m.[39manalyticsService[33m.[39mtrackHelpRequest()[33m;[39m
     [90m 445 |[39m     
     [90m 446 |[39m     [90m// Sanitize incoming message input to prevent Stored XSS[39m[0m

      at console.log (node_modules/@jest/console/build/index.js:311:10)
      at ChatService.sendMessage (backend/src/chat/chat.service.ts:443:13)
      at Object.<anonymous> (tests/release/complaint_workflow_gate.spec.ts:122:41)


  ΓùÅ  Cannot log after tests are done. Did you forget to wait for something async in your test?
    Attempted to log "SHIM BEFORE: {"type":"Lost Mobile / Theft","brand":"Apple","empathyShown":true}".

    [0m [90m 2444 |[39m     }[33m;[39m
     [90m 2445 |[39m
    [31m[1m>[22m[39m[90m 2446 |[39m     console[33m.[39mlog([32m'SHIM BEFORE:'[39m[33m,[39m 
[33mJSON[39m[33m.[39mstringify(session[33m.[39mdata))[33m;[39m
     [90m      |[39m             [31m[1m^[22m[39m
     [90m 2447 |[39m     [36mif[39m ([33m![39msession[33m.[39mdata[33m.[39mtype [33m&&[39m 
isKnownComplaintType(session[33m.[39mdata[33m.[39mlocation)) {
     [90m 2448 |[39m       session[33m.[39mdata[33m.[39mtype [33m=[39m 
session[33m.[39mdata[33m.[39mlocation[33m;[39m
     [90m 2449 |[39m       session[33m.[39mdata[33m.[39mlocation [33m=[39m [36mnull[39m[33m;[39m[0m

      at console.log (node_modules/@jest/console/build/index.js:311:10)
      at ChatService.runComplaintWorkflow (backend/src/chat/chat.service.ts:2446:13)
      at ChatService.handleLocalFallback (backend/src/chat/chat.service.ts:1505:26)
      at ChatService.sendMessage (backend/src/chat/chat.service.ts:603:27)
      at Object.<anonymous> (tests/release/complaint_workflow_gate.spec.ts:146:5)


  ΓùÅ  Cannot log after tests are done. Did you forget to wait for something async in your test?
    Attempted to log "SEND_MESSAGE STATE: {"data":{"imei":"123456789012345","time":"01/01/2026","type":"Lost Mobile / 
Theft","year":"2023","brand":"Apple","color":"Black","model":"iPhone 14","location":null,"imeiStatus":"PROVIDED","empat
hyShown":true},"step":"5","citizen":{"id":"cmqp7zdoc000bu9is3jv9ki0r","city":"Lucknow","email":"","state":"Uttar 
Pradesh","pincode":"","district":"Lucknow","fullName":"Manoj 
Tiwari","latitude":null,"longitude":null,"isConfirmed":true,"addressLine1":"Gomti Nagar, Lucknow","addressLine2":"","mo
bileNumber":"9760718066"},"language":"en","workflow":"complaint","serviceType":null,"pendingIntent":"","applicationData
":{},"pendingWorkflow":"complaint","referenceNumber":"","languageSelected":true,"pendingScenarioId":"","pendingWorkflow
Id":"complaint","preOnboardingMobile":"9760718066","currentWorkflowState":"START","pendingWorkflowState":"START","preOn
boardingCompleted":true}".

    [0m [90m 450 |[39m     [90m// Load session state[39m
     [90m 451 |[39m     [36mconst[39m state [33m=[39m [36mawait[39m 
[36mthis[39m[33m.[39mgetOrCreateSession(sessionId)[33m;[39m
    [31m[1m>[22m[39m[90m 452 |[39m     console[33m.[39mlog([32m'SEND_MESSAGE STATE:'[39m[33m,[39m 
[33mJSON[39m[33m.[39mstringify(state))[33m;[39m
     [90m     |[39m             [31m[1m^[22m[39m
     [90m 453 |[39m     [36mconst[39m stepBefore [33m=[39m [33mString[39m(state[33m.[39mstep)[33m;[39m
     [90m 454 |[39m
     [90m 455 |[39m     [90m// Synchronize language from client request if passed[39m[0m

      at console.log (node_modules/@jest/console/build/index.js:311:10)
      at ChatService.sendMessage (backend/src/chat/chat.service.ts:452:13)
      at Object.<anonymous> (tests/release/complaint_workflow_gate.spec.ts:122:23)

[32m[Nest] 92692  - [39m22/06/2026, 6:27:04 pm [32m    LOG[39m [38;5;3m[ChatService] [39m[32mForwarding message to FastAPI AI service: http://localhost:8000/chat/message[39m
  console.error
    [ChatService.sendMessage] Warning - AI Service connection failed, using local fallback: [Error: Forced connection failure for testing]

    [0m [90m 598 |[39m       }[33m;[39m
     [90m 599 |[39m     } [36mcatch[39m (e) {
    [31m[1m>[22m[39m[90m 600 |[39m       console[33m.[39merror([32m'[ChatService.sendMessage] Warning - AI Service connection failed, using local fallback:'[39m[33m,[39m e)[33m;[39m
     [90m     |[39m               [31m[1m^[22m[39m
     [90m 601 |[39m       [36mthis[39m[33m.[39mlogger[33m.[39mwarn([32m`AI Service connection failed (${e.message}). Initializing local rule-based mock workflow engine.`[39m)[33m;[39m
     [90m 602 |[39m       [36mawait[39m [36mthis[39m[33m.[39mlogWorkflowTrace(sessionId[33m,[39m [32m'FALLBACK'[39m[33m,[39m [32m'WORKFLOW_FALLBACK_USED'[39m[33m,[39m state[33m.[39mworkflow[33m,[39m stepBefore[33m,[39m [33mString[39m(state[33m.[39mstep)[33m,[39m sanitizedMessage)[33m;[39m
     [90m 603 |[39m       [36mconst[39m localResult [33m=[39m [36mawait[39m [36mthis[39m[33m.[39mhandleLocalFallback(sanitizedMessage[33m,[39m sessionId[33m,[39m state)[33m;[39m[0m

      at ChatService.sendMessage (backend/src/chat/chat.service.ts:600:15)
      at Object.<anonymous> (tests/release/complaint_workflow_gate.spec.ts:122:23)

[33m[Nest] 92692  - [39m22/06/2026, 6:27:04 pm [33m   WARN[39m [38;5;3m[ChatService] [39m[33mAI Service connection failed (Forced connection failure for testing). Initializing local rule-based mock workflow engine.[39m

  ΓùÅ  Cannot log after tests are done. Did you forget to wait for something async in your test?
    Attempted to log "SHIM BEFORE: {"imei":"123456789012345","time":"01/01/2026","type":"Lost Mobile / 
Theft","year":"2023","brand":"Apple","color":"Black","model":"iPhone 
14","location":null,"imeiStatus":"PROVIDED","empathyShown":true}".

    [0m [90m 2444 |[39m     }[33m;[39m
     [90m 2445 |[39m
    [31m[1m>[22m[39m[90m 2446 |[39m     console[33m.[39mlog([32m'SHIM BEFORE:'[39m[33m,[39m 
[33mJSON[39m[33m.[39mstringify(session[33m.[39mdata))[33m;[39m
     [90m      |[39m             [31m[1m^[22m[39m
     [90m 2447 |[39m     [36mif[39m ([33m![39msession[33m.[39mdata[33m.[39mtype [33m&&[39m 
isKnownComplaintType(session[33m.[39mdata[33m.[39mlocation)) {
     [90m 2448 |[39m       session[33m.[39mdata[33m.[39mtype [33m=[39m 
session[33m.[39mdata[33m.[39mlocation[33m;[39m
     [90m 2449 |[39m       session[33m.[39mdata[33m.[39mlocation [33m=[39m [36mnull[39m[33m;[39m[0m

      at console.log (node_modules/@jest/console/build/index.js:311:10)
      at ChatService.runComplaintWorkflow (backend/src/chat/chat.service.ts:2446:13)
      at ChatService.handleLocalFallback (backend/src/chat/chat.service.ts:1505:26)
      at ChatService.sendMessage (backend/src/chat/chat.service.ts:603:27)
      at Object.<anonymous> (tests/release/complaint_workflow_gate.spec.ts:122:23)


  ΓùÅ  Cannot log after tests are done. Did you forget to wait for something async in your test?
    Attempted to log "[ChatService.sendMessage] Exit - Processed message via Fallback engine".

    [0m [90m 608 |[39m       [36mawait[39m [36mthis[39m[33m.[39mlogWorkflowTrace(sessionId[33m,[39m 
[32m'FALLBACK'[39m[33m,[39m [32m'STEP_TRANSITION'[39m[33m,[39m state[33m.[39mworkflow[33m,[39m 
stepBefore[33m,[39m [33mString[39m(state[33m.[39mstep)[33m,[39m sanitizedMessage)[33m;[39m
     [90m 609 |[39m       [36mawait[39m [36mthis[39m[33m.[39msaveSession(sessionId[33m,[39m state)[33m;[39m
    [31m[1m>[22m[39m[90m 610 |[39m       console[33m.[39mlog([32m'[ChatService.sendMessage] Exit - Processed 
message via Fallback engine'[39m)[33m;[39m
     [90m     |[39m               [31m[1m^[22m[39m
     [90m 611 |[39m       [36mreturn[39m { 
     [90m 612 |[39m         [33m...[39mlocalResult[33m,[39m 
     [90m 613 |[39m         avatar_state[33m:[39m localResult[33m.[39mavatar_state [33m||[39m 
[32m'TALKING'[39m[33m,[39m[0m

      at console.log (node_modules/@jest/console/build/index.js:311:10)
      at ChatService.sendMessage (backend/src/chat/chat.service.ts:610:15)
      at Object.<anonymous> (tests/release/complaint_workflow_gate.spec.ts:146:5)


  ΓùÅ  Cannot log after tests are done. Did you forget to wait for something async in your test?
    Attempted to log "[ChatService.sendMessage] Entry - message: Black sessionId: sess-gate-decoupled-1782133013619".

    [0m [90m 441 |[39m     clientLanguage[33m?[39m[33m:[39m string[33m,[39m
     [90m 442 |[39m   )[33m:[39m [33mPromise[39m[33m<[39m{ response[33m:[39m string[33m;[39m 
suggestions[33m?[39m[33m:[39m string[][33m;[39m avatar_state[33m?[39m[33m:[39m string[33m;[39m 
_debug[33m?[39m[33m:[39m any }[33m>[39m {
    [31m[1m>[22m[39m[90m 443 |[39m     console[33m.[39mlog([32m'[ChatService.sendMessage] Entry - 
message:'[39m[33m,[39m message[33m,[39m [32m'sessionId:'[39m[33m,[39m sessionId)[33m;[39m
     [90m     |[39m             [31m[1m^[22m[39m
     [90m 444 |[39m     [36mthis[39m[33m.[39manalyticsService[33m.[39mtrackHelpRequest()[33m;[39m
     [90m 445 |[39m     
     [90m 446 |[39m     [90m// Sanitize incoming message input to prevent Stored XSS[39m[0m

      at console.log (node_modules/@jest/console/build/index.js:311:10)
      at ChatService.sendMessage (backend/src/chat/chat.service.ts:443:13)
      at Object.<anonymous> (tests/release/complaint_workflow_gate.spec.ts:147:23)


  ΓùÅ  Cannot log after tests are done. Did you forget to wait for something async in your test?
    Attempted to log "SEND_MESSAGE STATE: {"data":{"type":"Lost Mobile / Theft","brand":"Apple","model":"iPhone 14","em
pathyShown":true},"step":"2_color","citizen":{"id":"cmqp7zkfs0010u9isa3ufxr6t","city":"Meerut","email":"","state":"Utta
r Pradesh","pincode":"","district":"Meerut","fullName":"Manoj 
Tiwari","latitude":null,"longitude":null,"isConfirmed":true,"addressLine1":"Sadar Bazar, Meerut","addressLine2":"","mob
ileNumber":"9640810487"},"language":"en","workflow":"complaint","serviceType":null,"pendingIntent":"","applicationData"
:{},"pendingWorkflow":"complaint","referenceNumber":"","languageSelected":true,"pendingScenarioId":"","pendingWorkflowI
d":"complaint","preOnboardingMobile":"9640810487","currentWorkflowState":"START","pendingWorkflowState":"START","preOnb
oardingCompleted":true}".

    [0m [90m 450 |[39m     [90m// Load session state[39m
     [90m 451 |[39m     [36mconst[39m state [33m=[39m [36mawait[39m 
[36mthis[39m[33m.[39mgetOrCreateSession(sessionId)[33m;[39m
    [31m[1m>[22m[39m[90m 452 |[39m     console[33m.[39mlog([32m'SEND_MESSAGE STATE:'[39m[33m,[39m 
[33mJSON[39m[33m.[39mstringify(state))[33m;[39m
     [90m     |[39m             [31m[1m^[22m[39m
     [90m 453 |[39m     [36mconst[39m stepBefore [33m=[39m [33mString[39m(state[33m.[39mstep)[33m;[39m
     [90m 454 |[39m
     [90m 455 |[39m     [90m// Synchronize language from client request if passed[39m[0m

      at console.log (node_modules/@jest/console/build/index.js:311:10)
      at ChatService.sendMessage (backend/src/chat/chat.service.ts:452:13)
      at Object.<anonymous> (tests/release/complaint_workflow_gate.spec.ts:147:5)

[32m[Nest] 92692  - [39m22/06/2026, 6:27:05 pm [32m    LOG[39m [38;5;3m[ChatService] [39m[32mForwarding message to FastAPI AI service: http://localhost:8000/chat/message[39m
  console.error
    [ChatService.sendMessage] Warning - AI Service connection failed, using local fallback: [Error: Forced connection failure for testing]

    [0m [90m 598 |[39m       }[33m;[39m
     [90m 599 |[39m     } [36mcatch[39m (e) {
    [31m[1m>[22m[39m[90m 600 |[39m       console[33m.[39merror([32m'[ChatService.sendMessage] Warning - AI Service connection failed, using local fallback:'[39m[33m,[39m e)[33m;[39m
     [90m     |[39m               [31m[1m^[22m[39m
     [90m 601 |[39m       [36mthis[39m[33m.[39mlogger[33m.[39mwarn([32m`AI Service connection failed (${e.message}). Initializing local rule-based mock workflow engine.`[39m)[33m;[39m
     [90m 602 |[39m       [36mawait[39m [36mthis[39m[33m.[39mlogWorkflowTrace(sessionId[33m,[39m [32m'FALLBACK'[39m[33m,[39m [32m'WORKFLOW_FALLBACK_USED'[39m[33m,[39m state[33m.[39mworkflow[33m,[39m stepBefore[33m,[39m [33mString[39m(state[33m.[39mstep)[33m,[39m sanitizedMessage)[33m;[39m
     [90m 603 |[39m       [36mconst[39m localResult [33m=[39m [36mawait[39m [36mthis[39m[33m.[39mhandleLocalFallback(sanitizedMessage[33m,[39m sessionId[33m,[39m state)[33m;[39m[0m

      at ChatService.sendMessage (backend/src/chat/chat.service.ts:600:15)
      at Object.<anonymous> (tests/release/complaint_workflow_gate.spec.ts:147:5)

[33m[Nest] 92692  - [39m22/06/2026, 6:27:05 pm [33m   WARN[39m [38;5;3m[ChatService] [39m[33mAI Service connection failed (Forced connection failure for testing). Initializing local rule-based mock workflow engine.[39m

  ΓùÅ  Cannot log after tests are done. Did you forget to wait for something async in your test?
    Attempted to log "[ChatService.sendMessage] Exit - Processed message via Fallback engine".

    [0m [90m 608 |[39m       [36mawait[39m [36mthis[39m[33m.[39mlogWorkflowTrace(sessionId[33m,[39m 
[32m'FALLBACK'[39m[33m,[39m [32m'STEP_TRANSITION'[39m[33m,[39m state[33m.[39mworkflow[33m,[39m 
stepBefore[33m,[39m [33mString[39m(state[33m.[39mstep)[33m,[39m sanitizedMessage)[33m;[39m
     [90m 609 |[39m       [36mawait[39m [36mthis[39m[33m.[39msaveSession(sessionId[33m,[39m state)[33m;[39m
    [31m[1m>[22m[39m[90m 610 |[39m       console[33m.[39mlog([32m'[ChatService.sendMessage] Exit - Processed 
message via Fallback engine'[39m)[33m;[39m
     [90m     |[39m               [31m[1m^[22m[39m
     [90m 611 |[39m       [36mreturn[39m { 
     [90m 612 |[39m         [33m...[39mlocalResult[33m,[39m 
     [90m 613 |[39m         avatar_state[33m:[39m localResult[33m.[39mavatar_state [33m||[39m 
[32m'TALKING'[39m[33m,[39m[0m

      at console.log (node_modules/@jest/console/build/index.js:311:10)
      at ChatService.sendMessage (backend/src/chat/chat.service.ts:610:15)
      at Object.<anonymous> (tests/release/complaint_workflow_gate.spec.ts:122:23)


  ΓùÅ  Cannot log after tests are done. Did you forget to wait for something async in your test?
    Attempted to log "[ChatService.sendMessage] Entry - message: Submit Application sessionId: 
sess-gate-optional-1782133008606".

    [0m [90m 441 |[39m     clientLanguage[33m?[39m[33m:[39m string[33m,[39m
     [90m 442 |[39m   )[33m:[39m [33mPromise[39m[33m<[39m{ response[33m:[39m string[33m;[39m 
suggestions[33m?[39m[33m:[39m string[][33m;[39m avatar_state[33m?[39m[33m:[39m string[33m;[39m 
_debug[33m?[39m[33m:[39m any }[33m>[39m {
    [31m[1m>[22m[39m[90m 443 |[39m     console[33m.[39mlog([32m'[ChatService.sendMessage] Entry - 
message:'[39m[33m,[39m message[33m,[39m [32m'sessionId:'[39m[33m,[39m sessionId)[33m;[39m
     [90m     |[39m             [31m[1m^[22m[39m
     [90m 444 |[39m     [36mthis[39m[33m.[39manalyticsService[33m.[39mtrackHelpRequest()[33m;[39m
     [90m 445 |[39m     
     [90m 446 |[39m     [90m// Sanitize incoming message input to prevent Stored XSS[39m[0m

      at console.log (node_modules/@jest/console/build/index.js:311:10)
      at ChatService.sendMessage (backend/src/chat/chat.service.ts:443:13)
      at Object.<anonymous> (tests/release/complaint_workflow_gate.spec.ts:127:40)


  ΓùÅ  Cannot log after tests are done. Did you forget to wait for something async in your test?
    Attempted to log "SHIM BEFORE: {"type":"Lost Mobile / Theft","brand":"Apple","model":"iPhone 
14","empathyShown":true}".

    [0m [90m 2444 |[39m     }[33m;[39m
     [90m 2445 |[39m
    [31m[1m>[22m[39m[90m 2446 |[39m     console[33m.[39mlog([32m'SHIM BEFORE:'[39m[33m,[39m 
[33mJSON[39m[33m.[39mstringify(session[33m.[39mdata))[33m;[39m
     [90m      |[39m             [31m[1m^[22m[39m
     [90m 2447 |[39m     [36mif[39m ([33m![39msession[33m.[39mdata[33m.[39mtype [33m&&[39m 
isKnownComplaintType(session[33m.[39mdata[33m.[39mlocation)) {
     [90m 2448 |[39m       session[33m.[39mdata[33m.[39mtype [33m=[39m 
session[33m.[39mdata[33m.[39mlocation[33m;[39m
     [90m 2449 |[39m       session[33m.[39mdata[33m.[39mlocation [33m=[39m [36mnull[39m[33m;[39m[0m

      at console.log (node_modules/@jest/console/build/index.js:311:10)
      at ChatService.runComplaintWorkflow (backend/src/chat/chat.service.ts:2446:13)
      at ChatService.handleLocalFallback (backend/src/chat/chat.service.ts:1505:26)
      at ChatService.sendMessage (backend/src/chat/chat.service.ts:603:27)
      at Object.<anonymous> (tests/release/complaint_workflow_gate.spec.ts:147:5)


  ΓùÅ  Cannot log after tests are done. Did you forget to wait for something async in your test?
    Attempted to log "SEND_MESSAGE STATE: {"data":{"imei":"123456789012345","time":"01/01/2026","type":"Lost Mobile / 
Theft","year":"2023","brand":"Apple","color":"Black","model":"iPhone 
14","location":null,"imeiStatus":"PROVIDED","description":"lost my phone","empathyShown":true},"step":"REVIEW","citizen
":{"id":"cmqp7zdoc000bu9is3jv9ki0r","city":"Lucknow","email":"","state":"Uttar 
Pradesh","pincode":"","district":"Lucknow","fullName":"Manoj 
Tiwari","latitude":null,"longitude":null,"isConfirmed":true,"addressLine1":"Gomti Nagar, Lucknow","addressLine2":"","mo
bileNumber":"9760718066"},"language":"en","workflow":"complaint","serviceType":null,"pendingIntent":"","applicationData
":{},"pendingWorkflow":"complaint","referenceNumber":"","languageSelected":true,"pendingScenarioId":"","pendingWorkflow
Id":"complaint","preOnboardingMobile":"9760718066","currentWorkflowState":"START","pendingWorkflowState":"START","preOn
boardingCompleted":true}".

    [0m [90m 450 |[39m     [90m// Load session state[39m
     [90m 451 |[39m     [36mconst[39m state [33m=[39m [36mawait[39m 
[36mthis[39m[33m.[39mgetOrCreateSession(sessionId)[33m;[39m
    [31m[1m>[22m[39m[90m 452 |[39m     console[33m.[39mlog([32m'SEND_MESSAGE STATE:'[39m[33m,[39m 
[33mJSON[39m[33m.[39mstringify(state))[33m;[39m
     [90m     |[39m             [31m[1m^[22m[39m
     [90m 453 |[39m     [36mconst[39m stepBefore [33m=[39m [33mString[39m(state[33m.[39mstep)[33m;[39m
     [90m 454 |[39m
     [90m 455 |[39m     [90m// Synchronize language from client request if passed[39m[0m

      at console.log (node_modules/@jest/console/build/index.js:311:10)
      at ChatService.sendMessage (backend/src/chat/chat.service.ts:452:13)
      at Object.<anonymous> (tests/release/complaint_workflow_gate.spec.ts:127:22)

[32m[Nest] 92692  - [39m22/06/2026, 6:27:05 pm [32m    LOG[39m [38;5;3m[ChatService] [39m[32mForwarding message to FastAPI AI service: http://localhost:8000/chat/message[39m
  console.error
    [ChatService.sendMessage] Warning - AI Service connection failed, using local fallback: [Error: Forced connection failure for testing]

    [0m [90m 598 |[39m       }[33m;[39m
     [90m 599 |[39m     } [36mcatch[39m (e) {
    [31m[1m>[22m[39m[90m 600 |[39m       console[33m.[39merror([32m'[ChatService.sendMessage] Warning - AI Service connection failed, using local fallback:'[39m[33m,[39m e)[33m;[39m
     [90m     |[39m               [31m[1m^[22m[39m
     [90m 601 |[39m       [36mthis[39m[33m.[39mlogger[33m.[39mwarn([32m`AI Service connection failed (${e.message}). Initializing local rule-based mock workflow engine.`[39m)[33m;[39m
     [90m 602 |[39m       [36mawait[39m [36mthis[39m[33m.[39mlogWorkflowTrace(sessionId[33m,[39m [32m'FALLBACK'[39m[33m,[39m [32m'WORKFLOW_FALLBACK_USED'[39m[33m,[39m state[33m.[39mworkflow[33m,[39m stepBefore[33m,[39m [33mString[39m(state[33m.[39mstep)[33m,[39m sanitizedMessage)[33m;[39m
     [90m 603 |[39m       [36mconst[39m localResult [33m=[39m [36mawait[39m [36mthis[39m[33m.[39mhandleLocalFallback(sanitizedMessage[33m,[39m sessionId[33m,[39m state)[33m;[39m[0m

      at ChatService.sendMessage (backend/src/chat/chat.service.ts:600:15)
      at Object.<anonymous> (tests/release/complaint_workflow_gate.spec.ts:127:22)

[33m[Nest] 92692  - [39m22/06/2026, 6:27:05 pm [33m   WARN[39m [38;5;3m[ChatService] [39m[33mAI Service connection failed (Forced connection failure for testing). Initializing local rule-based mock workflow engine.[39m

  ΓùÅ  Cannot log after tests are done. Did you forget to wait for something async in your test?
    Attempted to log "SHIM BEFORE: {"imei":"123456789012345","time":"01/01/2026","type":"Lost Mobile / 
Theft","year":"2023","brand":"Apple","color":"Black","model":"iPhone 
14","location":null,"imeiStatus":"PROVIDED","description":"lost my phone","empathyShown":true}".

    [0m [90m 2444 |[39m     }[33m;[39m
     [90m 2445 |[39m
    [31m[1m>[22m[39m[90m 2446 |[39m     console[33m.[39mlog([32m'SHIM BEFORE:'[39m[33m,[39m 
[33mJSON[39m[33m.[39mstringify(session[33m.[39mdata))[33m;[39m
     [90m      |[39m             [31m[1m^[22m[39m
     [90m 2447 |[39m     [36mif[39m ([33m![39msession[33m.[39mdata[33m.[39mtype [33m&&[39m 
isKnownComplaintType(session[33m.[39mdata[33m.[39mlocation)) {
     [90m 2448 |[39m       session[33m.[39mdata[33m.[39mtype [33m=[39m 
session[33m.[39mdata[33m.[39mlocation[33m;[39m
     [90m 2449 |[39m       session[33m.[39mdata[33m.[39mlocation [33m=[39m [36mnull[39m[33m;[39m[0m

      at console.log (node_modules/@jest/console/build/index.js:311:10)
      at ChatService.runComplaintWorkflow (backend/src/chat/chat.service.ts:2446:13)
      at ChatService.handleLocalFallback (backend/src/chat/chat.service.ts:1505:26)
      at ChatService.sendMessage (backend/src/chat/chat.service.ts:603:27)
      at Object.<anonymous> (tests/release/complaint_workflow_gate.spec.ts:127:22)


  ΓùÅ  Cannot log after tests are done. Did you forget to wait for something async in your test?
    Attempted to log "[ChatService.sendMessage] Exit - Processed message via Fallback engine".

    [0m [90m 608 |[39m       [36mawait[39m [36mthis[39m[33m.[39mlogWorkflowTrace(sessionId[33m,[39m 
[32m'FALLBACK'[39m[33m,[39m [32m'STEP_TRANSITION'[39m[33m,[39m state[33m.[39mworkflow[33m,[39m 
stepBefore[33m,[39m [33mString[39m(state[33m.[39mstep)[33m,[39m sanitizedMessage)[33m;[39m
     [90m 609 |[39m       [36mawait[39m [36mthis[39m[33m.[39msaveSession(sessionId[33m,[39m state)[33m;[39m
    [31m[1m>[22m[39m[90m 610 |[39m       console[33m.[39mlog([32m'[ChatService.sendMessage] Exit - Processed 
message via Fallback engine'[39m)[33m;[39m
     [90m     |[39m               [31m[1m^[22m[39m
     [90m 611 |[39m       [36mreturn[39m { 
     [90m 612 |[39m         [33m...[39mlocalResult[33m,[39m 
     [90m 613 |[39m         avatar_state[33m:[39m localResult[33m.[39mavatar_state [33m||[39m 
[32m'TALKING'[39m[33m,[39m[0m

      at console.log (node_modules/@jest/console/build/index.js:311:10)
      at ChatService.sendMessage (backend/src/chat/chat.service.ts:610:15)
      at Object.<anonymous> (tests/release/complaint_workflow_gate.spec.ts:147:5)


  ΓùÅ  Cannot log after tests are done. Did you forget to wait for something async in your test?
    Attempted to log "[ChatService.sendMessage] Entry - message: 2023 sessionId: sess-gate-decoupled-1782133013619".

    [0m [90m 441 |[39m     clientLanguage[33m?[39m[33m:[39m string[33m,[39m
     [90m 442 |[39m   )[33m:[39m [33mPromise[39m[33m<[39m{ response[33m:[39m string[33m;[39m 
suggestions[33m?[39m[33m:[39m string[][33m;[39m avatar_state[33m?[39m[33m:[39m string[33m;[39m 
_debug[33m?[39m[33m:[39m any }[33m>[39m {
    [31m[1m>[22m[39m[90m 443 |[39m     console[33m.[39mlog([32m'[ChatService.sendMessage] Entry - 
message:'[39m[33m,[39m message[33m,[39m [32m'sessionId:'[39m[33m,[39m sessionId)[33m;[39m
     [90m     |[39m             [31m[1m^[22m[39m
     [90m 444 |[39m     [36mthis[39m[33m.[39manalyticsService[33m.[39mtrackHelpRequest()[33m;[39m
     [90m 445 |[39m     
     [90m 446 |[39m     [90m// Sanitize incoming message input to prevent Stored XSS[39m[0m

      at console.log (node_modules/@jest/console/build/index.js:311:10)
      at ChatService.sendMessage (backend/src/chat/chat.service.ts:443:13)
      at Object.<anonymous> (tests/release/complaint_workflow_gate.spec.ts:148:23)


  ΓùÅ  Cannot log after tests are done. Did you forget to wait for something async in your test?
    Attempted to log "SEND_MESSAGE STATE: {"data":{"type":"Lost Mobile / 
Theft","brand":"Apple","color":"Black","model":"iPhone 14","empathyShown":true},"step":"2_year","citizen":{"id":"cmqp7z
kfs0010u9isa3ufxr6t","city":"Meerut","email":"","state":"Uttar 
Pradesh","pincode":"","district":"Meerut","fullName":"Manoj 
Tiwari","latitude":null,"longitude":null,"isConfirmed":true,"addressLine1":"Sadar Bazar, Meerut","addressLine2":"","mob
ileNumber":"9640810487"},"language":"en","workflow":"complaint","serviceType":null,"pendingIntent":"","applicationData"
:{},"pendingWorkflow":"complaint","referenceNumber":"","languageSelected":true,"pendingScenarioId":"","pendingWorkflowI
d":"complaint","preOnboardingMobile":"9640810487","currentWorkflowState":"START","pendingWorkflowState":"START","preOnb
oardingCompleted":true}".

    [0m [90m 450 |[39m     [90m// Load session state[39m
     [90m 451 |[39m     [36mconst[39m state [33m=[39m [36mawait[39m 
[36mthis[39m[33m.[39mgetOrCreateSession(sessionId)[33m;[39m
    [31m[1m>[22m[39m[90m 452 |[39m     console[33m.[39mlog([32m'SEND_MESSAGE STATE:'[39m[33m,[39m 
[33mJSON[39m[33m.[39mstringify(state))[33m;[39m
     [90m     |[39m             [31m[1m^[22m[39m
     [90m 453 |[39m     [36mconst[39m stepBefore [33m=[39m [33mString[39m(state[33m.[39mstep)[33m;[39m
     [90m 454 |[39m
     [90m 455 |[39m     [90m// Synchronize language from client request if passed[39m[0m

      at console.log (node_modules/@jest/console/build/index.js:311:10)
      at ChatService.sendMessage (backend/src/chat/chat.service.ts:452:13)
      at Object.<anonymous> (tests/release/complaint_workflow_gate.spec.ts:148:5)

[32m[Nest] 92692  - [39m22/06/2026, 6:27:06 pm [32m    LOG[39m [38;5;3m[ChatService] [39m[32mForwarding message to FastAPI AI service: http://localhost:8000/chat/message[39m
  console.error
    [ChatService.sendMessage] Warning - AI Service connection failed, using local fallback: [Error: Forced connection failure for testing]

    [0m [90m 598 |[39m       }[33m;[39m
     [90m 599 |[39m     } [36mcatch[39m (e) {
    [31m[1m>[22m[39m[90m 600 |[39m       console[33m.[39merror([32m'[ChatService.sendMessage] Warning - AI Service connection failed, using local fallback:'[39m[33m,[39m e)[33m;[39m
     [90m     |[39m               [31m[1m^[22m[39m
     [90m 601 |[39m       [36mthis[39m[33m.[39mlogger[33m.[39mwarn([32m`AI Service connection failed (${e.message}). Initializing local rule-based mock workflow engine.`[39m)[33m;[39m
     [90m 602 |[39m       [36mawait[39m [36mthis[39m[33m.[39mlogWorkflowTrace(sessionId[33m,[39m [32m'FALLBACK'[39m[33m,[39m [32m'WORKFLOW_FALLBACK_USED'[39m[33m,[39m state[33m.[39mworkflow[33m,[39m stepBefore[33m,[39m [33mString[39m(state[33m.[39mstep)[33m,[39m sanitizedMessage)[33m;[39m
     [90m 603 |[39m       [36mconst[39m localResult [33m=[39m [36mawait[39m [36mthis[39m[33m.[39mhandleLocalFallback(sanitizedMessage[33m,[39m sessionId[33m,[39m state)[33m;[39m[0m

      at ChatService.sendMessage (backend/src/chat/chat.service.ts:600:15)
      at Object.<anonymous> (tests/release/complaint_workflow_gate.spec.ts:148:5)

[33m[Nest] 92692  - [39m22/06/2026, 6:27:06 pm [33m   WARN[39m [38;5;3m[ChatService] [39m[33mAI Service connection failed (Forced connection failure for testing). Initializing local rule-based mock workflow engine.[39m

  ΓùÅ  Cannot log after tests are done. Did you forget to wait for something async in your test?
    Attempted to log "SHIM BEFORE: {"type":"Lost Mobile / Theft","brand":"Apple","color":"Black","model":"iPhone 
14","empathyShown":true}".

    [0m [90m 2444 |[39m     }[33m;[39m
     [90m 2445 |[39m
    [31m[1m>[22m[39m[90m 2446 |[39m     console[33m.[39mlog([32m'SHIM BEFORE:'[39m[33m,[39m 
[33mJSON[39m[33m.[39mstringify(session[33m.[39mdata))[33m;[39m
     [90m      |[39m             [31m[1m^[22m[39m
     [90m 2447 |[39m     [36mif[39m ([33m![39msession[33m.[39mdata[33m.[39mtype [33m&&[39m 
isKnownComplaintType(session[33m.[39mdata[33m.[39mlocation)) {
     [90m 2448 |[39m       session[33m.[39mdata[33m.[39mtype [33m=[39m 
session[33m.[39mdata[33m.[39mlocation[33m;[39m
     [90m 2449 |[39m       session[33m.[39mdata[33m.[39mlocation [33m=[39m [36mnull[39m[33m;[39m[0m

      at console.log (node_modules/@jest/console/build/index.js:311:10)
      at ChatService.runComplaintWorkflow (backend/src/chat/chat.service.ts:2446:13)
      at ChatService.handleLocalFallback (backend/src/chat/chat.service.ts:1505:26)
      at ChatService.sendMessage (backend/src/chat/chat.service.ts:603:27)
      at Object.<anonymous> (tests/release/complaint_workflow_gate.spec.ts:148:5)


  ΓùÅ  Cannot log after tests are done. Did you forget to wait for something async in your test?
    Attempted to log "[ChatService.sendMessage] Exit - Processed message via Fallback engine".

    [0m [90m 608 |[39m       [36mawait[39m [36mthis[39m[33m.[39mlogWorkflowTrace(sessionId[33m,[39m 
[32m'FALLBACK'[39m[33m,[39m [32m'STEP_TRANSITION'[39m[33m,[39m state[33m.[39mworkflow[33m,[39m 
stepBefore[33m,[39m [33mString[39m(state[33m.[39mstep)[33m,[39m sanitizedMessage)[33m;[39m
     [90m 609 |[39m       [36mawait[39m [36mthis[39m[33m.[39msaveSession(sessionId[33m,[39m state)[33m;[39m
    [31m[1m>[22m[39m[90m 610 |[39m       console[33m.[39mlog([32m'[ChatService.sendMessage] Exit - Processed 
message via Fallback engine'[39m)[33m;[39m
     [90m     |[39m               [31m[1m^[22m[39m
     [90m 611 |[39m       [36mreturn[39m { 
     [90m 612 |[39m         [33m...[39mlocalResult[33m,[39m 
     [90m 613 |[39m         avatar_state[33m:[39m localResult[33m.[39mavatar_state [33m||[39m 
[32m'TALKING'[39m[33m,[39m[0m

      at console.log (node_modules/@jest/console/build/index.js:311:10)
      at ChatService.sendMessage (backend/src/chat/chat.service.ts:610:15)
      at Object.<anonymous> (tests/release/complaint_workflow_gate.spec.ts:148:5)


  ΓùÅ  Cannot log after tests are done. Did you forget to wait for something async in your test?
    Attempted to log "[ChatService.sendMessage] Entry - message: 123456789012345 sessionId: 
sess-gate-decoupled-1782133013619".

    [0m [90m 441 |[39m     clientLanguage[33m?[39m[33m:[39m string[33m,[39m
     [90m 442 |[39m   )[33m:[39m [33mPromise[39m[33m<[39m{ response[33m:[39m string[33m;[39m 
suggestions[33m?[39m[33m:[39m string[][33m;[39m avatar_state[33m?[39m[33m:[39m string[33m;[39m 
_debug[33m?[39m[33m:[39m any }[33m>[39m {
    [31m[1m>[22m[39m[90m 443 |[39m     console[33m.[39mlog([32m'[ChatService.sendMessage] Entry - 
message:'[39m[33m,[39m message[33m,[39m [32m'sessionId:'[39m[33m,[39m sessionId)[33m;[39m
     [90m     |[39m             [31m[1m^[22m[39m
     [90m 444 |[39m     [36mthis[39m[33m.[39manalyticsService[33m.[39mtrackHelpRequest()[33m;[39m
     [90m 445 |[39m     
     [90m 446 |[39m     [90m// Sanitize incoming message input to prevent Stored XSS[39m[0m

      at console.log (node_modules/@jest/console/build/index.js:311:10)
      at ChatService.sendMessage (backend/src/chat/chat.service.ts:443:13)
      at Object.<anonymous> (tests/release/complaint_workflow_gate.spec.ts:149:23)


  ΓùÅ  Cannot log after tests are done. Did you forget to wait for something async in your test?
    Attempted to log "SEND_MESSAGE STATE: {"data":{"type":"Lost Mobile / 
Theft","year":"2023","brand":"Apple","color":"Black","model":"iPhone 14","empathyShown":true},"step":"2_imei","citizen"
:{"id":"cmqp7zkfs0010u9isa3ufxr6t","city":"Meerut","email":"","state":"Uttar 
Pradesh","pincode":"","district":"Meerut","fullName":"Manoj 
Tiwari","latitude":null,"longitude":null,"isConfirmed":true,"addressLine1":"Sadar Bazar, Meerut","addressLine2":"","mob
ileNumber":"9640810487"},"language":"en","workflow":"complaint","serviceType":null,"pendingIntent":"","applicationData"
:{},"pendingWorkflow":"complaint","referenceNumber":"","languageSelected":true,"pendingScenarioId":"","pendingWorkflowI
d":"complaint","preOnboardingMobile":"9640810487","currentWorkflowState":"START","pendingWorkflowState":"START","preOnb
oardingCompleted":true}".

    [0m [90m 450 |[39m     [90m// Load session state[39m
     [90m 451 |[39m     [36mconst[39m state [33m=[39m [36mawait[39m 
[36mthis[39m[33m.[39mgetOrCreateSession(sessionId)[33m;[39m
    [31m[1m>[22m[39m[90m 452 |[39m     console[33m.[39mlog([32m'SEND_MESSAGE STATE:'[39m[33m,[39m 
[33mJSON[39m[33m.[39mstringify(state))[33m;[39m
     [90m     |[39m             [31m[1m^[22m[39m
     [90m 453 |[39m     [36mconst[39m stepBefore [33m=[39m [33mString[39m(state[33m.[39mstep)[33m;[39m
     [90m 454 |[39m
     [90m 455 |[39m     [90m// Synchronize language from client request if passed[39m[0m

      at console.log (node_modules/@jest/console/build/index.js:311:10)
      at ChatService.sendMessage (backend/src/chat/chat.service.ts:452:13)
      at Object.<anonymous> (tests/release/complaint_workflow_gate.spec.ts:149:5)

[32m[Nest] 92692  - [39m22/06/2026, 6:27:06 pm [32m    LOG[39m [38;5;3m[ChatService] [39m[32mForwarding message to FastAPI AI service: http://localhost:8000/chat/message[39m
  console.error
    [ChatService.sendMessage] Warning - AI Service connection failed, using local fallback: [Error: Forced connection failure for testing]

    [0m [90m 598 |[39m       }[33m;[39m
     [90m 599 |[39m     } [36mcatch[39m (e) {
    [31m[1m>[22m[39m[90m 600 |[39m       console[33m.[39merror([32m'[ChatService.sendMessage] Warning - AI Service connection failed, using local fallback:'[39m[33m,[39m e)[33m;[39m
     [90m     |[39m               [31m[1m^[22m[39m
     [90m 601 |[39m       [36mthis[39m[33m.[39mlogger[33m.[39mwarn([32m`AI Service connection failed (${e.message}). Initializing local rule-based mock workflow engine.`[39m)[33m;[39m
     [90m 602 |[39m       [36mawait[39m [36mthis[39m[33m.[39mlogWorkflowTrace(sessionId[33m,[39m [32m'FALLBACK'[39m[33m,[39m [32m'WORKFLOW_FALLBACK_USED'[39m[33m,[39m state[33m.[39mworkflow[33m,[39m stepBefore[33m,[39m [33mString[39m(state[33m.[39mstep)[33m,[39m sanitizedMessage)[33m;[39m
     [90m 603 |[39m       [36mconst[39m localResult [33m=[39m [36mawait[39m [36mthis[39m[33m.[39mhandleLocalFallback(sanitizedMessage[33m,[39m sessionId[33m,[39m state)[33m;[39m[0m

      at ChatService.sendMessage (backend/src/chat/chat.service.ts:600:15)
      at Object.<anonymous> (tests/release/complaint_workflow_gate.spec.ts:149:5)

[33m[Nest] 92692  - [39m22/06/2026, 6:27:06 pm [33m   WARN[39m [38;5;3m[ChatService] [39m[33mAI Service connection failed (Forced connection failure for testing). Initializing local rule-based mock workflow engine.[39m

  ΓùÅ  Cannot log after tests are done. Did you forget to wait for something async in your test?
    Attempted to log "SHIM BEFORE: {"type":"Lost Mobile / 
Theft","year":"2023","brand":"Apple","color":"Black","model":"iPhone 14","empathyShown":true}".

    [0m [90m 2444 |[39m     }[33m;[39m
     [90m 2445 |[39m
    [31m[1m>[22m[39m[90m 2446 |[39m     console[33m.[39mlog([32m'SHIM BEFORE:'[39m[33m,[39m 
[33mJSON[39m[33m.[39mstringify(session[33m.[39mdata))[33m;[39m
     [90m      |[39m             [31m[1m^[22m[39m
     [90m 2447 |[39m     [36mif[39m ([33m![39msession[33m.[39mdata[33m.[39mtype [33m&&[39m 
isKnownComplaintType(session[33m.[39mdata[33m.[39mlocation)) {
     [90m 2448 |[39m       session[33m.[39mdata[33m.[39mtype [33m=[39m 
session[33m.[39mdata[33m.[39mlocation[33m;[39m
     [90m 2449 |[39m       session[33m.[39mdata[33m.[39mlocation [33m=[39m [36mnull[39m[33m;[39m[0m

      at console.log (node_modules/@jest/console/build/index.js:311:10)
      at ChatService.runComplaintWorkflow (backend/src/chat/chat.service.ts:2446:13)
      at ChatService.handleLocalFallback (backend/src/chat/chat.service.ts:1505:26)
      at ChatService.sendMessage (backend/src/chat/chat.service.ts:603:27)
      at Object.<anonymous> (tests/release/complaint_workflow_gate.spec.ts:149:5)


  ΓùÅ  Cannot log after tests are done. Did you forget to wait for something async in your test?
    Attempted to log "[ChatService.sendMessage] Exit - Processed message via Fallback engine".

    [0m [90m 608 |[39m       [36mawait[39m [36mthis[39m[33m.[39mlogWorkflowTrace(sessionId[33m,[39m 
[32m'FALLBACK'[39m[33m,[39m [32m'STEP_TRANSITION'[39m[33m,[39m state[33m.[39mworkflow[33m,[39m 
stepBefore[33m,[39m [33mString[39m(state[33m.[39mstep)[33m,[39m sanitizedMessage)[33m;[39m
     [90m 609 |[39m       [36mawait[39m [36mthis[39m[33m.[39msaveSession(sessionId[33m,[39m state)[33m;[39m
    [31m[1m>[22m[39m[90m 610 |[39m       console[33m.[39mlog([32m'[ChatService.sendMessage] Exit - Processed 
message via Fallback engine'[39m)[33m;[39m
     [90m     |[39m               [31m[1m^[22m[39m
     [90m 611 |[39m       [36mreturn[39m { 
     [90m 612 |[39m         [33m...[39mlocalResult[33m,[39m 
     [90m 613 |[39m         avatar_state[33m:[39m localResult[33m.[39mavatar_state [33m||[39m 
[32m'TALKING'[39m[33m,[39m[0m

      at console.log (node_modules/@jest/console/build/index.js:311:10)
      at ChatService.sendMessage (backend/src/chat/chat.service.ts:610:15)
      at Object.<anonymous> (tests/release/complaint_workflow_gate.spec.ts:149:5)


  ΓùÅ  Cannot log after tests are done. Did you forget to wait for something async in your test?
    Attempted to log "[ChatService.sendMessage] Entry - message: Hazratganj Crossing, Lucknow sessionId: 
sess-gate-decoupled-1782133013619".

    [0m [90m 441 |[39m     clientLanguage[33m?[39m[33m:[39m string[33m,[39m
     [90m 442 |[39m   )[33m:[39m [33mPromise[39m[33m<[39m{ response[33m:[39m string[33m;[39m 
suggestions[33m?[39m[33m:[39m string[][33m;[39m avatar_state[33m?[39m[33m:[39m string[33m;[39m 
_debug[33m?[39m[33m:[39m any }[33m>[39m {
    [31m[1m>[22m[39m[90m 443 |[39m     console[33m.[39mlog([32m'[ChatService.sendMessage] Entry - 
message:'[39m[33m,[39m message[33m,[39m [32m'sessionId:'[39m[33m,[39m sessionId)[33m;[39m
     [90m     |[39m             [31m[1m^[22m[39m
     [90m 444 |[39m     [36mthis[39m[33m.[39manalyticsService[33m.[39mtrackHelpRequest()[33m;[39m
     [90m 445 |[39m     
     [90m 446 |[39m     [90m// Sanitize incoming message input to prevent Stored XSS[39m[0m

      at console.log (node_modules/@jest/console/build/index.js:311:10)
      at ChatService.sendMessage (backend/src/chat/chat.service.ts:443:13)
      at Object.<anonymous> (tests/release/complaint_workflow_gate.spec.ts:150:23)


  ΓùÅ  Cannot log after tests are done. Did you forget to wait for something async in your test?
    Attempted to log "SEND_MESSAGE STATE: {"data":{"imei":"123456789012345","type":"Lost Mobile / 
Theft","year":"2023","brand":"Apple","color":"Black","model":"iPhone 14","imeiStatus":"PROVIDED","empathyShown":true},"
step":"3","citizen":{"id":"cmqp7zkfs0010u9isa3ufxr6t","city":"Meerut","email":"","state":"Uttar 
Pradesh","pincode":"","district":"Meerut","fullName":"Manoj 
Tiwari","latitude":null,"longitude":null,"isConfirmed":true,"addressLine1":"Sadar Bazar, Meerut","addressLine2":"","mob
ileNumber":"9640810487"},"language":"en","workflow":"complaint","serviceType":null,"pendingIntent":"","applicationData"
:{},"pendingWorkflow":"complaint","referenceNumber":"","languageSelected":true,"pendingScenarioId":"","pendingWorkflowI
d":"complaint","preOnboardingMobile":"9640810487","currentWorkflowState":"START","pendingWorkflowState":"START","preOnb
oardingCompleted":true}".

    [0m [90m 450 |[39m     [90m// Load session state[39m
     [90m 451 |[39m     [36mconst[39m state [33m=[39m [36mawait[39m 
[36mthis[39m[33m.[39mgetOrCreateSession(sessionId)[33m;[39m
    [31m[1m>[22m[39m[90m 452 |[39m     console[33m.[39mlog([32m'SEND_MESSAGE STATE:'[39m[33m,[39m 
[33mJSON[39m[33m.[39mstringify(state))[33m;[39m
     [90m     |[39m             [31m[1m^[22m[39m
     [90m 453 |[39m     [36mconst[39m stepBefore [33m=[39m [33mString[39m(state[33m.[39mstep)[33m;[39m
     [90m 454 |[39m
     [90m 455 |[39m     [90m// Synchronize language from client request if passed[39m[0m

      at console.log (node_modules/@jest/console/build/index.js:311:10)
      at ChatService.sendMessage (backend/src/chat/chat.service.ts:452:13)
      at Object.<anonymous> (tests/release/complaint_workflow_gate.spec.ts:150:5)

[32m[Nest] 92692  - [39m22/06/2026, 6:27:07 pm [32m    LOG[39m [38;5;3m[ChatService] [39m[32mForwarding message to FastAPI AI service: http://localhost:8000/chat/message[39m
  console.error
    [ChatService.sendMessage] Warning - AI Service connection failed, using local fallback: [Error: Forced connection failure for testing]

    [0m [90m 598 |[39m       }[33m;[39m
     [90m 599 |[39m     } [36mcatch[39m (e) {
    [31m[1m>[22m[39m[90m 600 |[39m       console[33m.[39merror([32m'[ChatService.sendMessage] Warning - AI Service connection failed, using local fallback:'[39m[33m,[39m e)[33m;[39m
     [90m     |[39m               [31m[1m^[22m[39m
     [90m 601 |[39m       [36mthis[39m[33m.[39mlogger[33m.[39mwarn([32m`AI Service connection failed (${e.message}). Initializing local rule-based mock workflow engine.`[39m)[33m;[39m
     [90m 602 |[39m       [36mawait[39m [36mthis[39m[33m.[39mlogWorkflowTrace(sessionId[33m,[39m [32m'FALLBACK'[39m[33m,[39m [32m'WORKFLOW_FALLBACK_USED'[39m[33m,[39m state[33m.[39mworkflow[33m,[39m stepBefore[33m,[39m [33mString[39m(state[33m.[39mstep)[33m,[39m sanitizedMessage)[33m;[39m
     [90m 603 |[39m       [36mconst[39m localResult [33m=[39m [36mawait[39m [36mthis[39m[33m.[39mhandleLocalFallback(sanitizedMessage[33m,[39m sessionId[33m,[39m state)[33m;[39m[0m

      at ChatService.sendMessage (backend/src/chat/chat.service.ts:600:15)
      at Object.<anonymous> (tests/release/complaint_workflow_gate.spec.ts:150:5)

[33m[Nest] 92692  - [39m22/06/2026, 6:27:07 pm [33m   WARN[39m [38;5;3m[ChatService] [39m[33mAI Service connection failed (Forced connection failure for testing). Initializing local rule-based mock workflow engine.[39m

  ΓùÅ  Cannot log after tests are done. Did you forget to wait for something async in your test?
    Attempted to log "SHIM BEFORE: {"imei":"123456789012345","type":"Lost Mobile / 
Theft","year":"2023","brand":"Apple","color":"Black","model":"iPhone 14","imeiStatus":"PROVIDED","empathyShown":true}".

    [0m [90m 2444 |[39m     }[33m;[39m
     [90m 2445 |[39m
    [31m[1m>[22m[39m[90m 2446 |[39m     console[33m.[39mlog([32m'SHIM BEFORE:'[39m[33m,[39m 
[33mJSON[39m[33m.[39mstringify(session[33m.[39mdata))[33m;[39m
     [90m      |[39m             [31m[1m^[22m[39m
     [90m 2447 |[39m     [36mif[39m ([33m![39msession[33m.[39mdata[33m.[39mtype [33m&&[39m 
isKnownComplaintType(session[33m.[39mdata[33m.[39mlocation)) {
     [90m 2448 |[39m       session[33m.[39mdata[33m.[39mtype [33m=[39m 
session[33m.[39mdata[33m.[39mlocation[33m;[39m
     [90m 2449 |[39m       session[33m.[39mdata[33m.[39mlocation [33m=[39m [36mnull[39m[33m;[39m[0m

      at console.log (node_modules/@jest/console/build/index.js:311:10)
      at ChatService.runComplaintWorkflow (backend/src/chat/chat.service.ts:2446:13)
      at ChatService.handleLocalFallback (backend/src/chat/chat.service.ts:1505:26)
      at ChatService.sendMessage (backend/src/chat/chat.service.ts:603:27)
      at Object.<anonymous> (tests/release/complaint_workflow_gate.spec.ts:150:5)


  ΓùÅ  Cannot log after tests are done. Did you forget to wait for something async in your test?
    Attempted to log "[ChatService.sendMessage] Exit - Processed message via Fallback engine".

    [0m [90m 608 |[39m       [36mawait[39m [36mthis[39m[33m.[39mlogWorkflowTrace(sessionId[33m,[39m 
[32m'FALLBACK'[39m[33m,[39m [32m'STEP_TRANSITION'[39m[33m,[39m state[33m.[39mworkflow[33m,[39m 
stepBefore[33m,[39m [33mString[39m(state[33m.[39mstep)[33m,[39m sanitizedMessage)[33m;[39m
     [90m 609 |[39m       [36mawait[39m [36mthis[39m[33m.[39msaveSession(sessionId[33m,[39m state)[33m;[39m
    [31m[1m>[22m[39m[90m 610 |[39m       console[33m.[39mlog([32m'[ChatService.sendMessage] Exit - Processed 
message via Fallback engine'[39m)[33m;[39m
     [90m     |[39m               [31m[1m^[22m[39m
     [90m 611 |[39m       [36mreturn[39m { 
     [90m 612 |[39m         [33m...[39mlocalResult[33m,[39m 
     [90m 613 |[39m         avatar_state[33m:[39m localResult[33m.[39mavatar_state [33m||[39m 
[32m'TALKING'[39m[33m,[39m[0m

      at console.log (node_modules/@jest/console/build/index.js:311:10)
      at ChatService.sendMessage (backend/src/chat/chat.service.ts:610:15)
      at Object.<anonymous> (tests/release/complaint_workflow_gate.spec.ts:127:22)


  ΓùÅ  Cannot log after tests are done. Did you forget to wait for something async in your test?
    Attempted to log "[ChatService.sendMessage] Exit - Processed message via Fallback engine".

    [0m [90m 608 |[39m       [36mawait[39m [36mthis[39m[33m.[39mlogWorkflowTrace(sessionId[33m,[39m 
[32m'FALLBACK'[39m[33m,[39m [32m'STEP_TRANSITION'[39m[33m,[39m state[33m.[39mworkflow[33m,[39m 
stepBefore[33m,[39m [33mString[39m(state[33m.[39mstep)[33m,[39m sanitizedMessage)[33m;[39m
     [90m 609 |[39m       [36mawait[39m [36mthis[39m[33m.[39msaveSession(sessionId[33m,[39m state)[33m;[39m
    [31m[1m>[22m[39m[90m 610 |[39m       console[33m.[39mlog([32m'[ChatService.sendMessage] Exit - Processed 
message via Fallback engine'[39m)[33m;[39m
     [90m     |[39m               [31m[1m^[22m[39m
     [90m 611 |[39m       [36mreturn[39m { 
     [90m 612 |[39m         [33m...[39mlocalResult[33m,[39m 
     [90m 613 |[39m         avatar_state[33m:[39m localResult[33m.[39mavatar_state [33m||[39m 
[32m'TALKING'[39m[33m,[39m[0m

      at console.log (node_modules/@jest/console/build/index.js:311:10)
      at ChatService.sendMessage (backend/src/chat/chat.service.ts:610:15)
      at Object.<anonymous> (tests/release/complaint_workflow_gate.spec.ts:150:5)


  ΓùÅ  Cannot log after tests are done. Did you forget to wait for something async in your test?
    Attempted to log "[ChatService.sendMessage] Entry - message: 01/01/2026 sessionId: 
sess-gate-decoupled-1782133013619".

    [0m [90m 441 |[39m     clientLanguage[33m?[39m[33m:[39m string[33m,[39m
     [90m 442 |[39m   )[33m:[39m [33mPromise[39m[33m<[39m{ response[33m:[39m string[33m;[39m 
suggestions[33m?[39m[33m:[39m string[][33m;[39m avatar_state[33m?[39m[33m:[39m string[33m;[39m 
_debug[33m?[39m[33m:[39m any }[33m>[39m {
    [31m[1m>[22m[39m[90m 443 |[39m     console[33m.[39mlog([32m'[ChatService.sendMessage] Entry - 
message:'[39m[33m,[39m message[33m,[39m [32m'sessionId:'[39m[33m,[39m sessionId)[33m;[39m
     [90m     |[39m             [31m[1m^[22m[39m
     [90m 444 |[39m     [36mthis[39m[33m.[39manalyticsService[33m.[39mtrackHelpRequest()[33m;[39m
     [90m 445 |[39m     
     [90m 446 |[39m     [90m// Sanitize incoming message input to prevent Stored XSS[39m[0m

      at console.log (node_modules/@jest/console/build/index.js:311:10)
      at ChatService.sendMessage (backend/src/chat/chat.service.ts:443:13)
      at Object.<anonymous> (tests/release/complaint_workflow_gate.spec.ts:151:23)


  ΓùÅ  Cannot log after tests are done. Did you forget to wait for something async in your test?
    Attempted to log "SEND_MESSAGE STATE: {"data":{"imei":"123456789012345","type":"Lost Mobile / 
Theft","year":"2023","brand":"Apple","color":"Black","model":"iPhone 14","location":"Hazratganj Crossing, Lucknow","ime
iStatus":"PROVIDED","empathyShown":true},"step":"4","citizen":{"id":"cmqp7zkfs0010u9isa3ufxr6t","city":"Meerut","email"
:"","state":"Uttar Pradesh","pincode":"","district":"Meerut","fullName":"Manoj 
Tiwari","latitude":null,"longitude":null,"isConfirmed":true,"addressLine1":"Sadar Bazar, Meerut","addressLine2":"","mob
ileNumber":"9640810487"},"language":"en","workflow":"complaint","serviceType":null,"pendingIntent":"","applicationData"
:{},"pendingWorkflow":"complaint","referenceNumber":"","languageSelected":true,"pendingScenarioId":"","pendingWorkflowI
d":"complaint","preOnboardingMobile":"9640810487","currentWorkflowState":"START","pendingWorkflowState":"START","preOnb
oardingCompleted":true}".

    [0m [90m 450 |[39m     [90m// Load session state[39m
     [90m 451 |[39m     [36mconst[39m state [33m=[39m [36mawait[39m 
[36mthis[39m[33m.[39mgetOrCreateSession(sessionId)[33m;[39m
    [31m[1m>[22m[39m[90m 452 |[39m     console[33m.[39mlog([32m'SEND_MESSAGE STATE:'[39m[33m,[39m 
[33mJSON[39m[33m.[39mstringify(state))[33m;[39m
     [90m     |[39m             [31m[1m^[22m[39m
     [90m 453 |[39m     [36mconst[39m stepBefore [33m=[39m [33mString[39m(state[33m.[39mstep)[33m;[39m
     [90m 454 |[39m
     [90m 455 |[39m     [90m// Synchronize language from client request if passed[39m[0m

      at console.log (node_modules/@jest/console/build/index.js:311:10)
      at ChatService.sendMessage (backend/src/chat/chat.service.ts:452:13)
      at Object.<anonymous> (tests/release/complaint_workflow_gate.spec.ts:151:5)

[32m[Nest] 92692  - [39m22/06/2026, 6:27:08 pm [32m    LOG[39m [38;5;3m[ChatService] [39m[32mForwarding message to FastAPI AI service: http://localhost:8000/chat/message[39m
  console.error
    [ChatService.sendMessage] Warning - AI Service connection failed, using local fallback: [Error: Forced connection failure for testing]

    [0m [90m 598 |[39m       }[33m;[39m
     [90m 599 |[39m     } [36mcatch[39m (e) {
    [31m[1m>[22m[39m[90m 600 |[39m       console[33m.[39merror([32m'[ChatService.sendMessage] Warning - AI Service connection failed, using local fallback:'[39m[33m,[39m e)[33m;[39m
     [90m     |[39m               [31m[1m^[22m[39m
     [90m 601 |[39m       [36mthis[39m[33m.[39mlogger[33m.[39mwarn([32m`AI Service connection failed (${e.message}). Initializing local rule-based mock workflow engine.`[39m)[33m;[39m
     [90m 602 |[39m       [36mawait[39m [36mthis[39m[33m.[39mlogWorkflowTrace(sessionId[33m,[39m [32m'FALLBACK'[39m[33m,[39m [32m'WORKFLOW_FALLBACK_USED'[39m[33m,[39m state[33m.[39mworkflow[33m,[39m stepBefore[33m,[39m [33mString[39m(state[33m.[39mstep)[33m,[39m sanitizedMessage)[33m;[39m
     [90m 603 |[39m       [36mconst[39m localResult [33m=[39m [36mawait[39m [36mthis[39m[33m.[39mhandleLocalFallback(sanitizedMessage[33m,[39m sessionId[33m,[39m state)[33m;[39m[0m

      at ChatService.sendMessage (backend/src/chat/chat.service.ts:600:15)
      at Object.<anonymous> (tests/release/complaint_workflow_gate.spec.ts:151:5)

[33m[Nest] 92692  - [39m22/06/2026, 6:27:08 pm [33m   WARN[39m [38;5;3m[ChatService] [39m[33mAI Service connection failed (Forced connection failure for testing). Initializing local rule-based mock workflow engine.[39m

  ΓùÅ  Cannot log after tests are done. Did you forget to wait for something async in your test?
    Attempted to log "SHIM BEFORE: {"imei":"123456789012345","type":"Lost Mobile / 
Theft","year":"2023","brand":"Apple","color":"Black","model":"iPhone 14","location":"Hazratganj Crossing, 
Lucknow","imeiStatus":"PROVIDED","empathyShown":true}".

    [0m [90m 2444 |[39m     }[33m;[39m
     [90m 2445 |[39m
    [31m[1m>[22m[39m[90m 2446 |[39m     console[33m.[39mlog([32m'SHIM BEFORE:'[39m[33m,[39m 
[33mJSON[39m[33m.[39mstringify(session[33m.[39mdata))[33m;[39m
     [90m      |[39m             [31m[1m^[22m[39m
     [90m 2447 |[39m     [36mif[39m ([33m![39msession[33m.[39mdata[33m.[39mtype [33m&&[39m 
isKnownComplaintType(session[33m.[39mdata[33m.[39mlocation)) {
     [90m 2448 |[39m       session[33m.[39mdata[33m.[39mtype [33m=[39m 
session[33m.[39mdata[33m.[39mlocation[33m;[39m
     [90m 2449 |[39m       session[33m.[39mdata[33m.[39mlocation [33m=[39m [36mnull[39m[33m;[39m[0m

      at console.log (node_modules/@jest/console/build/index.js:311:10)
      at ChatService.runComplaintWorkflow (backend/src/chat/chat.service.ts:2446:13)
      at ChatService.handleLocalFallback (backend/src/chat/chat.service.ts:1505:26)
      at ChatService.sendMessage (backend/src/chat/chat.service.ts:603:27)
      at Object.<anonymous> (tests/release/complaint_workflow_gate.spec.ts:151:5)


  ΓùÅ  Cannot log after tests are done. Did you forget to wait for something async in your test?
    Attempted to log "[ChatService.sendMessage] Exit - Processed message via Fallback engine".

    [0m [90m 608 |[39m       [36mawait[39m [36mthis[39m[33m.[39mlogWorkflowTrace(sessionId[33m,[39m 
[32m'FALLBACK'[39m[33m,[39m [32m'STEP_TRANSITION'[39m[33m,[39m state[33m.[39mworkflow[33m,[39m 
stepBefore[33m,[39m [33mString[39m(state[33m.[39mstep)[33m,[39m sanitizedMessage)[33m;[39m
     [90m 609 |[39m       [36mawait[39m [36mthis[39m[33m.[39msaveSession(sessionId[33m,[39m state)[33m;[39m
    [31m[1m>[22m[39m[90m 610 |[39m       console[33m.[39mlog([32m'[ChatService.sendMessage] Exit - Processed 
message via Fallback engine'[39m)[33m;[39m
     [90m     |[39m               [31m[1m^[22m[39m
     [90m 611 |[39m       [36mreturn[39m { 
     [90m 612 |[39m         [33m...[39mlocalResult[33m,[39m 
     [90m 613 |[39m         avatar_state[33m:[39m localResult[33m.[39mavatar_state [33m||[39m 
[32m'TALKING'[39m[33m,[39m[0m

      at console.log (node_modules/@jest/console/build/index.js:311:10)
      at ChatService.sendMessage (backend/src/chat/chat.service.ts:610:15)
      at Object.<anonymous> (tests/release/complaint_workflow_gate.spec.ts:151:5)


  ΓùÅ  Cannot log after tests are done. Did you forget to wait for something async in your test?
    Attempted to log "[ChatService.sendMessage] Entry - message: lost my phone in Lucknow sessionId: 
sess-gate-decoupled-1782133013619".

    [0m [90m 441 |[39m     clientLanguage[33m?[39m[33m:[39m string[33m,[39m
     [90m 442 |[39m   )[33m:[39m [33mPromise[39m[33m<[39m{ response[33m:[39m string[33m;[39m 
suggestions[33m?[39m[33m:[39m string[][33m;[39m avatar_state[33m?[39m[33m:[39m string[33m;[39m 
_debug[33m?[39m[33m:[39m any }[33m>[39m {
    [31m[1m>[22m[39m[90m 443 |[39m     console[33m.[39mlog([32m'[ChatService.sendMessage] Entry - 
message:'[39m[33m,[39m message[33m,[39m [32m'sessionId:'[39m[33m,[39m sessionId)[33m;[39m
     [90m     |[39m             [31m[1m^[22m[39m
     [90m 444 |[39m     [36mthis[39m[33m.[39manalyticsService[33m.[39mtrackHelpRequest()[33m;[39m
     [90m 445 |[39m     
     [90m 446 |[39m     [90m// Sanitize incoming message input to prevent Stored XSS[39m[0m

      at console.log (node_modules/@jest/console/build/index.js:311:10)
      at ChatService.sendMessage (backend/src/chat/chat.service.ts:443:13)
      at Object.<anonymous> (tests/release/complaint_workflow_gate.spec.ts:153:41)


  ΓùÅ  Cannot log after tests are done. Did you forget to wait for something async in your test?
    Attempted to log "SEND_MESSAGE STATE: {"data":{"imei":"123456789012345","time":"01/01/2026","type":"Lost Mobile / 
Theft","year":"2023","brand":"Apple","color":"Black","model":"iPhone 14","location":"Hazratganj Crossing, Lucknow","ime
iStatus":"PROVIDED","empathyShown":true},"step":"5","citizen":{"id":"cmqp7zkfs0010u9isa3ufxr6t","city":"Meerut","email"
:"","state":"Uttar Pradesh","pincode":"","district":"Meerut","fullName":"Manoj 
Tiwari","latitude":null,"longitude":null,"isConfirmed":true,"addressLine1":"Sadar Bazar, Meerut","addressLine2":"","mob
ileNumber":"9640810487"},"language":"en","workflow":"complaint","serviceType":null,"pendingIntent":"","applicationData"
:{},"pendingWorkflow":"complaint","referenceNumber":"","languageSelected":true,"pendingScenarioId":"","pendingWorkflowI
d":"complaint","preOnboardingMobile":"9640810487","currentWorkflowState":"START","pendingWorkflowState":"START","preOnb
oardingCompleted":true}".

    [0m [90m 450 |[39m     [90m// Load session state[39m
     [90m 451 |[39m     [36mconst[39m state [33m=[39m [36mawait[39m 
[36mthis[39m[33m.[39mgetOrCreateSession(sessionId)[33m;[39m
    [31m[1m>[22m[39m[90m 452 |[39m     console[33m.[39mlog([32m'SEND_MESSAGE STATE:'[39m[33m,[39m 
[33mJSON[39m[33m.[39mstringify(state))[33m;[39m
     [90m     |[39m             [31m[1m^[22m[39m
     [90m 453 |[39m     [36mconst[39m stepBefore [33m=[39m [33mString[39m(state[33m.[39mstep)[33m;[39m
     [90m 454 |[39m
     [90m 455 |[39m     [90m// Synchronize language from client request if passed[39m[0m

      at console.log (node_modules/@jest/console/build/index.js:311:10)
      at ChatService.sendMessage (backend/src/chat/chat.service.ts:452:13)
      at Object.<anonymous> (tests/release/complaint_workflow_gate.spec.ts:153:23)

[32m[Nest] 92692  - [39m22/06/2026, 6:27:09 pm [32m    LOG[39m [38;5;3m[ChatService] [39m[32mForwarding message to FastAPI AI service: http://localhost:8000/chat/message[39m
  console.error
    [ChatService.sendMessage] Warning - AI Service connection failed, using local fallback: [Error: Forced connection failure for testing]

    [0m [90m 598 |[39m       }[33m;[39m
     [90m 599 |[39m     } [36mcatch[39m (e) {
    [31m[1m>[22m[39m[90m 600 |[39m       console[33m.[39merror([32m'[ChatService.sendMessage] Warning - AI Service connection failed, using local fallback:'[39m[33m,[39m e)[33m;[39m
     [90m     |[39m               [31m[1m^[22m[39m
     [90m 601 |[39m       [36mthis[39m[33m.[39mlogger[33m.[39mwarn([32m`AI Service connection failed (${e.message}). Initializing local rule-based mock workflow engine.`[39m)[33m;[39m
     [90m 602 |[39m       [36mawait[39m [36mthis[39m[33m.[39mlogWorkflowTrace(sessionId[33m,[39m [32m'FALLBACK'[39m[33m,[39m [32m'WORKFLOW_FALLBACK_USED'[39m[33m,[39m state[33m.[39mworkflow[33m,[39m stepBefore[33m,[39m [33mString[39m(state[33m.[39mstep)[33m,[39m sanitizedMessage)[33m;[39m
     [90m 603 |[39m       [36mconst[39m localResult [33m=[39m [36mawait[39m [36mthis[39m[33m.[39mhandleLocalFallback(sanitizedMessage[33m,[39m sessionId[33m,[39m state)[33m;[39m[0m

      at ChatService.sendMessage (backend/src/chat/chat.service.ts:600:15)
      at Object.<anonymous> (tests/release/complaint_workflow_gate.spec.ts:153:23)

[33m[Nest] 92692  - [39m22/06/2026, 6:27:09 pm [33m   WARN[39m [38;5;3m[ChatService] [39m[33mAI Service connection failed (Forced connection failure for testing). Initializing local rule-based mock workflow engine.[39m

  ΓùÅ  Cannot log after tests are done. Did you forget to wait for something async in your test?
    Attempted to log "SHIM BEFORE: {"imei":"123456789012345","time":"01/01/2026","type":"Lost Mobile / 
Theft","year":"2023","brand":"Apple","color":"Black","model":"iPhone 14","location":"Hazratganj Crossing, 
Lucknow","imeiStatus":"PROVIDED","empathyShown":true}".

    [0m [90m 2444 |[39m     }[33m;[39m
     [90m 2445 |[39m
    [31m[1m>[22m[39m[90m 2446 |[39m     console[33m.[39mlog([32m'SHIM BEFORE:'[39m[33m,[39m 
[33mJSON[39m[33m.[39mstringify(session[33m.[39mdata))[33m;[39m
     [90m      |[39m             [31m[1m^[22m[39m
     [90m 2447 |[39m     [36mif[39m ([33m![39msession[33m.[39mdata[33m.[39mtype [33m&&[39m 
isKnownComplaintType(session[33m.[39mdata[33m.[39mlocation)) {
     [90m 2448 |[39m       session[33m.[39mdata[33m.[39mtype [33m=[39m 
session[33m.[39mdata[33m.[39mlocation[33m;[39m
     [90m 2449 |[39m       session[33m.[39mdata[33m.[39mlocation [33m=[39m [36mnull[39m[33m;[39m[0m

      at console.log (node_modules/@jest/console/build/index.js:311:10)
      at ChatService.runComplaintWorkflow (backend/src/chat/chat.service.ts:2446:13)
      at ChatService.handleLocalFallback (backend/src/chat/chat.service.ts:1505:26)
      at ChatService.sendMessage (backend/src/chat/chat.service.ts:603:27)
      at Object.<anonymous> (tests/release/complaint_workflow_gate.spec.ts:153:23)


  ΓùÅ  Cannot log after tests are done. Did you forget to wait for something async in your test?
    Attempted to log "[ChatService.sendMessage] Exit - Processed message via Fallback engine".

    [0m [90m 608 |[39m       [36mawait[39m [36mthis[39m[33m.[39mlogWorkflowTrace(sessionId[33m,[39m 
[32m'FALLBACK'[39m[33m,[39m [32m'STEP_TRANSITION'[39m[33m,[39m state[33m.[39mworkflow[33m,[39m 
stepBefore[33m,[39m [33mString[39m(state[33m.[39mstep)[33m,[39m sanitizedMessage)[33m;[39m
     [90m 609 |[39m       [36mawait[39m [36mthis[39m[33m.[39msaveSession(sessionId[33m,[39m state)[33m;[39m
    [31m[1m>[22m[39m[90m 610 |[39m       console[33m.[39mlog([32m'[ChatService.sendMessage] Exit - Processed 
message via Fallback engine'[39m)[33m;[39m
     [90m     |[39m               [31m[1m^[22m[39m
     [90m 611 |[39m       [36mreturn[39m { 
     [90m 612 |[39m         [33m...[39mlocalResult[33m,[39m 
     [90m 613 |[39m         avatar_state[33m:[39m localResult[33m.[39mavatar_state [33m||[39m 
[32m'TALKING'[39m[33m,[39m[0m

      at console.log (node_modules/@jest/console/build/index.js:311:10)
      at ChatService.sendMessage (backend/src/chat/chat.service.ts:610:15)
      at Object.<anonymous> (tests/release/complaint_workflow_gate.spec.ts:153:23)


  ΓùÅ  Cannot log after tests are done. Did you forget to wait for something async in your test?
    Attempted to log "[ChatService.sendMessage] Entry - message: Submit Application sessionId: 
sess-gate-decoupled-1782133013619".

    [0m [90m 441 |[39m     clientLanguage[33m?[39m[33m:[39m string[33m,[39m
     [90m 442 |[39m   )[33m:[39m [33mPromise[39m[33m<[39m{ response[33m:[39m string[33m;[39m 
suggestions[33m?[39m[33m:[39m string[][33m;[39m avatar_state[33m?[39m[33m:[39m string[33m;[39m 
_debug[33m?[39m[33m:[39m any }[33m>[39m {
    [31m[1m>[22m[39m[90m 443 |[39m     console[33m.[39mlog([32m'[ChatService.sendMessage] Entry - 
message:'[39m[33m,[39m message[33m,[39m [32m'sessionId:'[39m[33m,[39m sessionId)[33m;[39m
     [90m     |[39m             [31m[1m^[22m[39m
     [90m 444 |[39m     [36mthis[39m[33m.[39manalyticsService[33m.[39mtrackHelpRequest()[33m;[39m
     [90m 445 |[39m     
     [90m 446 |[39m     [90m// Sanitize incoming message input to prevent Stored XSS[39m[0m

      at console.log (node_modules/@jest/console/build/index.js:311:10)
      at ChatService.sendMessage (backend/src/chat/chat.service.ts:443:13)
      at Object.<anonymous> (tests/release/complaint_workflow_gate.spec.ts:157:40)


  ΓùÅ  Cannot log after tests are done. Did you forget to wait for something async in your test?
    Attempted to log "SEND_MESSAGE STATE: {"data":{"imei":"123456789012345","time":"01/01/2026","type":"Lost Mobile / 
Theft","year":"2023","brand":"Apple","color":"Black","model":"iPhone 14","location":"Hazratganj Crossing, 
Lucknow","imeiStatus":"PROVIDED","description":"lost my phone in Lucknow","empathyShown":true},"step":"REVIEW","citizen
":{"id":"cmqp7zkfs0010u9isa3ufxr6t","city":"Meerut","email":"","state":"Uttar 
Pradesh","pincode":"","district":"Meerut","fullName":"Manoj 
Tiwari","latitude":null,"longitude":null,"isConfirmed":true,"addressLine1":"Sadar Bazar, Meerut","addressLine2":"","mob
ileNumber":"9640810487"},"language":"en","workflow":"complaint","serviceType":null,"pendingIntent":"","applicationData"
:{},"pendingWorkflow":"complaint","referenceNumber":"","languageSelected":true,"pendingScenarioId":"","pendingWorkflowI
d":"complaint","preOnboardingMobile":"9640810487","currentWorkflowState":"START","pendingWorkflowState":"START","preOnb
oardingCompleted":true}".

    [0m [90m 450 |[39m     [90m// Load session state[39m
     [90m 451 |[39m     [36mconst[39m state [33m=[39m [36mawait[39m 
[36mthis[39m[33m.[39mgetOrCreateSession(sessionId)[33m;[39m
    [31m[1m>[22m[39m[90m 452 |[39m     console[33m.[39mlog([32m'SEND_MESSAGE STATE:'[39m[33m,[39m 
[33mJSON[39m[33m.[39mstringify(state))[33m;[39m
     [90m     |[39m             [31m[1m^[22m[39m
     [90m 453 |[39m     [36mconst[39m stepBefore [33m=[39m [33mString[39m(state[33m.[39mstep)[33m;[39m
     [90m 454 |[39m
     [90m 455 |[39m     [90m// Synchronize language from client request if passed[39m[0m

      at console.log (node_modules/@jest/console/build/index.js:311:10)
      at ChatService.sendMessage (backend/src/chat/chat.service.ts:452:13)
      at Object.<anonymous> (tests/release/complaint_workflow_gate.spec.ts:157:22)

[32m[Nest] 92692  - [39m22/06/2026, 6:27:09 pm [32m    LOG[39m [38;5;3m[ChatService] [39m[32mForwarding message to FastAPI AI service: http://localhost:8000/chat/message[39m
  console.error
    [ChatService.sendMessage] Warning - AI Service connection failed, using local fallback: [Error: Forced connection failure for testing]

    [0m [90m 598 |[39m       }[33m;[39m
     [90m 599 |[39m     } [36mcatch[39m (e) {
    [31m[1m>[22m[39m[90m 600 |[39m       console[33m.[39merror([32m'[ChatService.sendMessage] Warning - AI Service connection failed, using local fallback:'[39m[33m,[39m e)[33m;[39m
     [90m     |[39m               [31m[1m^[22m[39m
     [90m 601 |[39m       [36mthis[39m[33m.[39mlogger[33m.[39mwarn([32m`AI Service connection failed (${e.message}). Initializing local rule-based mock workflow engine.`[39m)[33m;[39m
     [90m 602 |[39m       [36mawait[39m [36mthis[39m[33m.[39mlogWorkflowTrace(sessionId[33m,[39m [32m'FALLBACK'[39m[33m,[39m [32m'WORKFLOW_FALLBACK_USED'[39m[33m,[39m state[33m.[39mworkflow[33m,[39m stepBefore[33m,[39m [33mString[39m(state[33m.[39mstep)[33m,[39m sanitizedMessage)[33m;[39m
     [90m 603 |[39m       [36mconst[39m localResult [33m=[39m [36mawait[39m [36mthis[39m[33m.[39mhandleLocalFallback(sanitizedMessage[33m,[39m sessionId[33m,[39m state)[33m;[39m[0m

      at ChatService.sendMessage (backend/src/chat/chat.service.ts:600:15)
      at Object.<anonymous> (tests/release/complaint_workflow_gate.spec.ts:157:22)

[33m[Nest] 92692  - [39m22/06/2026, 6:27:09 pm [33m   WARN[39m [38;5;3m[ChatService] [39m[33mAI Service connection failed (Forced connection failure for testing). Initializing local rule-based mock workflow engine.[39m

  ΓùÅ  Cannot log after tests are done. Did you forget to wait for something async in your test?
    Attempted to log "SHIM BEFORE: {"imei":"123456789012345","time":"01/01/2026","type":"Lost Mobile / 
Theft","year":"2023","brand":"Apple","color":"Black","model":"iPhone 14","location":"Hazratganj Crossing, 
Lucknow","imeiStatus":"PROVIDED","description":"lost my phone in Lucknow","empathyShown":true}".

    [0m [90m 2444 |[39m     }[33m;[39m
     [90m 2445 |[39m
    [31m[1m>[22m[39m[90m 2446 |[39m     console[33m.[39mlog([32m'SHIM BEFORE:'[39m[33m,[39m 
[33mJSON[39m[33m.[39mstringify(session[33m.[39mdata))[33m;[39m
     [90m      |[39m             [31m[1m^[22m[39m
     [90m 2447 |[39m     [36mif[39m ([33m![39msession[33m.[39mdata[33m.[39mtype [33m&&[39m 
isKnownComplaintType(session[33m.[39mdata[33m.[39mlocation)) {
     [90m 2448 |[39m       session[33m.[39mdata[33m.[39mtype [33m=[39m 
session[33m.[39mdata[33m.[39mlocation[33m;[39m
     [90m 2449 |[39m       session[33m.[39mdata[33m.[39mlocation [33m=[39m [36mnull[39m[33m;[39m[0m

      at console.log (node_modules/@jest/console/build/index.js:311:10)
      at ChatService.runComplaintWorkflow (backend/src/chat/chat.service.ts:2446:13)
      at ChatService.handleLocalFallback (backend/src/chat/chat.service.ts:1505:26)
      at ChatService.sendMessage (backend/src/chat/chat.service.ts:603:27)
      at Object.<anonymous> (tests/release/complaint_workflow_gate.spec.ts:157:22)


  ΓùÅ  Cannot log after tests are done. Did you forget to wait for something async in your test?
    Attempted to log "[ChatService.sendMessage] Exit - Processed message via Fallback engine".

    [0m [90m 608 |[39m       [36mawait[39m [36mthis[39m[33m.[39mlogWorkflowTrace(sessionId[33m,[39m 
[32m'FALLBACK'[39m[33m,[39m [32m'STEP_TRANSITION'[39m[33m,[39m state[33m.[39mworkflow[33m,[39m 
stepBefore[33m,[39m [33mString[39m(state[33m.[39mstep)[33m,[39m sanitizedMessage)[33m;[39m
     [90m 609 |[39m       [36mawait[39m [36mthis[39m[33m.[39msaveSession(sessionId[33m,[39m state)[33m;[39m
    [31m[1m>[22m[39m[90m 610 |[39m       console[33m.[39mlog([32m'[ChatService.sendMessage] Exit - Processed 
message via Fallback engine'[39m)[33m;[39m
     [90m     |[39m               [31m[1m^[22m[39m
     [90m 611 |[39m       [36mreturn[39m { 
     [90m 612 |[39m         [33m...[39mlocalResult[33m,[39m 
     [90m 613 |[39m         avatar_state[33m:[39m localResult[33m.[39mavatar_state [33m||[39m 
[32m'TALKING'[39m[33m,[39m[0m

      at console.log (node_modules/@jest/console/build/index.js:311:10)
      at ChatService.sendMessage (backend/src/chat/chat.service.ts:610:15)
      at Object.<anonymous> (tests/release/complaint_workflow_gate.spec.ts:157:22)

